Archive member included to satisfy reference by file (symbol)

C:/ST/STM32CubeIDE_1.16.0/STM32CubeIDE/plugins/com.st.stm32cube.ide.mcu.externaltools.gnu-tools-for-stm32.12.3.rel1.win32_1.0.200.202406191623/tools/bin/../lib/gcc/arm-none-eabi/12.3.1/../../../../arm-none-eabi/lib/thumb/v6-m/nofp\libc_nano.a(libc_a-exit.o)
                              C:/ST/STM32CubeIDE_1.16.0/STM32CubeIDE/plugins/com.st.stm32cube.ide.mcu.externaltools.gnu-tools-for-stm32.12.3.rel1.win32_1.0.200.202406191623/tools/bin/../lib/gcc/arm-none-eabi/12.3.1/../../../../arm-none-eabi/lib/thumb/v6-m/nofp/crt0.o (exit)
C:/ST/STM32CubeIDE_1.16.0/STM32CubeIDE/plugins/com.st.stm32cube.ide.mcu.externaltools.gnu-tools-for-stm32.12.3.rel1.win32_1.0.200.202406191623/tools/bin/../lib/gcc/arm-none-eabi/12.3.1/../../../../arm-none-eabi/lib/thumb/v6-m/nofp\libc_nano.a(libc_a-findfp.o)
                              C:/ST/STM32CubeIDE_1.16.0/STM32CubeIDE/plugins/com.st.stm32cube.ide.mcu.externaltools.gnu-tools-for-stm32.12.3.rel1.win32_1.0.200.202406191623/tools/bin/../lib/gcc/arm-none-eabi/12.3.1/../../../../arm-none-eabi/lib/thumb/v6-m/nofp\libc_nano.a(libc_a-exit.o) (__stdio_exit_handler)
C:/ST/STM32CubeIDE_1.16.0/STM32CubeIDE/plugins/com.st.stm32cube.ide.mcu.externaltools.gnu-tools-for-stm32.12.3.rel1.win32_1.0.200.202406191623/tools/bin/../lib/gcc/arm-none-eabi/12.3.1/../../../../arm-none-eabi/lib/thumb/v6-m/nofp\libc_nano.a(libc_a-fwalk.o)
                              C:/ST/STM32CubeIDE_1.16.0/STM32CubeIDE/plugins/com.st.stm32cube.ide.mcu.externaltools.gnu-tools-for-stm32.12.3.rel1.win32_1.0.200.202406191623/tools/bin/../lib/gcc/arm-none-eabi/12.3.1/../../../../arm-none-eabi/lib/thumb/v6-m/nofp\libc_nano.a(libc_a-findfp.o) (_fwalk_sglue)
C:/ST/STM32CubeIDE_1.16.0/STM32CubeIDE/plugins/com.st.stm32cube.ide.mcu.externaltools.gnu-tools-for-stm32.12.3.rel1.win32_1.0.200.202406191623/tools/bin/../lib/gcc/arm-none-eabi/12.3.1/../../../../arm-none-eabi/lib/thumb/v6-m/nofp\libc_nano.a(libc_a-stdio.o)
                              C:/ST/STM32CubeIDE_1.16.0/STM32CubeIDE/plugins/com.st.stm32cube.ide.mcu.externaltools.gnu-tools-for-stm32.12.3.rel1.win32_1.0.200.202406191623/tools/bin/../lib/gcc/arm-none-eabi/12.3.1/../../../../arm-none-eabi/lib/thumb/v6-m/nofp\libc_nano.a(libc_a-findfp.o) (__sread)
C:/ST/STM32CubeIDE_1.16.0/STM32CubeIDE/plugins/com.st.stm32cube.ide.mcu.externaltools.gnu-tools-for-stm32.12.3.rel1.win32_1.0.200.202406191623/tools/bin/../lib/gcc/arm-none-eabi/12.3.1/../../../../arm-none-eabi/lib/thumb/v6-m/nofp\libc_nano.a(libc_a-memset.o)
                              C:/ST/STM32CubeIDE_1.16.0/STM32CubeIDE/plugins/com.st.stm32cube.ide.mcu.externaltools.gnu-tools-for-stm32.12.3.rel1.win32_1.0.200.202406191623/tools/bin/../lib/gcc/arm-none-eabi/12.3.1/../../../../arm-none-eabi/lib/thumb/v6-m/nofp/crt0.o (memset)
C:/ST/STM32CubeIDE_1.16.0/STM32CubeIDE/plugins/com.st.stm32cube.ide.mcu.externaltools.gnu-tools-for-stm32.12.3.rel1.win32_1.0.200.202406191623/tools/bin/../lib/gcc/arm-none-eabi/12.3.1/../../../../arm-none-eabi/lib/thumb/v6-m/nofp\libc_nano.a(libc_a-closer.o)
                              C:/ST/STM32CubeIDE_1.16.0/STM32CubeIDE/plugins/com.st.stm32cube.ide.mcu.externaltools.gnu-tools-for-stm32.12.3.rel1.win32_1.0.200.202406191623/tools/bin/../lib/gcc/arm-none-eabi/12.3.1/../../../../arm-none-eabi/lib/thumb/v6-m/nofp\libc_nano.a(libc_a-stdio.o) (_close_r)
C:/ST/STM32CubeIDE_1.16.0/STM32CubeIDE/plugins/com.st.stm32cube.ide.mcu.externaltools.gnu-tools-for-stm32.12.3.rel1.win32_1.0.200.202406191623/tools/bin/../lib/gcc/arm-none-eabi/12.3.1/../../../../arm-none-eabi/lib/thumb/v6-m/nofp\libc_nano.a(libc_a-reent.o)
                              C:/ST/STM32CubeIDE_1.16.0/STM32CubeIDE/plugins/com.st.stm32cube.ide.mcu.externaltools.gnu-tools-for-stm32.12.3.rel1.win32_1.0.200.202406191623/tools/bin/../lib/gcc/arm-none-eabi/12.3.1/../../../../arm-none-eabi/lib/thumb/v6-m/nofp\libc_nano.a(libc_a-closer.o) (errno)
C:/ST/STM32CubeIDE_1.16.0/STM32CubeIDE/plugins/com.st.stm32cube.ide.mcu.externaltools.gnu-tools-for-stm32.12.3.rel1.win32_1.0.200.202406191623/tools/bin/../lib/gcc/arm-none-eabi/12.3.1/../../../../arm-none-eabi/lib/thumb/v6-m/nofp\libc_nano.a(libc_a-impure.o)
                              C:/ST/STM32CubeIDE_1.16.0/STM32CubeIDE/plugins/com.st.stm32cube.ide.mcu.externaltools.gnu-tools-for-stm32.12.3.rel1.win32_1.0.200.202406191623/tools/bin/../lib/gcc/arm-none-eabi/12.3.1/../../../../arm-none-eabi/lib/thumb/v6-m/nofp\libc_nano.a(libc_a-reent.o) (_impure_ptr)
C:/ST/STM32CubeIDE_1.16.0/STM32CubeIDE/plugins/com.st.stm32cube.ide.mcu.externaltools.gnu-tools-for-stm32.12.3.rel1.win32_1.0.200.202406191623/tools/bin/../lib/gcc/arm-none-eabi/12.3.1/../../../../arm-none-eabi/lib/thumb/v6-m/nofp\libc_nano.a(libc_a-lseekr.o)
[...]
Memory Configuration

Name             Origin             Length             Attributes
RAM              0x20000000         0x00002000         xrw
FLASH            0x08000000         0x00008000         xr
*default*        0x00000000         0xffffffff

Linker script and memory map

LOAD C:/ST/STM32CubeIDE_1.16.0/STM32CubeIDE/plugins/com.st.stm32cube.ide.mcu.externaltools.gnu-tools-for-stm32.12.3.rel1.win32_1.0.200.202406191623/tools/bin/../lib/gcc/arm-none-eabi/12.3.1/thumb/v6-m/nofp/crti.o
LOAD C:/ST/STM32CubeIDE_1.16.0/STM32CubeIDE/plugins/com.st.stm32cube.ide.mcu.externaltools.gnu-tools-for-stm32.12.3.rel1.win32_1.0.200.202406191623/tools/bin/../lib/gcc/arm-none-eabi/12.3.1/thumb/v6-m/nofp/crtbegin.o
LOAD C:/ST/STM32CubeIDE_1.16.0/STM32CubeIDE/plugins/com.st.stm32cube.ide.mcu.externaltools.gnu-tools-for-stm32.12.3.rel1.win32_1.0.200.202406191623/tools/bin/../lib/gcc/arm-none-eabi/12.3.1/../../../../arm-none-eabi/lib/thumb/v6-m/nofp/crt0.o
LOAD ./Core/Src/adc.o
LOAD ./Core/Src/dma.o
LOAD ./Core/Src/gpio.o
LOAD ./Core/Src/initialtask.o
LOAD ./Core/Src/iwdg.o
LOAD ./Core/Src/main.o
LOAD ./Core/Src/stm32g0xx_hal_msp.o
LOAD ./Core/Src/stm32g0xx_it.o
LOAD ./Core/Src/syscalls.o
LOAD ./Core/Src/sysmem.o
LOAD ./Core/Src/system_stm32g0xx.o
LOAD ./Core/Src/tim.o
LOAD ./Core/Src/usart.o
LOAD ./Core/Startup/startup_stm32g030c6tx.o
LOAD ./DMC/Auxilaries/Display.o
LOAD ./DMC/Auxilaries/SWS.o
LOAD ./DMC/Auxilaries/pedalAssist.o
LOAD ./DMC/ControlLoop/controlLoop.o
LOAD ./DMC/Cruise_control/cruiseControl.o
LOAD ./DMC/DrivingHandler/drivinghandler.o
LOAD ./DMC/MeasurementHandler/measurement.o
LOAD ./DMC/ProtectionHandler/Protection.o
LOAD ./DMC/StateMachine/statemachine.o
LOAD ./DMC/Taskhandler/taskhandler.o
LOAD ./DMC/commutation/SVM.o
LOAD ./DMC/commutation/motor.o
LOAD ./DMC/initialconfig.o
LOAD ./Drivers/STM32G0xx_HAL_Driver/Src/stm32g0xx_hal.o
LOAD ./Drivers/STM32G0xx_HAL_Driver/Src/stm32g0xx_hal_adc.o
LOAD ./Drivers/STM32G0xx_HAL_Driver/Src/stm32g0xx_hal_adc_ex.o
LOAD ./Drivers/STM32G0xx_HAL_Driver/Src/stm32g0xx_hal_cortex.o
LOAD ./Drivers/STM32G0xx_HAL_Driver/Src/stm32g0xx_hal_dma.o
LOAD ./Drivers/STM32G0xx_HAL_Driver/Src/stm32g0xx_hal_dma_ex.o
LOAD ./Drivers/STM32G0xx_HAL_Driver/Src/stm32g0xx_hal_exti.o
LOAD ./Drivers/STM32G0xx_HAL_Driver/Src/stm32g0xx_hal_flash.o
LOAD ./Drivers/STM32G0xx_HAL_Driver/Src/stm32g0xx_hal_flash_ex.o
LOAD ./Drivers/STM32G0xx_HAL_Driver/Src/stm32g0xx_hal_gpio.o
LOAD ./Drivers/STM32G0xx_HAL_Driver/Src/stm32g0xx_hal_iwdg.o
LOAD ./Drivers/STM32G0xx_HAL_Driver/Src/stm32g0xx_hal_pwr.o
LOAD ./Drivers/STM32G0xx_HAL_Driver/Src/stm32g0xx_hal_pwr_ex.o
LOAD ./Drivers/STM32G0xx_HAL_Driver/Src/stm32g0xx_hal_rcc.o
LOAD ./Drivers/STM32G0xx_HAL_Driver/Src/stm32g0xx_hal_rcc_ex.o
LOAD ./Drivers/STM32G0xx_HAL_Driver/Src/stm32g0xx_hal_tim.o
LOAD ./Drivers/STM32G0xx_HAL_Driver/Src/stm32g0xx_hal_tim_ex.o
LOAD ./Drivers/STM32G0xx_HAL_Driver/Src/stm32g0xx_hal_uart.o
LOAD ./Drivers/STM32G0xx_HAL_Driver/Src/stm32g0xx_hal_uart_ex.o
LOAD ./Drivers/STM32G0xx_HAL_Driver/Src/stm32g0xx_ll_adc.o
LOAD ./Drivers/STM32G0xx_HAL_Driver/Src/stm32g0xx_ll_dma.o
LOAD ./Drivers/STM32G0xx_HAL_Driver/Src/stm32g0xx_ll_exti.o
LOAD ./Drivers/STM32G0xx_HAL_Driver/Src/stm32g0xx_ll_gpio.o
LOAD ./Drivers/STM32G0xx_HAL_Driver/Src/stm32g0xx_ll_rcc.o
LOAD ./Drivers/STM32G0xx_HAL_Driver/Src/stm32g0xx_ll_tim.o
LOAD ./Drivers/STM32G0xx_HAL_Driver/Src/stm32g0xx_ll_utils.o
START GROUP
LOAD C:/ST/STM32CubeIDE_1.16.0/STM32CubeIDE/plugins/com.st.stm32cube.ide.mcu.externaltools.gnu-tools-for-stm32.12.3.rel1.win32_1.0.200.202406191623/tools/bin/../lib/gcc/arm-none-eabi/12.3.1/../../../../arm-none-eabi/lib/thumb/v6-m/nofp\libc_nano.a
LOAD C:/ST/STM32CubeIDE_1.16.0/STM32CubeIDE/plugins/com.st.stm32cube.ide.mcu.externaltools.gnu-tools-for-stm32.12.3.rel1.win32_1.0.200.202406191623/tools/bin/../lib/gcc/arm-none-eabi/12.3.1/../../../../arm-none-eabi/lib/thumb/v6-m/nofp\libm.a
END GROUP
START GROUP
LOAD C:/ST/STM32CubeIDE_1.16.0/STM32CubeIDE/plugins/com.st.stm32cube.ide.mcu.externaltools.gnu-tools-for-stm32.12.3.rel1.win32_1.0.200.202406191623/tools/bin/../lib/gcc/arm-none-eabi/12.3.1/thumb/v6-m/nofp\libgcc.a
LOAD C:/ST/STM32CubeIDE_1.16.0/STM32CubeIDE/plugins/com.st.stm32cube.ide.mcu.externaltools.gnu-tools-for-stm32.12.3.rel1.win32_1.0.200.202406191623/tools/bin/../lib/gcc/arm-none-eabi/12.3.1/../../../../arm-none-eabi/lib/thumb/v6-m/nofp\libc_nano.a
END GROUP
START GROUP
LOAD C:/ST/STM32CubeIDE_1.16.0/STM32CubeIDE/plugins/com.st.stm32cube.ide.mcu.externaltools.gnu-tools-for-stm32.12.3.rel1.win32_1.0.200.202406191623/tools/bin/../lib/gcc/arm-none-eabi/12.3.1/thumb/v6-m/nofp\libgcc.a
LOAD C:/ST/STM32CubeIDE_1.16.0/STM32CubeIDE/plugins/com.st.stm32cube.ide.mcu.externaltools.gnu-tools-for-stm32.12.3.rel1.win32_1.0.200.202406191623/tools/bin/../lib/gcc/arm-none-eabi/12.3.1/../../../../arm-none-eabi/lib/thumb/v6-m/nofp\libc_nano.a
LOAD C:/ST/STM32CubeIDE_1.16.0/STM32CubeIDE/plugins/com.st.stm32cube.ide.mcu.externaltools.gnu-tools-for-stm32.12.3.rel1.win32_1.0.200.202406191623/tools/bin/../lib/gcc/arm-none-eabi/12.3.1/../../../../arm-none-eabi/lib/thumb/v6-m/nofp\libnosys.a
END GROUP
START GROUP
LOAD C:/ST/STM32CubeIDE_1.16.0/STM32CubeIDE/plugins/com.st.stm32cube.ide.mcu.externaltools.gnu-tools-for-stm32.12.3.rel1.win32_1.0.200.202406191623/tools/bin/../lib/gcc/arm-none-eabi/12.3.1/thumb/v6-m/nofp\libgcc.a
LOAD C:/ST/STM32CubeIDE_1.16.0/STM32CubeIDE/plugins/com.st.stm32cube.ide.mcu.externaltools.gnu-tools-for-stm32.12.3.rel1.win32_1.0.200.202406191623/tools/bin/../lib/gcc/arm-none-eabi/12.3.1/../../../../arm-none-eabi/lib/thumb/v6-m/nofp\libc_nano.a
LOAD C:/ST/STM32CubeIDE_1.16.0/STM32CubeIDE/plugins/com.st.stm32cube.ide.mcu.externaltools.gnu-tools-for-stm32.12.3.rel1.win32_1.0.200.202406191623/tools/bin/../lib/gcc/arm-none-eabi/12.3.1/../../../../arm-none-eabi/lib/thumb/v6-m/nofp\libnosys.a
END GROUP
LOAD C:/ST/STM32CubeIDE_1.16.0/STM32CubeIDE/plugins/com.st.stm32cube.ide.mcu.externaltools.gnu-tools-for-stm32.12.3.rel1.win32_1.0.200.202406191623/tools/bin/../lib/gcc/arm-none-eabi/12.3.1/thumb/v6-m/nofp/crtend.o
LOAD C:/ST/STM32CubeIDE_1.16.0/STM32CubeIDE/plugins/com.st.stm32cube.ide.mcu.externaltools.gnu-tools-for-stm32.12.3.rel1.win32_1.0.200.202406191623/tools/bin/../lib/gcc/arm-none-eabi/12.3.1/thumb/v6-m/nofp/crtn.o
                0x20002000                        _estack = (ORIGIN (RAM) + LENGTH (RAM))
                0x00000200                        _Min_Heap_Size = 0x200
                0x00000400                        _Min_Stack_Size = 0x400

.isr_vector     0x08000000       0xb8
                0x08000000                        . = ALIGN (0x4)
 *(.isr_vector)
 .isr_vector    0x08000000       0xb8 ./Core/Startup/startup_stm32g030c6tx.o
                0x08000000                g_pfnVectors
                0x080000b8                        . = ALIGN (0x4)

.text           0x080000b8     0x64e4
                0x080000b8                        . = ALIGN (0x4)
 *(.text)
 .text          0x080000b8       0x48 C:/ST/STM32CubeIDE_1.16.0/STM32CubeIDE/plugins/com.st.stm32cube.ide.mcu.externaltools.gnu-tools-for-stm32.12.3.rel1.win32_1.0.200.202406191623/tools/bin/../lib/gcc/arm-none-eabi/12.3.1/thumb/v6-m/nofp/crtbegin.o
 .text          0x08000100      0x114 C:/ST/STM32CubeIDE_1.16.0/STM32CubeIDE/plugins/com.st.stm32cube.ide.mcu.externaltools.gnu-tools-for-stm32.12.3.rel1.win32_1.0.200.202406191623/tools/bin/../lib/gcc/arm-none-eabi/12.3.1/thumb/v6-m/nofp\libgcc.a(_udivsi3.o)
                0x08000100                __aeabi_uidiv
                0x08000100                __udivsi3
                0x0800020c                __aeabi_uidivmod
 .text          0x08000214      0x1d4 C:/ST/STM32CubeIDE_1.16.0/STM32CubeIDE/plugins/com.st.stm32cube.ide.mcu.externaltools.gnu-tools-for-stm32.12.3.rel1.win32_1.0.200.202406191623/tools/bin/../lib/gcc/arm-none-eabi/12.3.1/thumb/v6-m/nofp\libgcc.a(_divsi3.o)
                0x08000214                __divsi3
                0x08000214                __aeabi_idiv
                0x080003e0                __aeabi_idivmod
 .text          0x080003e8        0x4 C:/ST/STM32CubeIDE_1.16.0/STM32CubeIDE/plugins/com.st.stm32cube.ide.mcu.externaltools.gnu-tools-for-stm32.12.3.rel1.win32_1.0.200.202406191623/tools/bin/../lib/gcc/arm-none-eabi/12.3.1/thumb/v6-m/nofp\libgcc.a(_dvmd_tls.o)
                0x080003e8                __aeabi_idiv0
                0x080003e8                __aeabi_ldiv0
 .text          0x080003ec       0x74 C:/ST/STM32CubeIDE_1.16.0/STM32CubeIDE/plugins/com.st.stm32cube.ide.mcu.externaltools.gnu-tools-for-stm32.12.3.rel1.win32_1.0.200.202406191623/tools/bin/../lib/gcc/arm-none-eabi/12.3.1/thumb/v6-m/nofp\libgcc.a(_arm_cmpsf2.o)
                0x080003ec                __aeabi_cfrcmple
                0x080003f4                __aeabi_cfcmpeq
                0x080003f4                __aeabi_cfcmple
                0x08000404                __aeabi_fcmpeq
                0x08000410                __aeabi_fcmplt
                0x08000424                __aeabi_fcmple
                0x08000438                __aeabi_fcmpgt
                0x0800044c                __aeabi_fcmpge
 .text          0x08000460       0x30 C:/ST/STM32CubeIDE_1.16.0/STM32CubeIDE/plugins/com.st.stm32cube.ide.mcu.externaltools.gnu-tools-for-stm32.12.3.rel1.win32_1.0.200.202406191623/tools/bin/../lib/gcc/arm-none-eabi/12.3.1/thumb/v6-m/nofp\libgcc.a(_fixunssfsi.o)
                0x08000460                __fixunssfsi
                0x08000460                __aeabi_f2uiz
 .text          0x08000490      0x314 C:/ST/STM32CubeIDE_1.16.0/STM32CubeIDE/plugins/com.st.stm32cube.ide.mcu.externaltools.gnu-tools-for-stm32.12.3.rel1.win32_1.0.200.202406191623/tools/bin/../lib/gcc/arm-none-eabi/12.3.1/thumb/v6-m/nofp\libgcc.a(addsf3.o)
                0x08000490                __aeabi_fadd
 .text          0x080007a4      0x240 C:/ST/STM32CubeIDE_1.16.0/STM32CubeIDE/plugins/com.st.stm32cube.ide.mcu.externaltools.gnu-tools-for-stm32.12.3.rel1.win32_1.0.200.202406191623/tools/bin/../lib/gcc/arm-none-eabi/12.3.1/thumb/v6-m/nofp\libgcc.a(divsf3.o)
                0x080007a4                __aeabi_fdiv
 .text          0x080009e4       0x50 C:/ST/STM32CubeIDE_1.16.0/STM32CubeIDE/plugins/com.st.stm32cube.ide.mcu.externaltools.gnu-tools-for-stm32.12.3.rel1.win32_1.0.200.202406191623/tools/bin/../lib/gcc/arm-none-eabi/12.3.1/thumb/v6-m/nofp\libgcc.a(eqsf2.o)
                0x080009e4                __eqsf2
                0x080009e4                __nesf2
 .text          0x08000a34       0xa0 C:/ST/STM32CubeIDE_1.16.0/STM32CubeIDE/plugins/com.st.stm32cube.ide.mcu.externaltools.gnu-tools-for-stm32.12.3.rel1.win32_1.0.200.202406191623/tools/bin/../lib/gcc/arm-none-eabi/12.3.1/thumb/v6-m/nofp\libgcc.a(gesf2.o)
                0x08000a34                __gesf2
                0x08000a34                __gtsf2
 .text          0x08000ad4       0x9c C:/ST/STM32CubeIDE_1.16.0/STM32CubeIDE/plugins/com.st.stm32cube.ide.mcu.externaltools.gnu-tools-for-stm32.12.3.rel1.win32_1.0.200.202406191623/tools/bin/../lib/gcc/arm-none-eabi/12.3.1/thumb/v6-m/nofp\libgcc.a(lesf2.o)
                0x08000ad4                __ltsf2
                0x08000ad4                __lesf2
 .text          0x08000b70      0x27c C:/ST/STM32CubeIDE_1.16.0/STM32CubeIDE/plugins/com.st.stm32cube.ide.mcu.externaltools.gnu-tools-for-stm32.12.3.rel1.win32_1.0.200.202406191623/tools/bin/../lib/gcc/arm-none-eabi/12.3.1/thumb/v6-m/nofp\libgcc.a(mulsf3.o)
                0x08000b70                __aeabi_fmul
 .text          0x08000dec      0x348 C:/ST/STM32CubeIDE_1.16.0/STM32CubeIDE/plugins/com.st.stm32cube.ide.mcu.externaltools.gnu-tools-for-stm32.12.3.rel1.win32_1.0.200.202406191623/tools/bin/../lib/gcc/arm-none-eabi/12.3.1/thumb/v6-m/nofp\libgcc.a(subsf3.o)
                0x08000dec                __aeabi_fsub
 .text          0x08001134       0x40 C:/ST/STM32CubeIDE_1.16.0/STM32CubeIDE/plugins/com.st.stm32cube.ide.mcu.externaltools.gnu-tools-for-stm32.12.3.rel1.win32_1.0.200.202406191623/tools/bin/../lib/gcc/arm-none-eabi/12.3.1/thumb/v6-m/nofp\libgcc.a(fixsfsi.o)
                0x08001134                __aeabi_f2iz
 .text          0x08001174       0x84 C:/ST/STM32CubeIDE_1.16.0/STM32CubeIDE/plugins/com.st.stm32cube.ide.mcu.externaltools.gnu-tools-for-stm32.12.3.rel1.win32_1.0.200.202406191623/tools/bin/../lib/gcc/arm-none-eabi/12.3.1/thumb/v6-m/nofp\libgcc.a(floatunsisf.o)
                0x08001174                __aeabi_ui2f
 .text          0x080011f8       0x3c C:/ST/STM32CubeIDE_1.16.0/STM32CubeIDE/plugins/com.st.stm32cube.ide.mcu.externaltools.gnu-tools-for-stm32.12.3.rel1.win32_1.0.200.202406191623/tools/bin/../lib/gcc/arm-none-eabi/12.3.1/thumb/v6-m/nofp\libgcc.a(_clzsi2.o)
                0x080011f8                __clzsi2
 *(.text*)
 .text.MX_ADC1_Init
                0x08001234       0xe0 ./Core/Src/adc.o
                0x08001234                MX_ADC1_Init
 .text.HAL_ADC_MspInit
                0x08001314       0xd8 ./Core/Src/adc.o
                0x08001314                HAL_ADC_MspInit
 .text.MX_DMA_Init
                0x080013ec       0x30 ./Core/Src/dma.o
                0x080013ec                MX_DMA_Init
 .text.MX_GPIO_Init
                0x0800141c       0xc0 ./Core/Src/gpio.o
                0x0800141c                MX_GPIO_Init
 .text.InitalConfig
                0x080014dc       0xa8 ./Core/Src/initialtask.o
                0x080014dc                InitalConfig
 .text.MX_IWDG_Init
                0x08001584       0x30 ./Core/Src/iwdg.o
                0x08001584                MX_IWDG_Init
 .text.SystemClock_Config
                0x080015b4       0x80 ./Core/Src/main.o
                0x080015b4                SystemClock_Config
 .text.startup.main
                0x08001634       0x50 ./Core/Src/main.o
                0x08001634                main
 .text.Error_Handler
                0x08001684        0x4 ./Core/Src/main.o
                0x08001684                Error_Handler
 .text.HAL_MspInit
                0x08001688       0x30 ./Core/Src/stm32g0xx_hal_msp.o
                0x08001688                HAL_MspInit
 .text.NMI_Handler
                0x080016b8        0x4 ./Core/Src/stm32g0xx_it.o
                0x080016b8                NMI_Handler
 .text.HardFault_Handler
                0x080016bc        0x4 ./Core/Src/stm32g0xx_it.o
                0x080016bc                HardFault_Handler
 .text.SVC_Handler
                0x080016c0        0x4 ./Core/Src/stm32g0xx_it.o
                0x080016c0                SVC_Handler
 .text.PendSV_Handler
                0x080016c4        0x4 ./Core/Src/stm32g0xx_it.o
                0x080016c4                PendSV_Handler
 .text.SysTick_Handler
                0x080016c8        0x8 ./Core/Src/stm32g0xx_it.o
                0x080016c8                SysTick_Handler
 .text.EXTI2_3_IRQHandler
                0x080016d0       0x10 ./Core/Src/stm32g0xx_it.o
                0x080016d0                EXTI2_3_IRQHandler
 .text.DMA1_Channel1_IRQHandler
                0x080016e0       0x10 ./Core/Src/stm32g0xx_it.o
                0x080016e0                DMA1_Channel1_IRQHandler
 .text.ADC1_IRQHandler
                0x080016f0       0x10 ./Core/Src/stm32g0xx_it.o
                0x080016f0                ADC1_IRQHandler
 .text.TIM1_BRK_UP_TRG_COM_IRQHandler
                0x08001700       0x10 ./Core/Src/stm32g0xx_it.o
                0x08001700                TIM1_BRK_UP_TRG_COM_IRQHandler
 .text.TIM1_CC_IRQHandler
                0x08001710       0x10 ./Core/Src/stm32g0xx_it.o
                0x08001710                TIM1_CC_IRQHandler
 .text.TIM3_IRQHandler
                0x08001720      0x10c ./Core/Src/stm32g0xx_it.o
                0x08001720                TIM3_IRQHandler
 .text.TIM14_IRQHandler
                0x0800182c       0x4c ./Core/Src/stm32g0xx_it.o
                0x0800182c                TIM14_IRQHandler
 .text.TIM17_IRQHandler
                0x08001878       0x24 ./Core/Src/stm32g0xx_it.o
                0x08001878                TIM17_IRQHandler
 .text.USART1_IRQHandler
                0x0800189c       0x10 ./Core/Src/stm32g0xx_it.o
                0x0800189c                USART1_IRQHandler
 .text.motorenable
                0x080018ac       0x50 ./Core/Src/stm32g0xx_it.o
                0x080018ac                motorenable
 .text.motordisable
                0x080018fc       0x50 ./Core/Src/stm32g0xx_it.o
                0x080018fc                motordisable
 .text.HAL_GPIO_EXTI_Rising_Callback
                0x0800194c       0x20 ./Core/Src/stm32g0xx_it.o
                0x0800194c                HAL_GPIO_EXTI_Rising_Callback
 .text.HAL_ADC_ConvCpltCallback
                0x0800196c       0x24 ./Core/Src/stm32g0xx_it.o
                0x0800196c                HAL_ADC_ConvCpltCallback
 .text.acceptDataIfAddressMatch
                0x08001990       0x3c ./Core/Src/stm32g0xx_it.o
                0x08001990                acceptDataIfAddressMatch
 .text.HAL_UART_RxCpltCallback
                0x080019cc       0x34 ./Core/Src/stm32g0xx_it.o
                0x080019cc                HAL_UART_RxCpltCallback
 .text.SystemInit
                0x08001a00        0x4 ./Core/Src/system_stm32g0xx.o
                0x08001a00                SystemInit
 .text.MX_TIM3_Init
                0x08001a04      0x188 ./Core/Src/tim.o
                0x08001a04                MX_TIM3_Init
 .text.MX_TIM14_Init
                0x08001b8c       0x30 ./Core/Src/tim.o
                0x08001b8c                MX_TIM14_Init
 .text.MX_TIM17_Init
                0x08001bbc       0x38 ./Core/Src/tim.o
                0x08001bbc                MX_TIM17_Init
 .text.HAL_TIM_Base_MspInit
                0x08001bf4       0xb0 ./Core/Src/tim.o
                0x08001bf4                HAL_TIM_Base_MspInit
 .text.HAL_TIM_MspPostInit
                0x08001ca4       0x7c ./Core/Src/tim.o
                0x08001ca4                HAL_TIM_MspPostInit
 .text.MX_TIM1_Init
                0x08001d20      0x140 ./Core/Src/tim.o
                0x08001d20                MX_TIM1_Init
 .text.MX_USART1_UART_Init
                0x08001e60       0x90 ./Core/Src/usart.o
                0x08001e60                MX_USART1_UART_Init
 .text.HAL_UART_MspInit
                0x08001ef0       0x98 ./Core/Src/usart.o
                0x08001ef0                HAL_UART_MspInit
 .text.Reset_Handler
                0x08001f88       0x50 ./Core/Startup/startup_stm32g030c6tx.o
                0x08001f88                Reset_Handler
 .text.Default_Handler
                0x08001fd8        0x2 ./Core/Startup/startup_stm32g030c6tx.o
                0x08001fd8                I2C1_IRQHandler
                0x08001fd8                RTC_TAMP_IRQHandler
                0x08001fd8                SPI1_IRQHandler
                0x08001fd8                DMA1_Ch4_5_DMAMUX1_OVR_IRQHandler
                0x08001fd8                I2C2_IRQHandler
                0x08001fd8                TIM16_IRQHandler
                0x08001fd8                EXTI4_15_IRQHandler
                0x08001fd8                RCC_IRQHandler
                0x08001fd8                Default_Handler
                0x08001fd8                EXTI0_1_IRQHandler
                0x08001fd8                SPI2_IRQHandler
                0x08001fd8                WWDG_IRQHandler
                0x08001fd8                DMA1_Channel2_3_IRQHandler
                0x08001fd8                USART2_IRQHandler
                0x08001fd8                FLASH_IRQHandler
 *fill*         0x08001fda        0x2 
 .text.SWS_intHandler
                0x08001fdc       0x14 ./DMC/Auxilaries/SWS.o
                0x08001fdc                SWS_intHandler
 .text.SWS_calculateSpeed
                0x08001ff0       0x20 ./DMC/Auxilaries/SWS.o
                0x08001ff0                SWS_calculateSpeed
 .text.pedal_riseIntHandler
                0x08002010       0x38 ./DMC/Auxilaries/pedalAssist.o
                0x08002010                pedal_riseIntHandler
 .text.pedal_handle
                0x08002048       0x68 ./DMC/Auxilaries/pedalAssist.o
                0x08002048                pedal_handle
 .text.updateSpeedPIValues
                0x080020b0       0x48 ./DMC/ControlLoop/controlLoop.o
                0x080020b0                updateSpeedPIValues
 .text.speedPI  0x080020f8       0x60 ./DMC/ControlLoop/controlLoop.o
                0x080020f8                speedPI
 .text.currentPI
                0x08002158       0x6c ./DMC/ControlLoop/controlLoop.o
                0x08002158                currentPI
 .text.controlLoop_run
                0x080021c4       0x2c ./DMC/ControlLoop/controlLoop.o
                0x080021c4                controlLoop_run
 .text.controlLoop_reset
                0x080021f0       0x18 ./DMC/ControlLoop/controlLoop.o
                0x080021f0                controlLoop_reset
 .text.handleDrivingInputSource
                0x08002208       0x4c ./DMC/DrivingHandler/drivinghandler.o
                0x08002208                handleDrivingInputSource
 .text.calculate_throttle
                0x08002254       0x2c ./DMC/MeasurementHandler/measurement.o
                0x08002254                calculate_throttle
 .text.calculate_voltage
                0x08002280       0x20 ./DMC/MeasurementHandler/measurement.o
                0x08002280                calculate_voltage
 .text.calculate_current
                0x080022a0       0x30 ./DMC/MeasurementHandler/measurement.o
                0x080022a0                calculate_current
 .text.measure_temperature
                0x080022d0       0x30 ./DMC/MeasurementHandler/measurement.o
                0x080022d0                measure_temperature
 .text.calculateMotorPeriod
                0x08002300       0x38 ./DMC/MeasurementHandler/measurement.o
                0x08002300                calculateMotorPeriod
 .text.filterMotorPeriod
                0x08002338       0x1c ./DMC/MeasurementHandler/measurement.o
                0x08002338                filterMotorPeriod
 .text.calculateMotorSpeed
                0x08002354       0x48 ./DMC/MeasurementHandler/measurement.o
                0x08002354                calculateMotorSpeed
 .text.filterMotorSpeed
                0x0800239c       0x20 ./DMC/MeasurementHandler/measurement.o
                0x0800239c                filterMotorSpeed
 .text.getHallAngle
                0x080023bc       0x38 ./DMC/MeasurementHandler/measurement.o
                0x080023bc                getHallAngle
 .text.check_hall_protection
                0x080023f4        0xc ./DMC/ProtectionHandler/Protection.o
                0x080023f4                check_hall_protection
 .text.check_throttle
                0x08002400       0x10 ./DMC/ProtectionHandler/Protection.o
                0x08002400                check_throttle
 .text.check_overvoltage
                0x08002410       0x10 ./DMC/ProtectionHandler/Protection.o
                0x08002410                check_overvoltage
 .text.check_undervoltage
                0x08002420       0x10 ./DMC/ProtectionHandler/Protection.o
                0x08002420                check_undervoltage
 .text.check_overCurrent
                0x08002430       0x10 ./DMC/ProtectionHandler/Protection.o
                0x08002430                check_overCurrent
 .text.check_overTemperature
                0x08002440       0x10 ./DMC/ProtectionHandler/Protection.o
                0x08002440                check_overTemperature
 .text.stateMachine_handle
                0x08002450       0xec ./DMC/StateMachine/statemachine.o
                0x08002450                stateMachine_handle
 .text.handle_hall
                0x0800253c       0x28 ./DMC/Taskhandler/taskhandler.o
                0x0800253c                handle_hall
 .text.update_ADC
                0x08002564       0x14 ./DMC/Taskhandler/taskhandler.o
                0x08002564                update_ADC
 .text.fast_loop
                0x08002578       0x5c ./DMC/Taskhandler/taskhandler.o
                0x08002578                fast_loop
 .text.update_brakevalue
                0x080025d4        0xc ./DMC/Taskhandler/taskhandler.o
                0x080025d4                update_brakevalue
 .text.slow_loop
                0x080025e0       0x54 ./DMC/Taskhandler/taskhandler.o
                0x080025e0                slow_loop
 .text.updatePWM
                0x08002634       0x7c ./DMC/commutation/SVM.o
                0x08002634                updatePWM
 .text.SVMRun   0x080026b0       0xb8 ./DMC/commutation/SVM.o
                0x080026b0                SVMRun
 .text.motor_sineCommutation
                0x08002768       0x88 ./DMC/commutation/motor.o
                0x08002768                motor_sineCommutation
 .text.initialvalueassignment
                0x080027f0      0x10c ./DMC/initialconfig.o
                0x080027f0                initialvalueassignment
 .text.initialconfiguration
                0x080028fc       0x14 ./DMC/initialconfig.o
                0x080028fc                initialconfiguration
 .text.HAL_InitTick
                0x08002910       0x4c ./Drivers/STM32G0xx_HAL_Driver/Src/stm32g0xx_hal.o
                0x08002910                HAL_InitTick
 .text.HAL_Init
                0x0800295c       0x28 ./Drivers/STM32G0xx_HAL_Driver/Src/stm32g0xx_hal.o
                0x0800295c                HAL_Init
 .text.HAL_IncTick
                0x08002984       0x18 ./Drivers/STM32G0xx_HAL_Driver/Src/stm32g0xx_hal.o
                0x08002984                HAL_IncTick
 .text.HAL_GetTick
                0x0800299c        0xc ./Drivers/STM32G0xx_HAL_Driver/Src/stm32g0xx_hal.o
                0x0800299c                HAL_GetTick
 .text.HAL_ADC_Init
                0x080029a8      0x238 ./Drivers/STM32G0xx_HAL_Driver/Src/stm32g0xx_hal_adc.o
                0x080029a8                HAL_ADC_Init
 .text.HAL_ADC_ConvHalfCpltCallback
                0x08002be0        0x4 ./Drivers/STM32G0xx_HAL_Driver/Src/stm32g0xx_hal_adc.o
                0x08002be0                HAL_ADC_ConvHalfCpltCallback
 .text.ADC_DMAHalfConvCplt
                0x08002be4        0xc ./Drivers/STM32G0xx_HAL_Driver/Src/stm32g0xx_hal_adc.o
 .text.HAL_ADC_LevelOutOfWindowCallback
                0x08002bf0        0x4 ./Drivers/STM32G0xx_HAL_Driver/Src/stm32g0xx_hal_adc.o
                0x08002bf0                HAL_ADC_LevelOutOfWindowCallback
 .text.HAL_ADC_ErrorCallback
                0x08002bf4        0x4 ./Drivers/STM32G0xx_HAL_Driver/Src/stm32g0xx_hal_adc.o
                0x08002bf4                HAL_ADC_ErrorCallback
 .text.ADC_DMAError
                0x08002bf8       0x1c ./Drivers/STM32G0xx_HAL_Driver/Src/stm32g0xx_hal_adc.o
 .text.ADC_DMAConvCplt
                0x08002c14       0x80 ./Drivers/STM32G0xx_HAL_Driver/Src/stm32g0xx_hal_adc.o
 .text.HAL_ADC_IRQHandler
                0x08002c94      0x164 ./Drivers/STM32G0xx_HAL_Driver/Src/stm32g0xx_hal_adc.o
                0x08002c94                HAL_ADC_IRQHandler
 .text.HAL_ADC_ConfigChannel
                0x08002df8      0x284 ./Drivers/STM32G0xx_HAL_Driver/Src/stm32g0xx_hal_adc.o
                0x08002df8                HAL_ADC_ConfigChannel
 .text.ADC_Enable
                0x0800307c       0xcc ./Drivers/STM32G0xx_HAL_Driver/Src/stm32g0xx_hal_adc.o
                0x0800307c                ADC_Enable
 .text.HAL_ADC_Start_DMA
                0x08003148       0xb4 ./Drivers/STM32G0xx_HAL_Driver/Src/stm32g0xx_hal_adc.o
                0x08003148                HAL_ADC_Start_DMA
 .text.ADC_Disable
                0x080031fc       0x88 ./Drivers/STM32G0xx_HAL_Driver/Src/stm32g0xx_hal_adc.o
                0x080031fc                ADC_Disable
 .text.HAL_ADCEx_Calibration_Start
                0x08003284      0x19c ./Drivers/STM32G0xx_HAL_Driver/Src/stm32g0xx_hal_adc_ex.o
                0x08003284                HAL_ADCEx_Calibration_Start
 .text.HAL_ADCEx_LevelOutOfWindow2Callback
                0x08003420        0x4 ./Drivers/STM32G0xx_HAL_Driver/Src/stm32g0xx_hal_adc_ex.o
                0x08003420                HAL_ADCEx_LevelOutOfWindow2Callback
 .text.HAL_ADCEx_LevelOutOfWindow3Callback
                0x08003424        0x4 ./Drivers/STM32G0xx_HAL_Driver/Src/stm32g0xx_hal_adc_ex.o
                0x08003424                HAL_ADCEx_LevelOutOfWindow3Callback
 .text.HAL_ADCEx_EndOfSamplingCallback
                0x08003428        0x4 ./Drivers/STM32G0xx_HAL_Driver/Src/stm32g0xx_hal_adc_ex.o
                0x08003428                HAL_ADCEx_EndOfSamplingCallback
 .text.HAL_ADCEx_ChannelConfigReadyCallback
                0x0800342c        0x4 ./Drivers/STM32G0xx_HAL_Driver/Src/stm32g0xx_hal_adc_ex.o
                0x0800342c                HAL_ADCEx_ChannelConfigReadyCallback
 .text.HAL_NVIC_SetPriority
                0x08003430       0x54 ./Drivers/STM32G0xx_HAL_Driver/Src/stm32g0xx_hal_cortex.o
                0x08003430                HAL_NVIC_SetPriority
 .text.HAL_NVIC_EnableIRQ
                0x08003484       0x18 ./Drivers/STM32G0xx_HAL_Driver/Src/stm32g0xx_hal_cortex.o
                0x08003484                HAL_NVIC_EnableIRQ
 .text.HAL_SYSTICK_Config
                0x0800349c       0x34 ./Drivers/STM32G0xx_HAL_Driver/Src/stm32g0xx_hal_cortex.o
                0x0800349c                HAL_SYSTICK_Config
 .text.DMA_SetConfig
                0x080034d0       0x40 ./Drivers/STM32G0xx_HAL_Driver/Src/stm32g0xx_hal_dma.o
 .text.HAL_DMA_Init
                0x08003510       0xec ./Drivers/STM32G0xx_HAL_Driver/Src/stm32g0xx_hal_dma.o
                0x08003510                HAL_DMA_Init
 .text.HAL_DMA_Start_IT
                0x080035fc       0x90 ./Drivers/STM32G0xx_HAL_Driver/Src/stm32g0xx_hal_dma.o
                0x080035fc                HAL_DMA_Start_IT
 .text.HAL_DMA_Abort
                0x0800368c       0x78 ./Drivers/STM32G0xx_HAL_Driver/Src/stm32g0xx_hal_dma.o
                0x0800368c                HAL_DMA_Abort
 .text.HAL_DMA_Abort_IT
                0x08003704       0x78 ./Drivers/STM32G0xx_HAL_Driver/Src/stm32g0xx_hal_dma.o
                0x08003704                HAL_DMA_Abort_IT
 .text.HAL_DMA_IRQHandler
                0x0800377c       0xb8 ./Drivers/STM32G0xx_HAL_Driver/Src/stm32g0xx_hal_dma.o
                0x0800377c                HAL_DMA_IRQHandler
 .text.HAL_GPIO_Init
                0x08003834      0x1e4 ./Drivers/STM32G0xx_HAL_Driver/Src/stm32g0xx_hal_gpio.o
                0x08003834                HAL_GPIO_Init
 .text.HAL_GPIO_ReadPin
                0x08003a18        0xc ./Drivers/STM32G0xx_HAL_Driver/Src/stm32g0xx_hal_gpio.o
                0x08003a18                HAL_GPIO_ReadPin
 .text.HAL_GPIO_WritePin
                0x08003a24        0xc ./Drivers/STM32G0xx_HAL_Driver/Src/stm32g0xx_hal_gpio.o
                0x08003a24                HAL_GPIO_WritePin
 .text.HAL_GPIO_EXTI_Falling_Callback
                0x08003a30        0x4 ./Drivers/STM32G0xx_HAL_Driver/Src/stm32g0xx_hal_gpio.o
                0x08003a30                HAL_GPIO_EXTI_Falling_Callback
 .text.HAL_GPIO_EXTI_IRQHandler
                0x08003a34       0x34 ./Drivers/STM32G0xx_HAL_Driver/Src/stm32g0xx_hal_gpio.o
                0x08003a34                HAL_GPIO_EXTI_IRQHandler
 .text.HAL_IWDG_Init
                0x08003a68       0x68 ./Drivers/STM32G0xx_HAL_Driver/Src/stm32g0xx_hal_iwdg.o
                0x08003a68                HAL_IWDG_Init
 .text.HAL_IWDG_Refresh
                0x08003ad0       0x10 ./Drivers/STM32G0xx_HAL_Driver/Src/stm32g0xx_hal_iwdg.o
                0x08003ad0                HAL_IWDG_Refresh
 .text.HAL_PWREx_ControlVoltageScaling
                0x08003ae0       0x60 ./Drivers/STM32G0xx_HAL_Driver/Src/stm32g0xx_hal_pwr_ex.o
                0x08003ae0                HAL_PWREx_ControlVoltageScaling
 .text.HAL_RCC_OscConfig
                0x08003b40      0x4bc ./Drivers/STM32G0xx_HAL_Driver/Src/stm32g0xx_hal_rcc.o
                0x08003b40                HAL_RCC_OscConfig
 .text.HAL_RCC_GetSysClockFreq
                0x08003ffc       0x9c ./Drivers/STM32G0xx_HAL_Driver/Src/stm32g0xx_hal_rcc.o
                0x08003ffc                HAL_RCC_GetSysClockFreq
 .text.HAL_RCC_ClockConfig
                0x08004098      0x190 ./Drivers/STM32G0xx_HAL_Driver/Src/stm32g0xx_hal_rcc.o
                0x08004098                HAL_RCC_ClockConfig
 .text.HAL_RCC_GetPCLK1Freq
                0x08004228       0x28 ./Drivers/STM32G0xx_HAL_Driver/Src/stm32g0xx_hal_rcc.o
                0x08004228                HAL_RCC_GetPCLK1Freq
 .text.HAL_RCCEx_PeriphCLKConfig
                0x08004250      0x180 ./Drivers/STM32G0xx_HAL_Driver/Src/stm32g0xx_hal_rcc_ex.o
                0x08004250                HAL_RCCEx_PeriphCLKConfig
 .text.TIM_OC1_SetConfig
                0x080043d0       0x6c ./Drivers/STM32G0xx_HAL_Driver/Src/stm32g0xx_hal_tim.o
 .text.TIM_OC3_SetConfig
                0x0800443c       0x84 ./Drivers/STM32G0xx_HAL_Driver/Src/stm32g0xx_hal_tim.o
 .text.TIM_OC4_SetConfig
                0x080044c0       0x68 ./Drivers/STM32G0xx_HAL_Driver/Src/stm32g0xx_hal_tim.o
 .text.TIM_OC5_SetConfig
                0x08004528       0x64 ./Drivers/STM32G0xx_HAL_Driver/Src/stm32g0xx_hal_tim.o
 .text.TIM_OC6_SetConfig
                0x0800458c       0x68 ./Drivers/STM32G0xx_HAL_Driver/Src/stm32g0xx_hal_tim.o
 .text.HAL_TIM_Base_Start_IT
                0x080045f4       0x5c ./Drivers/STM32G0xx_HAL_Driver/Src/stm32g0xx_hal_tim.o
                0x080045f4                HAL_TIM_Base_Start_IT
 .text.HAL_TIM_OC_Start
                0x08004650       0xc8 ./Drivers/STM32G0xx_HAL_Driver/Src/stm32g0xx_hal_tim.o
                0x08004650                HAL_TIM_OC_Start
 .text.HAL_TIM_OC_Stop
                0x08004718       0xbc ./Drivers/STM32G0xx_HAL_Driver/Src/stm32g0xx_hal_tim.o
                0x08004718                HAL_TIM_OC_Stop
 .text.HAL_TIM_PWM_MspInit
                0x080047d4        0x4 ./Drivers/STM32G0xx_HAL_Driver/Src/stm32g0xx_hal_tim.o
                0x080047d4                HAL_TIM_PWM_MspInit
 .text.HAL_TIM_PWM_Start
                0x080047d8        0x8 ./Drivers/STM32G0xx_HAL_Driver/Src/stm32g0xx_hal_tim.o
                0x080047d8                HAL_TIM_PWM_Start
 .text.HAL_TIM_PWM_Stop
                0x080047e0        0x8 ./Drivers/STM32G0xx_HAL_Driver/Src/stm32g0xx_hal_tim.o
                0x080047e0                HAL_TIM_PWM_Stop
 .text.HAL_TIM_ConfigClockSource
                0x080047e8      0x170 ./Drivers/STM32G0xx_HAL_Driver/Src/stm32g0xx_hal_tim.o
                0x080047e8                HAL_TIM_ConfigClockSource
 .text.HAL_TIM_PeriodElapsedCallback
                0x08004958        0x4 ./Drivers/STM32G0xx_HAL_Driver/Src/stm32g0xx_hal_tim.o
                0x08004958                HAL_TIM_PeriodElapsedCallback
 .text.HAL_TIM_OC_DelayElapsedCallback
                0x0800495c        0x4 ./Drivers/STM32G0xx_HAL_Driver/Src/stm32g0xx_hal_tim.o
                0x0800495c                HAL_TIM_OC_DelayElapsedCallback
 .text.HAL_TIM_IC_CaptureCallback
                0x08004960        0x4 ./Drivers/STM32G0xx_HAL_Driver/Src/stm32g0xx_hal_tim.o
                0x08004960                HAL_TIM_IC_CaptureCallback
 .text.HAL_TIM_PWM_PulseFinishedCallback
                0x08004964        0x4 ./Drivers/STM32G0xx_HAL_Driver/Src/stm32g0xx_hal_tim.o
                0x08004964                HAL_TIM_PWM_PulseFinishedCallback
 .text.HAL_TIM_TriggerCallback
                0x08004968        0x4 ./Drivers/STM32G0xx_HAL_Driver/Src/stm32g0xx_hal_tim.o
                0x08004968                HAL_TIM_TriggerCallback
 .text.HAL_TIM_IRQHandler
                0x0800496c      0x174 ./Drivers/STM32G0xx_HAL_Driver/Src/stm32g0xx_hal_tim.o
                0x0800496c                HAL_TIM_IRQHandler
 .text.TIM_Base_SetConfig
                0x08004ae0       0xa0 ./Drivers/STM32G0xx_HAL_Driver/Src/stm32g0xx_hal_tim.o
                0x08004ae0                TIM_Base_SetConfig
 .text.HAL_TIM_Base_Init
                0x08004b80       0x60 ./Drivers/STM32G0xx_HAL_Driver/Src/stm32g0xx_hal_tim.o
                0x08004b80                HAL_TIM_Base_Init
 .text.HAL_TIM_PWM_Init
                0x08004be0       0x60 ./Drivers/STM32G0xx_HAL_Driver/Src/stm32g0xx_hal_tim.o
                0x08004be0                HAL_TIM_PWM_Init
 .text.TIM_OC2_SetConfig
                0x08004c40       0x78 ./Drivers/STM32G0xx_HAL_Driver/Src/stm32g0xx_hal_tim.o
                0x08004c40                TIM_OC2_SetConfig
 .text.HAL_TIM_PWM_ConfigChannel
                0x08004cb8      0x128 ./Drivers/STM32G0xx_HAL_Driver/Src/stm32g0xx_hal_tim.o
                0x08004cb8                HAL_TIM_PWM_ConfigChannel
 .text.HAL_TIMEx_OCN_Start
                0x08004de0       0x90 ./Drivers/STM32G0xx_HAL_Driver/Src/stm32g0xx_hal_tim_ex.o
                0x08004de0                HAL_TIMEx_OCN_Start
 .text.HAL_TIMEx_OCN_Stop
                0x08004e70       0x84 ./Drivers/STM32G0xx_HAL_Driver/Src/stm32g0xx_hal_tim_ex.o
                0x08004e70                HAL_TIMEx_OCN_Stop
 .text.HAL_TIMEx_PWMN_Start
                0x08004ef4        0x8 ./Drivers/STM32G0xx_HAL_Driver/Src/stm32g0xx_hal_tim_ex.o
                0x08004ef4                HAL_TIMEx_PWMN_Start
 .text.HAL_TIMEx_PWMN_Stop
                0x08004efc        0x8 ./Drivers/STM32G0xx_HAL_Driver/Src/stm32g0xx_hal_tim_ex.o
                0x08004efc                HAL_TIMEx_PWMN_Stop
 .text.HAL_TIMEx_MasterConfigSynchronization
                0x08004f04       0x68 ./Drivers/STM32G0xx_HAL_Driver/Src/stm32g0xx_hal_tim_ex.o
                0x08004f04                HAL_TIMEx_MasterConfigSynchronization
 .text.HAL_TIMEx_ConfigBreakDeadTime
                0x08004f6c       0xc0 ./Drivers/STM32G0xx_HAL_Driver/Src/stm32g0xx_hal_tim_ex.o
                0x08004f6c                HAL_TIMEx_ConfigBreakDeadTime
 .text.HAL_TIMEx_CommutCallback
                0x0800502c        0x4 ./Drivers/STM32G0xx_HAL_Driver/Src/stm32g0xx_hal_tim_ex.o
                0x0800502c                HAL_TIMEx_CommutCallback
 .text.HAL_TIMEx_BreakCallback
                0x08005030        0x4 ./Drivers/STM32G0xx_HAL_Driver/Src/stm32g0xx_hal_tim_ex.o
                0x08005030                HAL_TIMEx_BreakCallback
 .text.HAL_TIMEx_Break2Callback
                0x08005034        0x4 ./Drivers/STM32G0xx_HAL_Driver/Src/stm32g0xx_hal_tim_ex.o
                0x08005034                HAL_TIMEx_Break2Callback
 .text.UART_EndRxTransfer
                0x08005038       0x64 ./Drivers/STM32G0xx_HAL_Driver/Src/stm32g0xx_hal_uart.o
 .text.HAL_UART_TxCpltCallback
                0x0800509c        0x4 ./Drivers/STM32G0xx_HAL_Driver/Src/stm32g0xx_hal_uart.o
                0x0800509c                HAL_UART_TxCpltCallback
 .text.HAL_UART_ErrorCallback
                0x080050a0        0x4 ./Drivers/STM32G0xx_HAL_Driver/Src/stm32g0xx_hal_uart.o
                0x080050a0                HAL_UART_ErrorCallback
 .text.UART_DMAAbortOnError
                0x080050a4       0x14 ./Drivers/STM32G0xx_HAL_Driver/Src/stm32g0xx_hal_uart.o
 .text.HAL_UARTEx_RxEventCallback
                0x080050b8        0x4 ./Drivers/STM32G0xx_HAL_Driver/Src/stm32g0xx_hal_uart.o
                0x080050b8                HAL_UARTEx_RxEventCallback
 .text.HAL_UART_IRQHandler
                0x080050bc      0x374 ./Drivers/STM32G0xx_HAL_Driver/Src/stm32g0xx_hal_uart.o
                0x080050bc                HAL_UART_IRQHandler
 .text.UART_RxISR_8BIT
                0x08005430       0xd0 ./Drivers/STM32G0xx_HAL_Driver/Src/stm32g0xx_hal_uart.o
 .text.UART_RxISR_16BIT
                0x08005500       0xcc ./Drivers/STM32G0xx_HAL_Driver/Src/stm32g0xx_hal_uart.o
 .text.UART_RxISR_8BIT_FIFOEN
                0x080055cc      0x1f8 ./Drivers/STM32G0xx_HAL_Driver/Src/stm32g0xx_hal_uart.o
 .text.UART_RxISR_16BIT_FIFOEN
                0x080057c4      0x1f0 ./Drivers/STM32G0xx_HAL_Driver/Src/stm32g0xx_hal_uart.o
 .text.UART_SetConfig
                0x080059b4      0x168 ./Drivers/STM32G0xx_HAL_Driver/Src/stm32g0xx_hal_uart.o
                0x080059b4                UART_SetConfig
 .text.UART_AdvFeatureConfig
                0x08005b1c       0xd0 ./Drivers/STM32G0xx_HAL_Driver/Src/stm32g0xx_hal_uart.o
                0x08005b1c                UART_AdvFeatureConfig
 .text.UART_WaitOnFlagUntilTimeout
                0x08005bec       0xa8 ./Drivers/STM32G0xx_HAL_Driver/Src/stm32g0xx_hal_uart.o
                0x08005bec                UART_WaitOnFlagUntilTimeout
 .text.UART_CheckIdleState
                0x08005c94       0xd0 ./Drivers/STM32G0xx_HAL_Driver/Src/stm32g0xx_hal_uart.o
                0x08005c94                UART_CheckIdleState
 .text.HAL_UART_Init
                0x08005d64       0x6c ./Drivers/STM32G0xx_HAL_Driver/Src/stm32g0xx_hal_uart.o
                0x08005d64                HAL_UART_Init
 .text.UART_Start_Receive_IT
                0x08005dd0      0x15c ./Drivers/STM32G0xx_HAL_Driver/Src/stm32g0xx_hal_uart.o
                0x08005dd0                UART_Start_Receive_IT
 .text.HAL_UART_Receive_IT
                0x08005f2c       0x60 ./Drivers/STM32G0xx_HAL_Driver/Src/stm32g0xx_hal_uart.o
                0x08005f2c                HAL_UART_Receive_IT
 .text.UARTEx_SetNbDataToProcess.part.0
                0x08005f8c       0x3c ./Drivers/STM32G0xx_HAL_Driver/Src/stm32g0xx_hal_uart_ex.o
 .text.HAL_UARTEx_WakeupCallback
                0x08005fc8        0x4 ./Drivers/STM32G0xx_HAL_Driver/Src/stm32g0xx_hal_uart_ex.o
                0x08005fc8                HAL_UARTEx_WakeupCallback
 .text.HAL_UARTEx_RxFifoFullCallback
                0x08005fcc        0x4 ./Drivers/STM32G0xx_HAL_Driver/Src/stm32g0xx_hal_uart_ex.o
                0x08005fcc                HAL_UARTEx_RxFifoFullCallback
 .text.HAL_UARTEx_TxFifoEmptyCallback
                0x08005fd0        0x4 ./Drivers/STM32G0xx_HAL_Driver/Src/stm32g0xx_hal_uart_ex.o
                0x08005fd0                HAL_UARTEx_TxFifoEmptyCallback
 .text.HAL_UARTEx_DisableFifoMode
                0x08005fd4       0x38 ./Drivers/STM32G0xx_HAL_Driver/Src/stm32g0xx_hal_uart_ex.o
                0x08005fd4                HAL_UARTEx_DisableFifoMode
 .text.HAL_UARTEx_SetTxFifoThreshold
                0x0800600c       0x54 ./Drivers/STM32G0xx_HAL_Driver/Src/stm32g0xx_hal_uart_ex.o
                0x0800600c                HAL_UARTEx_SetTxFifoThreshold
 .text.HAL_UARTEx_SetRxFifoThreshold
                0x08006060       0x58 ./Drivers/STM32G0xx_HAL_Driver/Src/stm32g0xx_hal_uart_ex.o
                0x08006060                HAL_UARTEx_SetRxFifoThreshold
 .text.LL_GPIO_Init
                0x080060b8      0x108 ./Drivers/STM32G0xx_HAL_Driver/Src/stm32g0xx_ll_gpio.o
                0x080060b8                LL_GPIO_Init
 .text.LL_TIM_Init
                0x080061c0       0x80 ./Drivers/STM32G0xx_HAL_Driver/Src/stm32g0xx_ll_tim.o
                0x080061c0                LL_TIM_Init
 .text.LL_TIM_OC_Init
                0x08006240      0x2d8 ./Drivers/STM32G0xx_HAL_Driver/Src/stm32g0xx_ll_tim.o
                0x08006240                LL_TIM_OC_Init
 .text.memset   0x08006518       0x10 C:/ST/STM32CubeIDE_1.16.0/STM32CubeIDE/plugins/com.st.stm32cube.ide.mcu.externaltools.gnu-tools-for-stm32.12.3.rel1.win32_1.0.200.202406191623/tools/bin/../lib/gcc/arm-none-eabi/12.3.1/../../../../arm-none-eabi/lib/thumb/v6-m/nofp\libc_nano.a(libc_a-memset.o)
                0x08006518                memset
 .text.__libc_init_array
                0x08006528       0x48 C:/ST/STM32CubeIDE_1.16.0/STM32CubeIDE/plugins/com.st.stm32cube.ide.mcu.externaltools.gnu-tools-for-stm32.12.3.rel1.win32_1.0.200.202406191623/tools/bin/../lib/gcc/arm-none-eabi/12.3.1/../../../../arm-none-eabi/lib/thumb/v6-m/nofp\libc_nano.a(libc_a-init.o)
                0x08006528                __libc_init_array
 .text.memcpy   0x08006570       0x12 C:/ST/STM32CubeIDE_1.16.0/STM32CubeIDE/plugins/com.st.stm32cube.ide.mcu.externaltools.gnu-tools-for-stm32.12.3.rel1.win32_1.0.200.202406191623/tools/bin/../lib/gcc/arm-none-eabi/12.3.1/../../../../arm-none-eabi/lib/thumb/v6-m/nofp\libc_nano.a(libc_a-memcpy-stub.o)
                0x08006570                memcpy
 *(.glue_7)
 .glue_7        0x08006582        0x0 linker stubs
 *(.glue_7t)
 .glue_7t       0x08006582        0x0 linker stubs
 *(.eh_frame)
 *fill*         0x08006582        0x2 
 .eh_frame      0x08006584        0x0 C:/ST/STM32CubeIDE_1.16.0/STM32CubeIDE/plugins/com.st.stm32cube.ide.mcu.externaltools.gnu-tools-for-stm32.12.3.rel1.win32_1.0.200.202406191623/tools/bin/../lib/gcc/arm-none-eabi/12.3.1/thumb/v6-m/nofp/crtbegin.o
 *(.init)
 .init          0x08006584        0x4 C:/ST/STM32CubeIDE_1.16.0/STM32CubeIDE/plugins/com.st.stm32cube.ide.mcu.externaltools.gnu-tools-for-stm32.12.3.rel1.win32_1.0.200.202406191623/tools/bin/../lib/gcc/arm-none-eabi/12.3.1/thumb/v6-m/nofp/crti.o
                0x08006584                _init
 .init          0x08006588        0x8 C:/ST/STM32CubeIDE_1.16.0/STM32CubeIDE/plugins/com.st.stm32cube.ide.mcu.externaltools.gnu-tools-for-stm32.12.3.rel1.win32_1.0.200.202406191623/tools/bin/../lib/gcc/arm-none-eabi/12.3.1/thumb/v6-m/nofp/crtn.o
 *(.fini)
 .fini          0x08006590        0x4 C:/ST/STM32CubeIDE_1.16.0/STM32CubeIDE/plugins/com.st.stm32cube.ide.mcu.externaltools.gnu-tools-for-stm32.12.3.rel1.win32_1.0.200.202406191623/tools/bin/../lib/gcc/arm-none-eabi/12.3.1/thumb/v6-m/nofp/crti.o
                0x08006590                _fini
 .fini          0x08006594        0x8 C:/ST/STM32CubeIDE_1.16.0/STM32CubeIDE/plugins/com.st.stm32cube.ide.mcu.externaltools.gnu-tools-for-stm32.12.3.rel1.win32_1.0.200.202406191623/tools/bin/../lib/gcc/arm-none-eabi/12.3.1/thumb/v6-m/nofp/crtn.o
                0x0800659c                        . = ALIGN (0x4)
                0x0800659c                        _etext = .

.vfp11_veneer   0x0800659c        0x0
 .vfp11_veneer  0x0800659c        0x0 linker stubs

.v4_bx          0x0800659c        0x0
 .v4_bx         0x0800659c        0x0 linker stubs

.iplt           0x0800659c        0x0
 .iplt          0x0800659c        0x0 C:/ST/STM32CubeIDE_1.16.0/STM32CubeIDE/plugins/com.st.stm32cube.ide.mcu.externaltools.gnu-tools-for-stm32.12.3.rel1.win32_1.0.200.202406191623/tools/bin/../lib/gcc/arm-none-eabi/12.3.1/thumb/v6-m/nofp/crtbegin.o

.rodata         0x0800659c      0x1e0
                0x0800659c                        . = ALIGN (0x4)
 *(.rodata)
 .rodata        0x0800659c       0x7c C:/ST/STM32CubeIDE_1.16.0/STM32CubeIDE/plugins/com.st.stm32cube.ide.mcu.externaltools.gnu-tools-for-stm32.12.3.rel1.win32_1.0.200.202406191623/tools/bin/../lib/gcc/arm-none-eabi/12.3.1/thumb/v6-m/nofp\libgcc.a(divsf3.o)
 *(.rodata*)
 .rodata.APBPrescTable
                0x08006618       0x20 ./Core/Src/system_stm32g0xx.o
                0x08006618                APBPrescTable
 .rodata.AHBPrescTable
                0x08006638       0x40 ./Core/Src/system_stm32g0xx.o
                0x08006638                AHBPrescTable
 .rodata.ForwardPhaseValues
                0x08006678       0x20 ./DMC/MeasurementHandler/measurement.o
                0x08006678                ForwardPhaseValues
 .rodata.ReversePhaseValues
                0x08006698       0x20 ./DMC/MeasurementHandler/measurement.o
                0x08006698                ReversePhaseValues
 .rodata.HAL_TIM_OC_Start
                0x080066b8       0x44 ./Drivers/STM32G0xx_HAL_Driver/Src/stm32g0xx_hal_tim.o
 .rodata.HAL_TIM_PWM_ConfigChannel
                0x080066fc       0x54 ./Drivers/STM32G0xx_HAL_Driver/Src/stm32g0xx_hal_tim.o
 .rodata.CSWTCH.66
                0x08006750        0x3 ./Drivers/STM32G0xx_HAL_Driver/Src/stm32g0xx_hal_uart.o
 *fill*         0x08006753        0x1 
 .rodata.UARTPrescTable
                0x08006754       0x18 ./Drivers/STM32G0xx_HAL_Driver/Src/stm32g0xx_hal_uart.o
                0x08006754                UARTPrescTable
 .rodata.denominator.0
                0x0800676c        0x8 ./Drivers/STM32G0xx_HAL_Driver/Src/stm32g0xx_hal_uart_ex.o
 .rodata.numerator.1
                0x08006774        0x8 ./Drivers/STM32G0xx_HAL_Driver/Src/stm32g0xx_hal_uart_ex.o
                0x0800677c                        . = ALIGN (0x4)

.ARM.extab      0x0800677c        0x0
                0x0800677c                        . = ALIGN (0x4)
 *(.ARM.extab* .gnu.linkonce.armextab.*)
                0x0800677c                        . = ALIGN (0x4)

.ARM            0x0800677c        0x0
                0x0800677c                        . = ALIGN (0x4)
                0x0800677c                        __exidx_start = .
 *(.ARM.exidx*)
                0x0800677c                        __exidx_end = .
                0x0800677c                        . = ALIGN (0x4)

.preinit_array  0x0800677c        0x0
                0x0800677c                        . = ALIGN (0x4)
                0x0800677c                        PROVIDE (__preinit_array_start = .)
 *(.preinit_array*)
                0x0800677c                        PROVIDE (__preinit_array_end = .)
                0x0800677c                        . = ALIGN (0x4)

.init_array     0x0800677c        0x4
                0x0800677c                        . = ALIGN (0x4)
                0x0800677c                        PROVIDE (__init_array_start = .)
 *(SORT_BY_NAME(.init_array.*))
 *(.init_array*)
 .init_array    0x0800677c        0x4 C:/ST/STM32CubeIDE_1.16.0/STM32CubeIDE/plugins/com.st.stm32cube.ide.mcu.externaltools.gnu-tools-for-stm32.12.3.rel1.win32_1.0.200.202406191623/tools/bin/../lib/gcc/arm-none-eabi/12.3.1/thumb/v6-m/nofp/crtbegin.o
                0x08006780                        PROVIDE (__init_array_end = .)
                0x08006780                        . = ALIGN (0x4)

.fini_array     0x08006780        0x4
                0x08006780                        . = ALIGN (0x4)
                [!provide]                        PROVIDE (__fini_array_start = .)
 *(SORT_BY_NAME(.fini_array.*))
 *(.fini_array*)
 .fini_array    0x08006780        0x4 C:/ST/STM32CubeIDE_1.16.0/STM32CubeIDE/plugins/com.st.stm32cube.ide.mcu.externaltools.gnu-tools-for-stm32.12.3.rel1.win32_1.0.200.202406191623/tools/bin/../lib/gcc/arm-none-eabi/12.3.1/thumb/v6-m/nofp/crtbegin.o
                [!provide]                        PROVIDE (__fini_array_end = .)
                0x08006784                        . = ALIGN (0x4)
                0x08006784                        _sidata = LOADADDR (.data)

.rel.dyn        0x08006784        0x0
 .rel.iplt      0x08006784        0x0 C:/ST/STM32CubeIDE_1.16.0/STM32CubeIDE/plugins/com.st.stm32cube.ide.mcu.externaltools.gnu-tools-for-stm32.12.3.rel1.win32_1.0.200.202406191623/tools/bin/../lib/gcc/arm-none-eabi/12.3.1/thumb/v6-m/nofp/crtbegin.o

.data           0x20000000      0x2bc load address 0x08006784
                0x20000000                        . = ALIGN (0x4)
                0x20000000                        _sdata = .
 *(.data)
 *(.data*)
 .data.SystemCoreClock
                0x20000000        0x4 ./Core/Src/system_stm32g0xx.o
                0x20000000                SystemCoreClock
 .data.sinetable
                0x20000004      0x2b0 ./DMC/commutation/SVM.o
                0x20000004                sinetable
 .data.uwTickFreq
                0x200002b4        0x1 ./Drivers/STM32G0xx_HAL_Driver/Src/stm32g0xx_hal.o
                0x200002b4                uwTickFreq
 *fill*         0x200002b5        0x3 
 .data.uwTickPrio
                0x200002b8        0x4 ./Drivers/STM32G0xx_HAL_Driver/Src/stm32g0xx_hal.o
                0x200002b8                uwTickPrio
 *(.RamFunc)
 *(.RamFunc*)
                0x200002bc                        . = ALIGN (0x4)
                0x200002bc                        _edata = .

.igot.plt       0x200002bc        0x0 load address 0x08006a40
 .igot.plt      0x200002bc        0x0 C:/ST/STM32CubeIDE_1.16.0/STM32CubeIDE/plugins/com.st.stm32cube.ide.mcu.externaltools.gnu-tools-for-stm32.12.3.rel1.win32_1.0.200.202406191623/tools/bin/../lib/gcc/arm-none-eabi/12.3.1/thumb/v6-m/nofp/crtbegin.o
                0x200002bc                        . = ALIGN (0x4)

.bss            0x200002c0      0x48c load address 0x08006a40
                0x200002c0                        _sbss = .
                0x200002c0                        __bss_start__ = _sbss
 *(.bss)
 .bss           0x200002c0       0x1c C:/ST/STM32CubeIDE_1.16.0/STM32CubeIDE/plugins/com.st.stm32cube.ide.mcu.externaltools.gnu-tools-for-stm32.12.3.rel1.win32_1.0.200.202406191623/tools/bin/../lib/gcc/arm-none-eabi/12.3.1/thumb/v6-m/nofp/crtbegin.o
 *(.bss*)
 .bss.hdma_adc1
                0x200002dc       0x5c ./Core/Src/adc.o
                0x200002dc                hdma_adc1
 .bss.hadc1     0x20000338       0x64 ./Core/Src/adc.o
                0x20000338                hadc1
 .bss.hiwdg     0x2000039c       0x10 ./Core/Src/iwdg.o
                0x2000039c                hiwdg
 .bss.Communication
                0x200003ac       0x2a ./Core/Src/stm32g0xx_it.o
                0x200003ac                Communication
 *fill*         0x200003d6        0x2 
 .bss.HostVar   0x200003d8       0x10 ./Core/Src/stm32g0xx_it.o
                0x200003d8                HostVar
 .bss.htim17    0x200003e8       0x4c ./Core/Src/tim.o
                0x200003e8                htim17
 .bss.htim14    0x20000434       0x4c ./Core/Src/tim.o
                0x20000434                htim14
 .bss.htim1     0x20000480       0x4c ./Core/Src/tim.o
                0x20000480                htim1
 .bss.huart1    0x200004cc       0x94 ./Core/Src/usart.o
                0x200004cc                huart1
 .bss.Display   0x20000560       0x10 ./DMC/Auxilaries/Display.o
                0x20000560                Display
 .bss.PedalAssist
                0x20000570       0x2c ./DMC/Auxilaries/pedalAssist.o
                0x20000570                PedalAssist
 *fill*         0x2000059c        0x4 
 .bss.ControlVals
                0x200005a0       0x34 ./DMC/ControlLoop/controlLoop.o
                0x200005a0                ControlVals
 .bss.CruiseMode
                0x200005d4       0x24 ./DMC/Cruise_control/cruiseControl.o
                0x200005d4                CruiseMode
 .bss.Protection
                0x200005f8        0x2 ./DMC/Taskhandler/taskhandler.o
                0x200005f8                Protection
 *fill*         0x200005fa        0x2 
 .bss.Measured  0x200005fc       0x74 ./DMC/Taskhandler/taskhandler.o
                0x200005fc                Measured
 .bss.MotorRun  0x20000670       0x2c ./DMC/commutation/motor.o
                0x20000670                MotorRun
 .bss.FixedValue
                0x2000069c       0xac ./DMC/initialconfig.o
                0x2000069c                FixedValue
 .bss.uwTick    0x20000748        0x4 ./Drivers/STM32G0xx_HAL_Driver/Src/stm32g0xx_hal.o
                0x20000748                uwTick
 *(COMMON)
                0x2000074c                        . = ALIGN (0x4)
                0x2000074c                        _ebss = .
                0x2000074c                        __bss_end__ = _ebss

._user_heap_stack
                0x2000074c      0x604 load address 0x08006a40
                0x20000750                        . = ALIGN (0x8)
 *fill*         0x2000074c        0x4 
                [!provide]                        PROVIDE (end = .)
                0x20000750                        PROVIDE (_end = .)
                0x20000950                        . = (. + _Min_Heap_Size)
 *fill*         0x20000750      0x200 
                0x20000d50                        . = (. + _Min_Stack_Size)
 *fill*         0x20000950      0x400 
                0x20000d50                        . = ALIGN (0x8)

/DISCARD/
 libc.a(*)
 libm.a(*)
 libgcc.a(*)

.ARM.attributes
                0x00000000       0x28
 *(.ARM.attributes)
 .ARM.attributes
                0x00000000       0x1e C:/ST/STM32CubeIDE_1.16.0/STM32CubeIDE/plugins/com.st.stm32cube.ide.mcu.externaltools.gnu-tools-for-stm32.12.3.rel1.win32_1.0.200.202406191623/tools/bin/../lib/gcc/arm-none-eabi/12.3.1/thumb/v6-m/nofp/crti.o
 .ARM.attributes
                0x0000001e       0x2c C:/ST/STM32CubeIDE_1.16.0/STM32CubeIDE/plugins/com.st.stm32cube.ide.mcu.externaltools.gnu-tools-for-stm32.12.3.rel1.win32_1.0.200.202406191623/tools/bin/../lib/gcc/arm-none-eabi/12.3.1/thumb/v6-m/nofp/crtbegin.o
 .ARM.attributes
                0x0000004a       0x2c ./Core/Src/adc.o
 .ARM.attributes
                0x00000076       0x2c ./Core/Src/dma.o
 .ARM.attributes
                0x000000a2       0x2c ./Core/Src/gpio.o
 .ARM.attributes
                0x000000ce       0x2c ./Core/Src/initialtask.o
 .ARM.attributes
                0x000000fa       0x2c ./Core/Src/iwdg.o
 .ARM.attributes
                0x00000126       0x2c ./Core/Src/main.o
 .ARM.attributes
                0x00000152       0x2c ./Core/Src/stm32g0xx_hal_msp.o
 .ARM.attributes
                0x0000017e       0x2c ./Core/Src/stm32g0xx_it.o
 .ARM.attributes
                0x000001aa       0x2c ./Core/Src/system_stm32g0xx.o
 .ARM.attributes
                0x000001d6       0x2c ./Core/Src/tim.o
 .ARM.attributes
                0x00000202       0x2c ./Core/Src/usart.o
 .ARM.attributes
                0x0000022e       0x22 ./Core/Startup/startup_stm32g030c6tx.o
 .ARM.attributes
                0x00000250       0x2c ./DMC/Auxilaries/Display.o
 .ARM.attributes
                0x0000027c       0x2c ./DMC/Auxilaries/SWS.o
 .ARM.attributes
                0x000002a8       0x2c ./DMC/Auxilaries/pedalAssist.o
 .ARM.attributes
                0x000002d4       0x2c ./DMC/ControlLoop/controlLoop.o
 .ARM.attributes
                0x00000300       0x2c ./DMC/Cruise_control/cruiseControl.o
 .ARM.attributes
                0x0000032c       0x2c ./DMC/DrivingHandler/drivinghandler.o
 .ARM.attributes
                0x00000358       0x2c ./DMC/MeasurementHandler/measurement.o
 .ARM.attributes
                0x00000384       0x2c ./DMC/ProtectionHandler/Protection.o
 .ARM.attributes
                0x000003b0       0x2c ./DMC/StateMachine/statemachine.o
 .ARM.attributes
                0x000003dc       0x2c ./DMC/Taskhandler/taskhandler.o
 .ARM.attributes
                0x00000408       0x2c ./DMC/commutation/SVM.o
 .ARM.attributes
                0x00000434       0x2c ./DMC/commutation/motor.o
 .ARM.attributes
                0x00000460       0x2c ./DMC/initialconfig.o
 .ARM.attributes
                0x0000048c       0x2c ./Drivers/STM32G0xx_HAL_Driver/Src/stm32g0xx_hal.o
 .ARM.attributes
                0x000004b8       0x2c ./Drivers/STM32G0xx_HAL_Driver/Src/stm32g0xx_hal_adc.o
 .ARM.attributes
                0x000004e4       0x2c ./Drivers/STM32G0xx_HAL_Driver/Src/stm32g0xx_hal_adc_ex.o
 .ARM.attributes
                0x00000510       0x2c ./Drivers/STM32G0xx_HAL_Driver/Src/stm32g0xx_hal_cortex.o
 .ARM.attributes
                0x0000053c       0x2c ./Drivers/STM32G0xx_HAL_Driver/Src/stm32g0xx_hal_dma.o
 .ARM.attributes
                0x00000568       0x2c ./Drivers/STM32G0xx_HAL_Driver/Src/stm32g0xx_hal_gpio.o
 .ARM.attributes
                0x00000594       0x2c ./Drivers/STM32G0xx_HAL_Driver/Src/stm32g0xx_hal_iwdg.o
 .ARM.attributes
                0x000005c0       0x2c ./Drivers/STM32G0xx_HAL_Driver/Src/stm32g0xx_hal_pwr_ex.o
 .ARM.attributes
                0x000005ec       0x2c ./Drivers/STM32G0xx_HAL_Driver/Src/stm32g0xx_hal_rcc.o
 .ARM.attributes
                0x00000618       0x2c ./Drivers/STM32G0xx_HAL_Driver/Src/stm32g0xx_hal_rcc_ex.o
 .ARM.attributes
                0x00000644       0x2c ./Drivers/STM32G0xx_HAL_Driver/Src/stm32g0xx_hal_tim.o
 .ARM.attributes
                0x00000670       0x2c ./Drivers/STM32G0xx_HAL_Driver/Src/stm32g0xx_hal_tim_ex.o
 .ARM.attributes
                0x0000069c       0x2c ./Drivers/STM32G0xx_HAL_Driver/Src/stm32g0xx_hal_uart.o
 .ARM.attributes
                0x000006c8       0x2c ./Drivers/STM32G0xx_HAL_Driver/Src/stm32g0xx_hal_uart_ex.o
 .ARM.attributes
                0x000006f4       0x2c ./Drivers/STM32G0xx_HAL_Driver/Src/stm32g0xx_ll_gpio.o
 .ARM.attributes
                0x00000720       0x2c ./Drivers/STM32G0xx_HAL_Driver/Src/stm32g0xx_ll_tim.o
 .ARM.attributes
                0x0000074c       0x2c C:/ST/STM32CubeIDE_1.16.0/STM32CubeIDE/plugins/com.st.stm32cube.ide.mcu.externaltools.gnu-tools-for-stm32.12.3.rel1.win32_1.0.200.202406191623/tools/bin/../lib/gcc/arm-none-eabi/12.3.1/../../../../arm-none-eabi/lib/thumb/v6-m/nofp\libc_nano.a(libc_a-memset.o)
 .ARM.attributes
                0x00000778       0x2c C:/ST/STM32CubeIDE_1.16.0/STM32CubeIDE/plugins/com.st.stm32cube.ide.mcu.externaltools.gnu-tools-for-stm32.12.3.rel1.win32_1.0.200.202406191623/tools/bin/../lib/gcc/arm-none-eabi/12.3.1/../../../../arm-none-eabi/lib/thumb/v6-m/nofp\libc_nano.a(libc_a-init.o)
 .ARM.attributes
                0x000007a4       0x2c C:/ST/STM32CubeIDE_1.16.0/STM32CubeIDE/plugins/com.st.stm32cube.ide.mcu.externaltools.gnu-tools-for-stm32.12.3.rel1.win32_1.0.200.202406191623/tools/bin/../lib/gcc/arm-none-eabi/12.3.1/../../../../arm-none-eabi/lib/thumb/v6-m/nofp\libc_nano.a(libc_a-memcpy-stub.o)
 .ARM.attributes
                0x000007d0       0x1e C:/ST/STM32CubeIDE_1.16.0/STM32CubeIDE/plugins/com.st.stm32cube.ide.mcu.externaltools.gnu-tools-for-stm32.12.3.rel1.win32_1.0.200.202406191623/tools/bin/../lib/gcc/arm-none-eabi/12.3.1/thumb/v6-m/nofp\libgcc.a(_udivsi3.o)
 .ARM.attributes
                0x000007ee       0x1e C:/ST/STM32CubeIDE_1.16.0/STM32CubeIDE/plugins/com.st.stm32cube.ide.mcu.externaltools.gnu-tools-for-stm32.12.3.rel1.win32_1.0.200.202406191623/tools/bin/../lib/gcc/arm-none-eabi/12.3.1/thumb/v6-m/nofp\libgcc.a(_divsi3.o)
 .ARM.attributes
                0x0000080c       0x1e C:/ST/STM32CubeIDE_1.16.0/STM32CubeIDE/plugins/com.st.stm32cube.ide.mcu.externaltools.gnu-tools-for-stm32.12.3.rel1.win32_1.0.200.202406191623/tools/bin/../lib/gcc/arm-none-eabi/12.3.1/thumb/v6-m/nofp\libgcc.a(_dvmd_tls.o)
 .ARM.attributes
                0x0000082a       0x1e C:/ST/STM32CubeIDE_1.16.0/STM32CubeIDE/plugins/com.st.stm32cube.ide.mcu.externaltools.gnu-tools-for-stm32.12.3.rel1.win32_1.0.200.202406191623/tools/bin/../lib/gcc/arm-none-eabi/12.3.1/thumb/v6-m/nofp\libgcc.a(_arm_cmpsf2.o)
 .ARM.attributes
                0x00000848       0x2c C:/ST/STM32CubeIDE_1.16.0/STM32CubeIDE/plugins/com.st.stm32cube.ide.mcu.externaltools.gnu-tools-for-stm32.12.3.rel1.win32_1.0.200.202406191623/tools/bin/../lib/gcc/arm-none-eabi/12.3.1/thumb/v6-m/nofp\libgcc.a(_fixunssfsi.o)
 .ARM.attributes
                0x00000874       0x2c C:/ST/STM32CubeIDE_1.16.0/STM32CubeIDE/plugins/com.st.stm32cube.ide.mcu.externaltools.gnu-tools-for-stm32.12.3.rel1.win32_1.0.200.202406191623/tools/bin/../lib/gcc/arm-none-eabi/12.3.1/thumb/v6-m/nofp\libgcc.a(addsf3.o)
 .ARM.attributes
                0x000008a0       0x2c C:/ST/STM32CubeIDE_1.16.0/STM32CubeIDE/plugins/com.st.stm32cube.ide.mcu.externaltools.gnu-tools-for-stm32.12.3.rel1.win32_1.0.200.202406191623/tools/bin/../lib/gcc/arm-none-eabi/12.3.1/thumb/v6-m/nofp\libgcc.a(divsf3.o)
 .ARM.attributes
                0x000008cc       0x2c C:/ST/STM32CubeIDE_1.16.0/STM32CubeIDE/plugins/com.st.stm32cube.ide.mcu.externaltools.gnu-tools-for-stm32.12.3.rel1.win32_1.0.200.202406191623/tools/bin/../lib/gcc/arm-none-eabi/12.3.1/thumb/v6-m/nofp\libgcc.a(eqsf2.o)
 .ARM.attributes
                0x000008f8       0x2c C:/ST/STM32CubeIDE_1.16.0/STM32CubeIDE/plugins/com.st.stm32cube.ide.mcu.externaltools.gnu-tools-for-stm32.12.3.rel1.win32_1.0.200.202406191623/tools/bin/../lib/gcc/arm-none-eabi/12.3.1/thumb/v6-m/nofp\libgcc.a(gesf2.o)
 .ARM.attributes
                0x00000924       0x2c C:/ST/STM32CubeIDE_1.16.0/STM32CubeIDE/plugins/com.st.stm32cube.ide.mcu.externaltools.gnu-tools-for-stm32.12.3.rel1.win32_1.0.200.202406191623/tools/bin/../lib/gcc/arm-none-eabi/12.3.1/thumb/v6-m/nofp\libgcc.a(lesf2.o)
 .ARM.attributes
                0x00000950       0x2c C:/ST/STM32CubeIDE_1.16.0/STM32CubeIDE/plugins/com.st.stm32cube.ide.mcu.externaltools.gnu-tools-for-stm32.12.3.rel1.win32_1.0.200.202406191623/tools/bin/../lib/gcc/arm-none-eabi/12.3.1/thumb/v6-m/nofp\libgcc.a(mulsf3.o)
 .ARM.attributes
                0x0000097c       0x2c C:/ST/STM32CubeIDE_1.16.0/STM32CubeIDE/plugins/com.st.stm32cube.ide.mcu.externaltools.gnu-tools-for-stm32.12.3.rel1.win32_1.0.200.202406191623/tools/bin/../lib/gcc/arm-none-eabi/12.3.1/thumb/v6-m/nofp\libgcc.a(subsf3.o)
 .ARM.attributes
                0x000009a8       0x2c C:/ST/STM32CubeIDE_1.16.0/STM32CubeIDE/plugins/com.st.stm32cube.ide.mcu.externaltools.gnu-tools-for-stm32.12.3.rel1.win32_1.0.200.202406191623/tools/bin/../lib/gcc/arm-none-eabi/12.3.1/thumb/v6-m/nofp\libgcc.a(fixsfsi.o)
 .ARM.attributes
                0x000009d4       0x2c C:/ST/STM32CubeIDE_1.16.0/STM32CubeIDE/plugins/com.st.stm32cube.ide.mcu.externaltools.gnu-tools-for-stm32.12.3.rel1.win32_1.0.200.202406191623/tools/bin/../lib/gcc/arm-none-eabi/12.3.1/thumb/v6-m/nofp\libgcc.a(floatunsisf.o)
 .ARM.attributes
                0x00000a00       0x1e C:/ST/STM32CubeIDE_1.16.0/STM32CubeIDE/plugins/com.st.stm32cube.ide.mcu.externaltools.gnu-tools-for-stm32.12.3.rel1.win32_1.0.200.202406191623/tools/bin/../lib/gcc/arm-none-eabi/12.3.1/thumb/v6-m/nofp\libgcc.a(_clzsi2.o)
 .ARM.attributes
                0x00000a1e       0x1e C:/ST/STM32CubeIDE_1.16.0/STM32CubeIDE/plugins/com.st.stm32cube.ide.mcu.externaltools.gnu-tools-for-stm32.12.3.rel1.win32_1.0.200.202406191623/tools/bin/../lib/gcc/arm-none-eabi/12.3.1/thumb/v6-m/nofp/crtn.o
OUTPUT(DMC_G0.elf elf32-littlearm)
LOAD linker stubs
LOAD C:/ST/STM32CubeIDE_1.16.0/STM32CubeIDE/plugins/com.st.stm32cube.ide.mcu.externaltools.gnu-tools-for-stm32.12.3.rel1.win32_1.0.200.202406191623/tools/bin/../lib/gcc/arm-none-eabi/12.3.1/../../../../arm-none-eabi/lib/thumb/v6-m/nofp\libc.a
LOAD C:/ST/STM32CubeIDE_1.16.0/STM32CubeIDE/plugins/com.st.stm32cube.ide.mcu.externaltools.gnu-tools-for-stm32.12.3.rel1.win32_1.0.200.202406191623/tools/bin/../lib/gcc/arm-none-eabi/12.3.1/../../../../arm-none-eabi/lib/thumb/v6-m/nofp\libm.a
LOAD C:/ST/STM32CubeIDE_1.16.0/STM32CubeIDE/plugins/com.st.stm32cube.ide.mcu.externaltools.gnu-tools-for-stm32.12.3.rel1.win32_1.0.200.202406191623/tools/bin/../lib/gcc/arm-none-eabi/12.3.1/thumb/v6-m/nofp\libgcc.a

.debug_info     0x00000000    0x25ef3
 .debug_info    0x00000000      0xecf ./Core/Src/adc.o
 .debug_info    0x00000ecf      0x3de ./Core/Src/dma.o
 .debug_info    0x000012ad      0x534 ./Core/Src/gpio.o
 .debug_info    0x000017e1     0x15ce ./Core/Src/initialtask.o
 .debug_info    0x00002daf      0x2b5 ./Core/Src/iwdg.o
 .debug_info    0x00003064      0x768 ./Core/Src/main.o
 .debug_info    0x000037cc      0x2d6 ./Core/Src/stm32g0xx_hal_msp.o
 .debug_info    0x00003aa2     0x22a8 ./Core/Src/stm32g0xx_it.o
 .debug_info    0x00005d4a      0x34e ./Core/Src/system_stm32g0xx.o
 .debug_info    0x00006098     0x1e94 ./Core/Src/tim.o
 .debug_info    0x00007f2c      0xef4 ./Core/Src/usart.o
 .debug_info    0x00008e20       0x30 ./Core/Startup/startup_stm32g030c6tx.o
 .debug_info    0x00008e50      0xcd7 ./DMC/Auxilaries/Display.o
 .debug_info    0x00009b27      0x317 ./DMC/Auxilaries/SWS.o
 .debug_info    0x00009e3e      0x69b ./DMC/Auxilaries/pedalAssist.o
 .debug_info    0x0000a4d9      0x702 ./DMC/ControlLoop/controlLoop.o
 .debug_info    0x0000abdb      0x8b1 ./DMC/Cruise_control/cruiseControl.o
 .debug_info    0x0000b48c      0x7eb ./DMC/DrivingHandler/drivinghandler.o
 .debug_info    0x0000bc77      0xa9c ./DMC/MeasurementHandler/measurement.o
 .debug_info    0x0000c713      0x458 ./DMC/ProtectionHandler/Protection.o
 .debug_info    0x0000cb6b      0x99d ./DMC/StateMachine/statemachine.o
 .debug_info    0x0000d508      0x7e1 ./DMC/Taskhandler/taskhandler.o
 .debug_info    0x0000dce9      0x4f7 ./DMC/commutation/SVM.o
 .debug_info    0x0000e1e0      0x857 ./DMC/commutation/motor.o
 .debug_info    0x0000ea37      0x7eb ./DMC/initialconfig.o
 .debug_info    0x0000f222      0x9e6 ./Drivers/STM32G0xx_HAL_Driver/Src/stm32g0xx_hal.o
 .debug_info    0x0000fc08     0x21f9 ./Drivers/STM32G0xx_HAL_Driver/Src/stm32g0xx_hal_adc.o
 .debug_info    0x00011e01      0xd00 ./Drivers/STM32G0xx_HAL_Driver/Src/stm32g0xx_hal_adc_ex.o
 .debug_info    0x00012b01      0xa22 ./Drivers/STM32G0xx_HAL_Driver/Src/stm32g0xx_hal_cortex.o
 .debug_info    0x00013523      0xa60 ./Drivers/STM32G0xx_HAL_Driver/Src/stm32g0xx_hal_dma.o
 .debug_info    0x00013f83      0x5ef ./Drivers/STM32G0xx_HAL_Driver/Src/stm32g0xx_hal_gpio.o
 .debug_info    0x00014572      0x25c ./Drivers/STM32G0xx_HAL_Driver/Src/stm32g0xx_hal_iwdg.o
 .debug_info    0x000147ce      0x4f6 ./Drivers/STM32G0xx_HAL_Driver/Src/stm32g0xx_hal_pwr_ex.o
 .debug_info    0x00014cc4      0xd7d ./Drivers/STM32G0xx_HAL_Driver/Src/stm32g0xx_hal_rcc.o
 .debug_info    0x00015a41      0x81b ./Drivers/STM32G0xx_HAL_Driver/Src/stm32g0xx_hal_rcc_ex.o
 .debug_info    0x0001625c     0x48c4 ./Drivers/STM32G0xx_HAL_Driver/Src/stm32g0xx_hal_tim.o
 .debug_info    0x0001ab20     0x1f2a ./Drivers/STM32G0xx_HAL_Driver/Src/stm32g0xx_hal_tim_ex.o
 .debug_info    0x0001ca4a     0x63cf ./Drivers/STM32G0xx_HAL_Driver/Src/stm32g0xx_hal_uart.o
 .debug_info    0x00022e19     0x12fb ./Drivers/STM32G0xx_HAL_Driver/Src/stm32g0xx_hal_uart_ex.o
 .debug_info    0x00024114      0x7b4 ./Drivers/STM32G0xx_HAL_Driver/Src/stm32g0xx_ll_gpio.o
 .debug_info    0x000248c8     0x162b ./Drivers/STM32G0xx_HAL_Driver/Src/stm32g0xx_ll_tim.o

.debug_abbrev   0x00000000     0x5c7c
 .debug_abbrev  0x00000000      0x24d ./Core/Src/adc.o
 .debug_abbrev  0x0000024d      0x144 ./Core/Src/dma.o
 .debug_abbrev  0x00000391      0x190 ./Core/Src/gpio.o
 .debug_abbrev  0x00000521      0x292 ./Core/Src/initialtask.o
 .debug_abbrev  0x000007b3      0x181 ./Core/Src/iwdg.o
 .debug_abbrev  0x00000934      0x276 ./Core/Src/main.o
 .debug_abbrev  0x00000baa       0xed ./Core/Src/stm32g0xx_hal_msp.o
 .debug_abbrev  0x00000c97      0x4ee ./Core/Src/stm32g0xx_it.o
 .debug_abbrev  0x00001185      0x148 ./Core/Src/system_stm32g0xx.o
 .debug_abbrev  0x000012cd      0x359 ./Core/Src/tim.o
 .debug_abbrev  0x00001626      0x256 ./Core/Src/usart.o
 .debug_abbrev  0x0000187c       0x24 ./Core/Startup/startup_stm32g030c6tx.o
 .debug_abbrev  0x000018a0      0x249 ./DMC/Auxilaries/Display.o
 .debug_abbrev  0x00001ae9       0xdc ./DMC/Auxilaries/SWS.o
 .debug_abbrev  0x00001bc5      0x17a ./DMC/Auxilaries/pedalAssist.o
 .debug_abbrev  0x00001d3f      0x142 ./DMC/ControlLoop/controlLoop.o
 .debug_abbrev  0x00001e81      0x28c ./DMC/Cruise_control/cruiseControl.o
 .debug_abbrev  0x0000210d      0x13d ./DMC/DrivingHandler/drivinghandler.o
 .debug_abbrev  0x0000224a      0x21d ./DMC/MeasurementHandler/measurement.o
 .debug_abbrev  0x00002467       0xf5 ./DMC/ProtectionHandler/Protection.o
 .debug_abbrev  0x0000255c      0x1ff ./DMC/StateMachine/statemachine.o
 .debug_abbrev  0x0000275b      0x177 ./DMC/Taskhandler/taskhandler.o
 .debug_abbrev  0x000028d2      0x221 ./DMC/commutation/SVM.o
 .debug_abbrev  0x00002af3      0x147 ./DMC/commutation/motor.o
 .debug_abbrev  0x00002c3a      0x14e ./DMC/initialconfig.o
 .debug_abbrev  0x00002d88      0x33f ./Drivers/STM32G0xx_HAL_Driver/Src/stm32g0xx_hal.o
 .debug_abbrev  0x000030c7      0x323 ./Drivers/STM32G0xx_HAL_Driver/Src/stm32g0xx_hal_adc.o
 .debug_abbrev  0x000033ea      0x30d ./Drivers/STM32G0xx_HAL_Driver/Src/stm32g0xx_hal_adc_ex.o
 .debug_abbrev  0x000036f7      0x2dc ./Drivers/STM32G0xx_HAL_Driver/Src/stm32g0xx_hal_cortex.o
 .debug_abbrev  0x000039d3      0x299 ./Drivers/STM32G0xx_HAL_Driver/Src/stm32g0xx_hal_dma.o
 .debug_abbrev  0x00003c6c      0x26c ./Drivers/STM32G0xx_HAL_Driver/Src/stm32g0xx_hal_gpio.o
 .debug_abbrev  0x00003ed8      0x189 ./Drivers/STM32G0xx_HAL_Driver/Src/stm32g0xx_hal_iwdg.o
 .debug_abbrev  0x00004061      0x1fc ./Drivers/STM32G0xx_HAL_Driver/Src/stm32g0xx_hal_pwr_ex.o
 .debug_abbrev  0x0000425d      0x36b ./Drivers/STM32G0xx_HAL_Driver/Src/stm32g0xx_hal_rcc.o
 .debug_abbrev  0x000045c8      0x296 ./Drivers/STM32G0xx_HAL_Driver/Src/stm32g0xx_hal_rcc_ex.o
 .debug_abbrev  0x0000485e      0x3be ./Drivers/STM32G0xx_HAL_Driver/Src/stm32g0xx_hal_tim.o
 .debug_abbrev  0x00004c1c      0x3b5 ./Drivers/STM32G0xx_HAL_Driver/Src/stm32g0xx_hal_tim_ex.o
 .debug_abbrev  0x00004fd1      0x45e ./Drivers/STM32G0xx_HAL_Driver/Src/stm32g0xx_hal_uart.o
 .debug_abbrev  0x0000542f      0x370 ./Drivers/STM32G0xx_HAL_Driver/Src/stm32g0xx_hal_uart_ex.o
 .debug_abbrev  0x0000579f      0x224 ./Drivers/STM32G0xx_HAL_Driver/Src/stm32g0xx_ll_gpio.o
 .debug_abbrev  0x000059c3      0x2b9 ./Drivers/STM32G0xx_HAL_Driver/Src/stm32g0xx_ll_tim.o

.debug_loclists
                0x00000000     0xc9a6
 .debug_loclists
                0x00000000       0x5e ./Core/Src/adc.o
 .debug_loclists
                0x0000005e       0xf7 ./Core/Src/initialtask.o
 .debug_loclists
                0x00000155      0x162 ./Core/Src/stm32g0xx_it.o
 .debug_loclists
                0x000002b7       0xa7 ./Core/Src/system_stm32g0xx.o
 .debug_loclists
                0x0000035e      0x2cc ./Core/Src/tim.o
 .debug_loclists
                0x0000062a       0x5a ./Core/Src/usart.o
 .debug_loclists
                0x00000684       0x90 ./DMC/Auxilaries/Display.o
 .debug_loclists
                0x00000714       0xcd ./DMC/Auxilaries/pedalAssist.o
 .debug_loclists
                0x000007e1       0x4b ./DMC/ControlLoop/controlLoop.o
 .debug_loclists
                0x0000082c       0x9b ./DMC/Cruise_control/cruiseControl.o
 .debug_loclists
                0x000008c7       0x30 ./DMC/DrivingHandler/drivinghandler.o
 .debug_loclists
                0x000008f7      0x2b2 ./DMC/MeasurementHandler/measurement.o
 .debug_loclists
                0x00000ba9       0x9c ./DMC/ProtectionHandler/Protection.o
 .debug_loclists
                0x00000c45       0x23 ./DMC/Taskhandler/taskhandler.o
 .debug_loclists
                0x00000c68      0x21f ./DMC/commutation/SVM.o
 .debug_loclists
                0x00000e87       0x42 ./DMC/commutation/motor.o
 .debug_loclists
                0x00000ec9      0x128 ./Drivers/STM32G0xx_HAL_Driver/Src/stm32g0xx_hal.o
 .debug_loclists
                0x00000ff1      0xf24 ./Drivers/STM32G0xx_HAL_Driver/Src/stm32g0xx_hal_adc.o
 .debug_loclists
                0x00001f15      0x2a3 ./Drivers/STM32G0xx_HAL_Driver/Src/stm32g0xx_hal_adc_ex.o
 .debug_loclists
                0x000021b8      0x1ef ./Drivers/STM32G0xx_HAL_Driver/Src/stm32g0xx_hal_cortex.o
 .debug_loclists
                0x000023a7      0x62d ./Drivers/STM32G0xx_HAL_Driver/Src/stm32g0xx_hal_dma.o
 .debug_loclists
                0x000029d4      0x372 ./Drivers/STM32G0xx_HAL_Driver/Src/stm32g0xx_hal_gpio.o
 .debug_loclists
                0x00002d46       0x6a ./Drivers/STM32G0xx_HAL_Driver/Src/stm32g0xx_hal_iwdg.o
 .debug_loclists
                0x00002db0      0x19b ./Drivers/STM32G0xx_HAL_Driver/Src/stm32g0xx_hal_pwr_ex.o
 .debug_loclists
                0x00002f4b      0x4e1 ./Drivers/STM32G0xx_HAL_Driver/Src/stm32g0xx_hal_rcc.o
 .debug_loclists
                0x0000342c      0x3a8 ./Drivers/STM32G0xx_HAL_Driver/Src/stm32g0xx_hal_rcc_ex.o
 .debug_loclists
                0x000037d4     0x3c6b ./Drivers/STM32G0xx_HAL_Driver/Src/stm32g0xx_hal_tim.o
 .debug_loclists
                0x0000743f     0x138a ./Drivers/STM32G0xx_HAL_Driver/Src/stm32g0xx_hal_tim_ex.o
 .debug_loclists
                0x000087c9     0x2a13 ./Drivers/STM32G0xx_HAL_Driver/Src/stm32g0xx_hal_uart.o
 .debug_loclists
                0x0000b1dc      0x7ef ./Drivers/STM32G0xx_HAL_Driver/Src/stm32g0xx_hal_uart_ex.o
 .debug_loclists
                0x0000b9cb      0x25f ./Drivers/STM32G0xx_HAL_Driver/Src/stm32g0xx_ll_gpio.o
 .debug_loclists
                0x0000bc2a      0xd7c ./Drivers/STM32G0xx_HAL_Driver/Src/stm32g0xx_ll_tim.o

.debug_aranges  0x00000000     0x13c0
 .debug_aranges
                0x00000000       0x30 ./Core/Src/adc.o
 .debug_aranges
                0x00000030       0x20 ./Core/Src/dma.o
 .debug_aranges
                0x00000050       0x20 ./Core/Src/gpio.o
 .debug_aranges
                0x00000070       0x20 ./Core/Src/initialtask.o
 .debug_aranges
                0x00000090       0x20 ./Core/Src/iwdg.o
 .debug_aranges
                0x000000b0       0x30 ./Core/Src/main.o
 .debug_aranges
                0x000000e0       0x20 ./Core/Src/stm32g0xx_hal_msp.o
 .debug_aranges
                0x00000100       0xd0 ./Core/Src/stm32g0xx_it.o
 .debug_aranges
                0x000001d0       0x28 ./Core/Src/system_stm32g0xx.o
 .debug_aranges
                0x000001f8       0x50 ./Core/Src/tim.o
 .debug_aranges
                0x00000248       0x30 ./Core/Src/usart.o
 .debug_aranges
                0x00000278       0x28 ./Core/Startup/startup_stm32g030c6tx.o
 .debug_aranges
                0x000002a0       0x28 ./DMC/Auxilaries/Display.o
 .debug_aranges
                0x000002c8       0x28 ./DMC/Auxilaries/SWS.o
 .debug_aranges
                0x000002f0       0x30 ./DMC/Auxilaries/pedalAssist.o
 .debug_aranges
                0x00000320       0x40 ./DMC/ControlLoop/controlLoop.o
 .debug_aranges
                0x00000360       0x60 ./DMC/Cruise_control/cruiseControl.o
 .debug_aranges
                0x000003c0       0x20 ./DMC/DrivingHandler/drivinghandler.o
 .debug_aranges
                0x000003e0       0x70 ./DMC/MeasurementHandler/measurement.o
 .debug_aranges
                0x00000450       0x48 ./DMC/ProtectionHandler/Protection.o
 .debug_aranges
                0x00000498       0x38 ./DMC/StateMachine/statemachine.o
 .debug_aranges
                0x000004d0       0x40 ./DMC/Taskhandler/taskhandler.o
 .debug_aranges
                0x00000510       0x30 ./DMC/commutation/SVM.o
 .debug_aranges
                0x00000540       0x28 ./DMC/commutation/motor.o
 .debug_aranges
                0x00000568       0x28 ./DMC/initialconfig.o
 .debug_aranges
                0x00000590      0x100 ./Drivers/STM32G0xx_HAL_Driver/Src/stm32g0xx_hal.o
 .debug_aranges
                0x00000690       0xf8 ./Drivers/STM32G0xx_HAL_Driver/Src/stm32g0xx_hal_adc.o
 .debug_aranges
                0x00000788       0x58 ./Drivers/STM32G0xx_HAL_Driver/Src/stm32g0xx_hal_adc_ex.o
 .debug_aranges
                0x000007e0       0xa0 ./Drivers/STM32G0xx_HAL_Driver/Src/stm32g0xx_hal_cortex.o
 .debug_aranges
                0x00000880       0x80 ./Drivers/STM32G0xx_HAL_Driver/Src/stm32g0xx_hal_dma.o
 .debug_aranges
                0x00000900       0x60 ./Drivers/STM32G0xx_HAL_Driver/Src/stm32g0xx_hal_gpio.o
 .debug_aranges
                0x00000960       0x28 ./Drivers/STM32G0xx_HAL_Driver/Src/stm32g0xx_hal_iwdg.o
 .debug_aranges
                0x00000988       0x98 ./Drivers/STM32G0xx_HAL_Driver/Src/stm32g0xx_hal_pwr_ex.o
 .debug_aranges
                0x00000a20       0x98 ./Drivers/STM32G0xx_HAL_Driver/Src/stm32g0xx_hal_rcc.o
 .debug_aranges
                0x00000ab8       0x40 ./Drivers/STM32G0xx_HAL_Driver/Src/stm32g0xx_hal_rcc_ex.o
 .debug_aranges
                0x00000af8      0x3b0 ./Drivers/STM32G0xx_HAL_Driver/Src/stm32g0xx_hal_tim.o
 .debug_aranges
                0x00000ea8      0x190 ./Drivers/STM32G0xx_HAL_Driver/Src/stm32g0xx_hal_tim_ex.o
 .debug_aranges
                0x00001038      0x238 ./Drivers/STM32G0xx_HAL_Driver/Src/stm32g0xx_hal_uart.o
 .debug_aranges
                0x00001270       0xa0 ./Drivers/STM32G0xx_HAL_Driver/Src/stm32g0xx_hal_uart_ex.o
 .debug_aranges
                0x00001310       0x30 ./Drivers/STM32G0xx_HAL_Driver/Src/stm32g0xx_ll_gpio.o
 .debug_aranges
                0x00001340       0x80 ./Drivers/STM32G0xx_HAL_Driver/Src/stm32g0xx_ll_tim.o

.debug_rnglists
                0x00000000     0x18d3
 .debug_rnglists
                0x00000000       0x48 ./Core/Src/adc.o
 .debug_rnglists
                0x00000048       0x28 ./Core/Src/dma.o
 .debug_rnglists
                0x00000070       0x4a ./Core/Src/gpio.o
 .debug_rnglists
                0x000000ba       0x3b ./Core/Src/initialtask.o
 .debug_rnglists
                0x000000f5       0x13 ./Core/Src/iwdg.o
 .debug_rnglists
                0x00000108       0x1f ./Core/Src/main.o
 .debug_rnglists
                0x00000127       0x2e ./Core/Src/stm32g0xx_hal_msp.o
 .debug_rnglists
                0x00000155       0xcc ./Core/Src/stm32g0xx_it.o
 .debug_rnglists
                0x00000221       0x1a ./Core/Src/system_stm32g0xx.o
 .debug_rnglists
                0x0000023b      0x11e ./Core/Src/tim.o
 .debug_rnglists
                0x00000359       0x39 ./Core/Src/usart.o
 .debug_rnglists
                0x00000392       0x19 ./Core/Startup/startup_stm32g030c6tx.o
 .debug_rnglists
                0x000003ab       0x19 ./DMC/Auxilaries/Display.o
 .debug_rnglists
                0x000003c4       0x19 ./DMC/Auxilaries/SWS.o
 .debug_rnglists
                0x000003dd       0x1f ./DMC/Auxilaries/pedalAssist.o
 .debug_rnglists
                0x000003fc       0x2b ./DMC/ControlLoop/controlLoop.o
 .debug_rnglists
                0x00000427       0xb3 ./DMC/Cruise_control/cruiseControl.o
 .debug_rnglists
                0x000004da       0x13 ./DMC/DrivingHandler/drivinghandler.o
 .debug_rnglists
                0x000004ed       0x5e ./DMC/MeasurementHandler/measurement.o
 .debug_rnglists
                0x0000054b       0x31 ./DMC/ProtectionHandler/Protection.o
 .debug_rnglists
                0x0000057c       0x32 ./DMC/StateMachine/statemachine.o
 .debug_rnglists
                0x000005ae       0x2b ./DMC/Taskhandler/taskhandler.o
 .debug_rnglists
                0x000005d9       0x3f ./DMC/commutation/SVM.o
 .debug_rnglists
                0x00000618       0x32 ./DMC/commutation/motor.o
 .debug_rnglists
                0x0000064a       0x1a ./DMC/initialconfig.o
 .debug_rnglists
                0x00000664       0xbb ./Drivers/STM32G0xx_HAL_Driver/Src/stm32g0xx_hal.o
 .debug_rnglists
                0x0000071f      0x22e ./Drivers/STM32G0xx_HAL_Driver/Src/stm32g0xx_hal_adc.o
 .debug_rnglists
                0x0000094d       0xb9 ./Drivers/STM32G0xx_HAL_Driver/Src/stm32g0xx_hal_adc_ex.o
 .debug_rnglists
                0x00000a06       0x9d ./Drivers/STM32G0xx_HAL_Driver/Src/stm32g0xx_hal_cortex.o
 .debug_rnglists
                0x00000aa3       0x84 ./Drivers/STM32G0xx_HAL_Driver/Src/stm32g0xx_hal_dma.o
 .debug_rnglists
                0x00000b27       0x45 ./Drivers/STM32G0xx_HAL_Driver/Src/stm32g0xx_hal_gpio.o
 .debug_rnglists
                0x00000b6c       0x19 ./Drivers/STM32G0xx_HAL_Driver/Src/stm32g0xx_hal_iwdg.o
 .debug_rnglists
                0x00000b85       0x6d ./Drivers/STM32G0xx_HAL_Driver/Src/stm32g0xx_hal_pwr_ex.o
 .debug_rnglists
                0x00000bf2       0xb4 ./Drivers/STM32G0xx_HAL_Driver/Src/stm32g0xx_hal_rcc.o
 .debug_rnglists
                0x00000ca6       0x71 ./Drivers/STM32G0xx_HAL_Driver/Src/stm32g0xx_hal_rcc_ex.o
 .debug_rnglists
                0x00000d17      0x590 ./Drivers/STM32G0xx_HAL_Driver/Src/stm32g0xx_hal_tim.o
 .debug_rnglists
                0x000012a7      0x18c ./Drivers/STM32G0xx_HAL_Driver/Src/stm32g0xx_hal_tim_ex.o
 .debug_rnglists
                0x00001433      0x2bb ./Drivers/STM32G0xx_HAL_Driver/Src/stm32g0xx_hal_uart.o
 .debug_rnglists
                0x000016ee       0xb8 ./Drivers/STM32G0xx_HAL_Driver/Src/stm32g0xx_hal_uart_ex.o
 .debug_rnglists
                0x000017a6       0x50 ./Drivers/STM32G0xx_HAL_Driver/Src/stm32g0xx_ll_gpio.o
 .debug_rnglists
                0x000017f6       0xdd ./Drivers/STM32G0xx_HAL_Driver/Src/stm32g0xx_ll_tim.o

.debug_macro    0x00000000    0x1b999
 .debug_macro   0x00000000      0x27a ./Core/Src/adc.o
 .debug_macro   0x0000027a      0xa90 ./Core/Src/adc.o
 .debug_macro   0x00000d0a      0x129 ./Core/Src/adc.o
 .debug_macro   0x00000e33       0x2e ./Core/Src/adc.o
 .debug_macro   0x00000e61       0x28 ./Core/Src/adc.o
 .debug_macro   0x00000e89       0x22 ./Core/Src/adc.o
 .debug_macro   0x00000eab       0x8e ./Core/Src/adc.o
 .debug_macro   0x00000f39       0x51 ./Core/Src/adc.o
 .debug_macro   0x00000f8a      0x103 ./Core/Src/adc.o
 .debug_macro   0x0000108d       0x6a ./Core/Src/adc.o
 .debug_macro   0x000010f7      0x1df ./Core/Src/adc.o
 .debug_macro   0x000012d6       0x1c ./Core/Src/adc.o
 .debug_macro   0x000012f2       0x22 ./Core/Src/adc.o
 .debug_macro   0x00001314       0xd1 ./Core/Src/adc.o
 .debug_macro   0x000013e5      0x4da ./Core/Src/adc.o
 .debug_macro   0x000018bf      0x11f ./Core/Src/adc.o
 .debug_macro   0x000019de     0xa0e8 ./Core/Src/adc.o
 .debug_macro   0x0000bac6       0x66 ./Core/Src/adc.o
 .debug_macro   0x0000bb2c     0x350e ./Core/Src/adc.o
 .debug_macro   0x0000f03a      0x189 ./Core/Src/adc.o
 .debug_macro   0x0000f1c3       0x5c ./Core/Src/adc.o
 .debug_macro   0x0000f21f      0x470 ./Core/Src/adc.o
 .debug_macro   0x0000f68f      0xe1a ./Core/Src/adc.o
 .debug_macro   0x000104a9      0x106 ./Core/Src/adc.o
 .debug_macro   0x000105af      0x1cf ./Core/Src/adc.o
 .debug_macro   0x0001077e       0xff ./Core/Src/adc.o
 .debug_macro   0x0001087d      0x33c ./Core/Src/adc.o
 .debug_macro   0x00010bb9      0x209 ./Core/Src/adc.o
 .debug_macro   0x00010dc2      0x2c7 ./Core/Src/adc.o
 .debug_macro   0x00011089      0x198 ./Core/Src/adc.o
 .debug_macro   0x00011221       0x43 ./Core/Src/adc.o
 .debug_macro   0x00011264      0x1f1 ./Core/Src/adc.o
 .debug_macro   0x00011455      0x8a1 ./Core/Src/adc.o
 .debug_macro   0x00011cf6      0x5ad ./Core/Src/adc.o
 .debug_macro   0x000122a3       0x2e ./Core/Src/adc.o
 .debug_macro   0x000122d1      0x1d6 ./Core/Src/adc.o
 .debug_macro   0x000124a7      0x2a3 ./Core/Src/adc.o
 .debug_macro   0x0001274a       0x28 ./Core/Src/adc.o
 .debug_macro   0x00012772       0xcf ./Core/Src/adc.o
 .debug_macro   0x00012841       0x85 ./Core/Src/adc.o
 .debug_macro   0x000128c6       0xff ./Core/Src/adc.o
 .debug_macro   0x000129c5      0x10d ./Core/Src/adc.o
 .debug_macro   0x00012ad2      0xac2 ./Core/Src/adc.o
 .debug_macro   0x00013594       0xfa ./Core/Src/adc.o
 .debug_macro   0x0001368e      0x693 ./Core/Src/adc.o
 .debug_macro   0x00013d21       0xa6 ./Core/Src/adc.o
 .debug_macro   0x00013dc7      0x412 ./Core/Src/adc.o
 .debug_macro   0x000141d9      0x8f3 ./Core/Src/adc.o
 .debug_macro   0x00014acc       0xd3 ./Core/Src/adc.o
 .debug_macro   0x00014b9f      0x174 ./Core/Src/adc.o
 .debug_macro   0x00014d13      0x12c ./Core/Src/adc.o
 .debug_macro   0x00014e3f       0x5a ./Core/Src/adc.o
 .debug_macro   0x00014e99      0x159 ./Core/Src/adc.o
 .debug_macro   0x00014ff2      0x131 ./Core/Src/adc.o
 .debug_macro   0x00015123      0x177 ./Core/Src/adc.o
 .debug_macro   0x0001529a       0xb8 ./Core/Src/adc.o
 .debug_macro   0x00015352      0x27a ./Core/Src/dma.o
 .debug_macro   0x000155cc      0x27a ./Core/Src/gpio.o
 .debug_macro   0x00015846      0x2c6 ./Core/Src/initialtask.o
 .debug_macro   0x00015b0c       0x88 ./Core/Src/initialtask.o
 .debug_macro   0x00015b94       0x10 ./Core/Src/initialtask.o
 .debug_macro   0x00015ba4      0x27a ./Core/Src/iwdg.o
 .debug_macro   0x00015e1e      0x2ba ./Core/Src/main.o
 .debug_macro   0x000160d8      0x270 ./Core/Src/stm32g0xx_hal_msp.o
 .debug_macro   0x00016348      0x3ea ./Core/Src/stm32g0xx_it.o
 .debug_macro   0x00016732       0x61 ./Core/Src/stm32g0xx_it.o
 .debug_macro   0x00016793       0x24 ./Core/Src/stm32g0xx_it.o
 .debug_macro   0x000167b7       0x43 ./Core/Src/stm32g0xx_it.o
 .debug_macro   0x000167fa       0x34 ./Core/Src/stm32g0xx_it.o
 .debug_macro   0x0001682e       0x16 ./Core/Src/stm32g0xx_it.o
 .debug_macro   0x00016844       0x43 ./Core/Src/stm32g0xx_it.o
 .debug_macro   0x00016887       0x34 ./Core/Src/stm32g0xx_it.o
 .debug_macro   0x000168bb       0x10 ./Core/Src/stm32g0xx_it.o
 .debug_macro   0x000168cb       0x58 ./Core/Src/stm32g0xx_it.o
 .debug_macro   0x00016923       0x8e ./Core/Src/stm32g0xx_it.o
 .debug_macro   0x000169b1       0x1c ./Core/Src/stm32g0xx_it.o
 .debug_macro   0x000169cd      0x177 ./Core/Src/stm32g0xx_it.o
 .debug_macro   0x00016b44      0x369 ./Core/Src/stm32g0xx_it.o
 .debug_macro   0x00016ead       0x10 ./Core/Src/stm32g0xx_it.o
 .debug_macro   0x00016ebd       0x35 ./Core/Src/stm32g0xx_it.o
 .debug_macro   0x00016ef2       0x20 ./Core/Src/stm32g0xx_it.o
 .debug_macro   0x00016f12      0x211 ./Core/Src/system_stm32g0xx.o
 .debug_macro   0x00017123      0x27a ./Core/Src/tim.o
 .debug_macro   0x0001739d      0x27a ./Core/Src/usart.o
 .debug_macro   0x00017617      0x365 ./DMC/Auxilaries/Display.o
 .debug_macro   0x0001797c       0x56 ./DMC/Auxilaries/Display.o
 .debug_macro   0x000179d2       0x81 ./DMC/Auxilaries/SWS.o
 .debug_macro   0x00017a53       0x8f ./DMC/Auxilaries/pedalAssist.o
 .debug_macro   0x00017ae2       0x85 ./DMC/ControlLoop/controlLoop.o
 .debug_macro   0x00017b67       0x81 ./DMC/Cruise_control/cruiseControl.o
 .debug_macro   0x00017be8      0x184 ./DMC/DrivingHandler/drivinghandler.o
 .debug_macro   0x00017d6c       0x16 ./DMC/DrivingHandler/drivinghandler.o
 .debug_macro   0x00017d82       0x9e ./DMC/DrivingHandler/drivinghandler.o
 .debug_macro   0x00017e20      0x10b ./DMC/DrivingHandler/drivinghandler.o
 .debug_macro   0x00017f2b       0x16 ./DMC/DrivingHandler/drivinghandler.o
 .debug_macro   0x00017f41      0x39e ./DMC/MeasurementHandler/measurement.o
 .debug_macro   0x000182df      0x19b ./DMC/MeasurementHandler/measurement.o
 .debug_macro   0x0001847a      0x18d ./DMC/ProtectionHandler/Protection.o
 .debug_macro   0x00018607       0x99 ./DMC/StateMachine/statemachine.o
 .debug_macro   0x000186a0      0x1af ./DMC/Taskhandler/taskhandler.o
 .debug_macro   0x0001884f      0x2da ./DMC/commutation/SVM.o
 .debug_macro   0x00018b29       0xc0 ./DMC/commutation/motor.o
 .debug_macro   0x00018be9       0x7b ./DMC/initialconfig.o
 .debug_macro   0x00018c64      0x22f ./Drivers/STM32G0xx_HAL_Driver/Src/stm32g0xx_hal.o
 .debug_macro   0x00018e93      0x235 ./Drivers/STM32G0xx_HAL_Driver/Src/stm32g0xx_hal_adc.o
 .debug_macro   0x000190c8      0x21d ./Drivers/STM32G0xx_HAL_Driver/Src/stm32g0xx_hal_adc_ex.o
 .debug_macro   0x000192e5      0x211 ./Drivers/STM32G0xx_HAL_Driver/Src/stm32g0xx_hal_cortex.o
 .debug_macro   0x000194f6      0x211 ./Drivers/STM32G0xx_HAL_Driver/Src/stm32g0xx_hal_dma.o
 .debug_macro   0x00019707      0x218 ./Drivers/STM32G0xx_HAL_Driver/Src/stm32g0xx_hal_gpio.o
 .debug_macro   0x0001991f      0x21f ./Drivers/STM32G0xx_HAL_Driver/Src/stm32g0xx_hal_iwdg.o
 .debug_macro   0x00019b3e      0x223 ./Drivers/STM32G0xx_HAL_Driver/Src/stm32g0xx_hal_pwr_ex.o
 .debug_macro   0x00019d61      0x253 ./Drivers/STM32G0xx_HAL_Driver/Src/stm32g0xx_hal_rcc.o
 .debug_macro   0x00019fb4      0x229 ./Drivers/STM32G0xx_HAL_Driver/Src/stm32g0xx_hal_rcc_ex.o
 .debug_macro   0x0001a1dd      0x219 ./Drivers/STM32G0xx_HAL_Driver/Src/stm32g0xx_hal_tim.o
 .debug_macro   0x0001a3f6      0x217 ./Drivers/STM32G0xx_HAL_Driver/Src/stm32g0xx_hal_tim_ex.o
 .debug_macro   0x0001a60d      0x23c ./Drivers/STM32G0xx_HAL_Driver/Src/stm32g0xx_hal_uart.o
 .debug_macro   0x0001a849      0x21d ./Drivers/STM32G0xx_HAL_Driver/Src/stm32g0xx_hal_uart_ex.o
 .debug_macro   0x0001aa66      0x253 ./Drivers/STM32G0xx_HAL_Driver/Src/stm32g0xx_ll_gpio.o
 .debug_macro   0x0001acb9      0x12b ./Drivers/STM32G0xx_HAL_Driver/Src/stm32g0xx_ll_gpio.o
 .debug_macro   0x0001ade4      0x2c8 ./Drivers/STM32G0xx_HAL_Driver/Src/stm32g0xx_ll_tim.o
 .debug_macro   0x0001b0ac      0x8ed ./Drivers/STM32G0xx_HAL_Driver/Src/stm32g0xx_ll_tim.o

.debug_line     0x00000000    0x28194
 .debug_line    0x00000000      0xb4b ./Core/Src/adc.o
 .debug_line    0x00000b4b      0x8c2 ./Core/Src/dma.o
 .debug_line    0x0000140d      0x984 ./Core/Src/gpio.o
 .debug_line    0x00001d91      0xa30 ./Core/Src/initialtask.o
 .debug_line    0x000027c1      0x8e3 ./Core/Src/iwdg.o
 .debug_line    0x000030a4      0xa73 ./Core/Src/main.o
 .debug_line    0x00003b17      0x8c4 ./Core/Src/stm32g0xx_hal_msp.o
 .debug_line    0x000043db     0x1135 ./Core/Src/stm32g0xx_it.o
 .debug_line    0x00005510      0x8cb ./Core/Src/system_stm32g0xx.o
 .debug_line    0x00005ddb     0x1022 ./Core/Src/tim.o
 .debug_line    0x00006dfd      0xa47 ./Core/Src/usart.o
 .debug_line    0x00007844       0x7b ./Core/Startup/startup_stm32g030c6tx.o
 .debug_line    0x000078bf      0xb16 ./DMC/Auxilaries/Display.o
 .debug_line    0x000083d5      0x4b5 ./DMC/Auxilaries/SWS.o
 .debug_line    0x0000888a      0x5d8 ./DMC/Auxilaries/pedalAssist.o
 .debug_line    0x00008e62      0x684 ./DMC/ControlLoop/controlLoop.o
 .debug_line    0x000094e6      0x891 ./DMC/Cruise_control/cruiseControl.o
 .debug_line    0x00009d77      0x66c ./DMC/DrivingHandler/drivinghandler.o
 .debug_line    0x0000a3e3      0xd6b ./DMC/MeasurementHandler/measurement.o
 .debug_line    0x0000b14e      0x6da ./DMC/ProtectionHandler/Protection.o
 .debug_line    0x0000b828      0x636 ./DMC/StateMachine/statemachine.o
 .debug_line    0x0000be5e      0x779 ./DMC/Taskhandler/taskhandler.o
 .debug_line    0x0000c5d7      0xa7c ./DMC/commutation/SVM.o
 .debug_line    0x0000d053      0x5b5 ./DMC/commutation/motor.o
 .debug_line    0x0000d608      0x629 ./DMC/initialconfig.o
 .debug_line    0x0000dc31      0xc66 ./Drivers/STM32G0xx_HAL_Driver/Src/stm32g0xx_hal.o
 .debug_line    0x0000e897     0x21f8 ./Drivers/STM32G0xx_HAL_Driver/Src/stm32g0xx_hal_adc.o
 .debug_line    0x00010a8f      0xd04 ./Drivers/STM32G0xx_HAL_Driver/Src/stm32g0xx_hal_adc_ex.o
 .debug_line    0x00011793      0xd02 ./Drivers/STM32G0xx_HAL_Driver/Src/stm32g0xx_hal_cortex.o
 .debug_line    0x00012495     0x12ac ./Drivers/STM32G0xx_HAL_Driver/Src/stm32g0xx_hal_dma.o
 .debug_line    0x00013741      0xdb1 ./Drivers/STM32G0xx_HAL_Driver/Src/stm32g0xx_hal_gpio.o
 .debug_line    0x000144f2      0x8bc ./Drivers/STM32G0xx_HAL_Driver/Src/stm32g0xx_hal_iwdg.o
 .debug_line    0x00014dae      0xb43 ./Drivers/STM32G0xx_HAL_Driver/Src/stm32g0xx_hal_pwr_ex.o
 .debug_line    0x000158f1     0x157c ./Drivers/STM32G0xx_HAL_Driver/Src/stm32g0xx_hal_rcc.o
 .debug_line    0x00016e6d      0xd83 ./Drivers/STM32G0xx_HAL_Driver/Src/stm32g0xx_hal_rcc_ex.o
 .debug_line    0x00017bf0     0x5ce3 ./Drivers/STM32G0xx_HAL_Driver/Src/stm32g0xx_hal_tim.o
 .debug_line    0x0001d8d3     0x2364 ./Drivers/STM32G0xx_HAL_Driver/Src/stm32g0xx_hal_tim_ex.o
 .debug_line    0x0001fc37     0x53e1 ./Drivers/STM32G0xx_HAL_Driver/Src/stm32g0xx_hal_uart.o
 .debug_line    0x00025018     0x1399 ./Drivers/STM32G0xx_HAL_Driver/Src/stm32g0xx_hal_uart_ex.o
 .debug_line    0x000263b1      0xaad ./Drivers/STM32G0xx_HAL_Driver/Src/stm32g0xx_ll_gpio.o
 .debug_line    0x00026e5e     0x1336 ./Drivers/STM32G0xx_HAL_Driver/Src/stm32g0xx_ll_tim.o

.debug_str      0x00000000    0x9f861
 .debug_str     0x00000000    0x9325d ./Core/Src/adc.o
                              0x94385 (size before relaxing)
 .debug_str     0x0009325d       0x29 ./Core/Src/dma.o
                              0x93cbd (size before relaxing)
 .debug_str     0x00093286       0x68 ./Core/Src/gpio.o
                              0x93bf6 (size before relaxing)