Archive member included to satisfy reference by file (symbol)

C:/ST/STM32CubeIDE_1.16.0/STM32CubeIDE/plugins/com.st.stm32cube.ide.mcu.externaltools.gnu-tools-for-stm32.12.3.rel1.win32_1.0.200.202406191623/tools/bin/../lib/gcc/arm-none-eabi/12.3.1/../../../../arm-none-eabi/lib/thumb/v6-m/nofp\libc_nano.a(libc_a-exit.o)
                              C:/ST/STM32CubeIDE_1.16.0/STM32CubeIDE/plugins/com.st.stm32cube.ide.mcu.externaltools.gnu-tools-for-stm32.12.3.rel1.win32_1.0.200.202406191623/tools/bin/../lib/gcc/arm-none-eabi/12.3.1/../../../../arm-none-eabi/lib/thumb/v6-m/nofp/crt0.o (exit)
C:/ST/STM32CubeIDE_1.16.0/STM32CubeIDE/plugins/com.st.stm32cube.ide.mcu.externaltools.gnu-tools-for-stm32.12.3.rel1.win32_1.0.200.202406191623/tools/bin/../lib/gcc/arm-none-eabi/12.3.1/../../../../arm-none-eabi/lib/thumb/v6-m/nofp\libc_nano.a(libc_a-findfp.o)
                              C:/ST/STM32CubeIDE_1.16.0/STM32CubeIDE/plugins/com.st.stm32cube.ide.mcu.externaltools.gnu-tools-for-stm32.12.3.rel1.win32_1.0.200.202406191623/tools/bin/../lib/gcc/arm-none-eabi/12.3.1/../../../../arm-none-eabi/lib/thumb/v6-m/nofp\libc_nano.a(libc_a-exit.o) (__stdio_exit_handler)
C:/ST/STM32CubeIDE_1.16.0/STM32CubeIDE/plugins/com.st.stm32cube.ide.mcu.externaltools.gnu-tools-for-stm32.12.3.rel1.win32_1.0.200.202406191623/tools/bin/../lib/gcc/arm-none-eabi/12.3.1/../../../../arm-none-eabi/lib/thumb/v6-m/nofp\libc_nano.a(libc_a-fwalk.o)
                              C:/ST/STM32CubeIDE_1.16.0/STM32CubeIDE/plugins/com.st.stm32cube.ide.mcu.externaltools.gnu-tools-for-stm32.12.3.rel1.win32_1.0.200.202406191623/tools/bin/../lib/gcc/arm-none-eabi/12.3.1/../../../../arm-none-eabi/lib/thumb/v6-m/nofp\libc_nano.a(libc_a-findfp.o) (_fwalk_sglue)
C:/ST/STM32CubeIDE_1.16.0/STM32CubeIDE/plugins/com.st.stm32cube.ide.mcu.externaltools.gnu-tools-for-stm32.12.3.rel1.win32_1.0.200.202406191623/tools/bin/../lib/gcc/arm-none-eabi/12.3.1/../../../../arm-none-eabi/lib/thumb/v6-m/nofp\libc_nano.a(libc_a-stdio.o)
                              C:/ST/STM32CubeIDE_1.16.0/STM32CubeIDE/plugins/com.st.stm32cube.ide.mcu.externaltools.gnu-tools-for-stm32.12.3.rel1.win32_1.0.200.202406191623/tools/bin/../lib/gcc/arm-none-eabi/12.3.1/../../../../arm-none-eabi/lib/thumb/v6-m/nofp\libc_nano.a(libc_a-findfp.o) (__sread)
C:/ST/STM32CubeIDE_1.16.0/STM32CubeIDE/plugins/com.st.stm32cube.ide.mcu.externaltools.gnu-tools-for-stm32.12.3.rel1.win32_1.0.200.202406191623/tools/bin/../lib/gcc/arm-none-eabi/12.3.1/../../../../arm-none-eabi/lib/thumb/v6-m/nofp\libc_nano.a(libc_a-memset.o)
                              C:/ST/STM32CubeIDE_1.16.0/STM32CubeIDE/plugins/com.st.stm32cube.ide.mcu.externaltools.gnu-tools-for-stm32.12.3.rel1.win32_1.0.200.202406191623/tools/bin/../lib/gcc/arm-none-eabi/12.3.1/../../../../arm-none-eabi/lib/thumb/v6-m/nofp/crt0.o (memset)
C:/ST/STM32CubeIDE_1.16.0/STM32CubeIDE/plugins/com.st.stm32cube.ide.mcu.externaltools.gnu-tools-for-stm32.12.3.rel1.win32_1.0.200.202406191623/tools/bin/../lib/gcc/arm-none-eabi/12.3.1/../../../../arm-none-eabi/lib/thumb/v6-m/nofp\libc_nano.a(libc_a-closer.o)
                              C:/ST/STM32CubeIDE_1.16.0/STM32CubeIDE/plugins/com.st.stm32cube.ide.mcu.externaltools.gnu-tools-for-stm32.12.3.rel1.win32_1.0.200.202406191623/tools/bin/../lib/gcc/arm-none-eabi/12.3.1/../../../../arm-none-eabi/lib/thumb/v6-m/nofp\libc_nano.a(libc_a-stdio.o) (_close_r)
C:/ST/STM32CubeIDE_1.16.0/STM32CubeIDE/plugins/com.st.stm32cube.ide.mcu.externaltools.gnu-tools-for-stm32.12.3.rel1.win32_1.0.200.202406191623/tools/bin/../lib/gcc/arm-none-eabi/12.3.1/../../../../arm-none-eabi/lib/thumb/v6-m/nofp\libc_nano.a(libc_a-reent.o)
                              C:/ST/STM32CubeIDE_1.16.0/STM32CubeIDE/plugins/com.st.stm32cube.ide.mcu.externaltools.gnu-tools-for-stm32.12.3.rel1.win32_1.0.200.202406191623/tools/bin/../lib/gcc/arm-none-eabi/12.3.1/../../../../arm-none-eabi/lib/thumb/v6-m/nofp\libc_nano.a(libc_a-closer.o) (errno)
C:/ST/STM32CubeIDE_1.16.0/STM32CubeIDE/plugins/com.st.stm32cube.ide.mcu.externaltools.gnu-tools-for-stm32.12.3.rel1.win32_1.0.200.202406191623/tools/bin/../lib/gcc/arm-none-eabi/12.3.1/../../../../arm-none-eabi/lib/thumb/v6-m/nofp\libc_nano.a(libc_a-impure.o)
                              C:/ST/STM32CubeIDE_1.16.0/STM32CubeIDE/plugins/com.st.stm32cube.ide.mcu.externaltools.gnu-tools-for-stm32.12.3.rel1.win32_1.0.200.202406191623/tools/bin/../lib/gcc/arm-none-eabi/12.3.1/../../../../arm-none-eabi/lib/thumb/v6-m/nofp\libc_nano.a(libc_a-reent.o) (_impure_ptr)
C:/ST/STM32CubeIDE_1.16.0/STM32CubeIDE/plugins/com.st.stm32cube.ide.mcu.externaltools.gnu-tools-for-stm32.12.3.rel1.win32_1.0.200.202406191623/tools/bin/../lib/gcc/arm-none-eabi/12.3.1/../../../../arm-none-eabi/lib/thumb/v6-m/nofp\libc_nano.a(libc_a-lseekr.o)
[...]
Memory Configuration

Name             Origin             Length             Attributes
RAM              0x20000000         0x00002000         xrw
FLASH            0x08000000         0x00008000         xr
*default*        0x00000000         0xffffffff

Linker script and memory map

LOAD C:/ST/STM32CubeIDE_1.16.0/STM32CubeIDE/plugins/com.st.stm32cube.ide.mcu.externaltools.gnu-tools-for-stm32.12.3.rel1.win32_1.0.200.202406191623/tools/bin/../lib/gcc/arm-none-eabi/12.3.1/thumb/v6-m/nofp/crti.o
LOAD C:/ST/STM32CubeIDE_1.16.0/STM32CubeIDE/plugins/com.st.stm32cube.ide.mcu.externaltools.gnu-tools-for-stm32.12.3.rel1.win32_1.0.200.202406191623/tools/bin/../lib/gcc/arm-none-eabi/12.3.1/thumb/v6-m/nofp/crtbegin.o
LOAD C:/ST/STM32CubeIDE_1.16.0/STM32CubeIDE/plugins/com.st.stm32cube.ide.mcu.externaltools.gnu-tools-for-stm32.12.3.rel1.win32_1.0.200.202406191623/tools/bin/../lib/gcc/arm-none-eabi/12.3.1/../../../../arm-none-eabi/lib/thumb/v6-m/nofp/crt0.o
LOAD ./Core/Src/adc.o
LOAD ./Core/Src/dma.o
LOAD ./Core/Src/gpio.o
LOAD ./Core/Src/initialtask.o
LOAD ./Core/Src/iwdg.o
LOAD ./Core/Src/main.o
LOAD ./Core/Src/stm32g0xx_hal_msp.o
LOAD ./Core/Src/stm32g0xx_it.o
LOAD ./Core/Src/syscalls.o
LOAD ./Core/Src/sysmem.o
LOAD ./Core/Src/system_stm32g0xx.o
LOAD ./Core/Src/tim.o
LOAD ./Core/Src/usart.o
LOAD ./Core/Startup/startup_stm32g030c6tx.o
LOAD ./DMC/Auxilaries/Display.o
LOAD ./DMC/Auxilaries/SWS.o
LOAD ./DMC/Auxilaries/pedalAssist.o
LOAD ./DMC/ControlLoop/controlLoop.o
LOAD ./DMC/Cruise_control/cruiseControl.o
LOAD ./DMC/DrivingHandler/drivinghandler.o
LOAD ./DMC/MeasurementHandler/measurement.o
LOAD ./DMC/ProtectionHandler/Protection.o
LOAD ./DMC/StateMachine/statemachine.o
LOAD ./DMC/Taskhandler/taskhandler.o
LOAD ./DMC/commutation/SVM.o
LOAD ./DMC/commutation/motor.o
LOAD ./DMC/initialconfig.o
LOAD ./Drivers/STM32G0xx_HAL_Driver/Src/stm32g0xx_hal.o
LOAD ./Drivers/STM32G0xx_HAL_Driver/Src/stm32g0xx_hal_adc.o
LOAD ./Drivers/STM32G0xx_HAL_Driver/Src/stm32g0xx_hal_adc_ex.o
LOAD ./Drivers/STM32G0xx_HAL_Driver/Src/stm32g0xx_hal_cortex.o
LOAD ./Drivers/STM32G0xx_HAL_Driver/Src/stm32g0xx_hal_dma.o
LOAD ./Drivers/STM32G0xx_HAL_Driver/Src/stm32g0xx_hal_dma_ex.o
LOAD ./Drivers/STM32G0xx_HAL_Driver/Src/stm32g0xx_hal_exti.o
LOAD ./Drivers/STM32G0xx_HAL_Driver/Src/stm32g0xx_hal_flash.o
LOAD ./Drivers/STM32G0xx_HAL_Driver/Src/stm32g0xx_hal_flash_ex.o
LOAD ./Drivers/STM32G0xx_HAL_Driver/Src/stm32g0xx_hal_gpio.o
LOAD ./Drivers/STM32G0xx_HAL_Driver/Src/stm32g0xx_hal_iwdg.o
LOAD ./Drivers/STM32G0xx_HAL_Driver/Src/stm32g0xx_hal_pwr.o
LOAD ./Drivers/STM32G0xx_HAL_Driver/Src/stm32g0xx_hal_pwr_ex.o
LOAD ./Drivers/STM32G0xx_HAL_Driver/Src/stm32g0xx_hal_rcc.o
LOAD ./Drivers/STM32G0xx_HAL_Driver/Src/stm32g0xx_hal_rcc_ex.o
LOAD ./Drivers/STM32G0xx_HAL_Driver/Src/stm32g0xx_hal_tim.o
LOAD ./Drivers/STM32G0xx_HAL_Driver/Src/stm32g0xx_hal_tim_ex.o
LOAD ./Drivers/STM32G0xx_HAL_Driver/Src/stm32g0xx_hal_uart.o
LOAD ./Drivers/STM32G0xx_HAL_Driver/Src/stm32g0xx_hal_uart_ex.o
LOAD ./Drivers/STM32G0xx_HAL_Driver/Src/stm32g0xx_ll_adc.o
LOAD ./Drivers/STM32G0xx_HAL_Driver/Src/stm32g0xx_ll_dma.o
LOAD ./Drivers/STM32G0xx_HAL_Driver/Src/stm32g0xx_ll_exti.o
LOAD ./Drivers/STM32G0xx_HAL_Driver/Src/stm32g0xx_ll_gpio.o
LOAD ./Drivers/STM32G0xx_HAL_Driver/Src/stm32g0xx_ll_rcc.o
LOAD ./Drivers/STM32G0xx_HAL_Driver/Src/stm32g0xx_ll_tim.o
LOAD ./Drivers/STM32G0xx_HAL_Driver/Src/stm32g0xx_ll_utils.o
START GROUP
LOAD C:/ST/STM32CubeIDE_1.16.0/STM32CubeIDE/plugins/com.st.stm32cube.ide.mcu.externaltools.gnu-tools-for-stm32.12.3.rel1.win32_1.0.200.202406191623/tools/bin/../lib/gcc/arm-none-eabi/12.3.1/../../../../arm-none-eabi/lib/thumb/v6-m/nofp\libc_nano.a
LOAD C:/ST/STM32CubeIDE_1.16.0/STM32CubeIDE/plugins/com.st.stm32cube.ide.mcu.externaltools.gnu-tools-for-stm32.12.3.rel1.win32_1.0.200.202406191623/tools/bin/../lib/gcc/arm-none-eabi/12.3.1/../../../../arm-none-eabi/lib/thumb/v6-m/nofp\libm.a
END GROUP
START GROUP
LOAD C:/ST/STM32CubeIDE_1.16.0/STM32CubeIDE/plugins/com.st.stm32cube.ide.mcu.externaltools.gnu-tools-for-stm32.12.3.rel1.win32_1.0.200.202406191623/tools/bin/../lib/gcc/arm-none-eabi/12.3.1/thumb/v6-m/nofp\libgcc.a
LOAD C:/ST/STM32CubeIDE_1.16.0/STM32CubeIDE/plugins/com.st.stm32cube.ide.mcu.externaltools.gnu-tools-for-stm32.12.3.rel1.win32_1.0.200.202406191623/tools/bin/../lib/gcc/arm-none-eabi/12.3.1/../../../../arm-none-eabi/lib/thumb/v6-m/nofp\libc_nano.a
END GROUP
START GROUP
LOAD C:/ST/STM32CubeIDE_1.16.0/STM32CubeIDE/plugins/com.st.stm32cube.ide.mcu.externaltools.gnu-tools-for-stm32.12.3.rel1.win32_1.0.200.202406191623/tools/bin/../lib/gcc/arm-none-eabi/12.3.1/thumb/v6-m/nofp\libgcc.a
LOAD C:/ST/STM32CubeIDE_1.16.0/STM32CubeIDE/plugins/com.st.stm32cube.ide.mcu.externaltools.gnu-tools-for-stm32.12.3.rel1.win32_1.0.200.202406191623/tools/bin/../lib/gcc/arm-none-eabi/12.3.1/../../../../arm-none-eabi/lib/thumb/v6-m/nofp\libc_nano.a
LOAD C:/ST/STM32CubeIDE_1.16.0/STM32CubeIDE/plugins/com.st.stm32cube.ide.mcu.externaltools.gnu-tools-for-stm32.12.3.rel1.win32_1.0.200.202406191623/tools/bin/../lib/gcc/arm-none-eabi/12.3.1/../../../../arm-none-eabi/lib/thumb/v6-m/nofp\libnosys.a
END GROUP
START GROUP
LOAD C:/ST/STM32CubeIDE_1.16.0/STM32CubeIDE/plugins/com.st.stm32cube.ide.mcu.externaltools.gnu-tools-for-stm32.12.3.rel1.win32_1.0.200.202406191623/tools/bin/../lib/gcc/arm-none-eabi/12.3.1/thumb/v6-m/nofp\libgcc.a
LOAD C:/ST/STM32CubeIDE_1.16.0/STM32CubeIDE/plugins/com.st.stm32cube.ide.mcu.externaltools.gnu-tools-for-stm32.12.3.rel1.win32_1.0.200.202406191623/tools/bin/../lib/gcc/arm-none-eabi/12.3.1/../../../../arm-none-eabi/lib/thumb/v6-m/nofp\libc_nano.a
LOAD C:/ST/STM32CubeIDE_1.16.0/STM32CubeIDE/plugins/com.st.stm32cube.ide.mcu.externaltools.gnu-tools-for-stm32.12.3.rel1.win32_1.0.200.202406191623/tools/bin/../lib/gcc/arm-none-eabi/12.3.1/../../../../arm-none-eabi/lib/thumb/v6-m/nofp\libnosys.a
END GROUP
LOAD C:/ST/STM32CubeIDE_1.16.0/STM32CubeIDE/plugins/com.st.stm32cube.ide.mcu.externaltools.gnu-tools-for-stm32.12.3.rel1.win32_1.0.200.202406191623/tools/bin/../lib/gcc/arm-none-eabi/12.3.1/thumb/v6-m/nofp/crtend.o
LOAD C:/ST/STM32CubeIDE_1.16.0/STM32CubeIDE/plugins/com.st.stm32cube.ide.mcu.externaltools.gnu-tools-for-stm32.12.3.rel1.win32_1.0.200.202406191623/tools/bin/../lib/gcc/arm-none-eabi/12.3.1/thumb/v6-m/nofp/crtn.o
                0x20002000                        _estack = (ORIGIN (RAM) + LENGTH (RAM))
                0x00000200                        _Min_Heap_Size = 0x200
                0x00000400                        _Min_Stack_Size = 0x400

.isr_vector     0x08000000       0xb8
                0x08000000                        . = ALIGN (0x4)
 *(.isr_vector)
 .isr_vector    0x08000000       0xb8 ./Core/Startup/startup_stm32g030c6tx.o
                0x08000000                g_pfnVectors
                0x080000b8                        . = ALIGN (0x4)

.text           0x080000b8     0x7204
                0x080000b8                        . = ALIGN (0x4)
 *(.text)
 .text          0x080000b8       0x48 C:/ST/STM32CubeIDE_1.16.0/STM32CubeIDE/plugins/com.st.stm32cube.ide.mcu.externaltools.gnu-tools-for-stm32.12.3.rel1.win32_1.0.200.202406191623/tools/bin/../lib/gcc/arm-none-eabi/12.3.1/thumb/v6-m/nofp/crtbegin.o
 .text          0x08000100      0x114 C:/ST/STM32CubeIDE_1.16.0/STM32CubeIDE/plugins/com.st.stm32cube.ide.mcu.externaltools.gnu-tools-for-stm32.12.3.rel1.win32_1.0.200.202406191623/tools/bin/../lib/gcc/arm-none-eabi/12.3.1/thumb/v6-m/nofp\libgcc.a(_udivsi3.o)
                0x08000100                __aeabi_uidiv
                0x08000100                __udivsi3
                0x0800020c                __aeabi_uidivmod
 .text          0x08000214      0x1d4 C:/ST/STM32CubeIDE_1.16.0/STM32CubeIDE/plugins/com.st.stm32cube.ide.mcu.externaltools.gnu-tools-for-stm32.12.3.rel1.win32_1.0.200.202406191623/tools/bin/../lib/gcc/arm-none-eabi/12.3.1/thumb/v6-m/nofp\libgcc.a(_divsi3.o)
                0x08000214                __divsi3
                0x08000214                __aeabi_idiv
                0x080003e0                __aeabi_idivmod
 .text          0x080003e8        0x4 C:/ST/STM32CubeIDE_1.16.0/STM32CubeIDE/plugins/com.st.stm32cube.ide.mcu.externaltools.gnu-tools-for-stm32.12.3.rel1.win32_1.0.200.202406191623/tools/bin/../lib/gcc/arm-none-eabi/12.3.1/thumb/v6-m/nofp\libgcc.a(_dvmd_tls.o)
                0x080003e8                __aeabi_idiv0
                0x080003e8                __aeabi_ldiv0
 .text          0x080003ec       0x74 C:/ST/STM32CubeIDE_1.16.0/STM32CubeIDE/plugins/com.st.stm32cube.ide.mcu.externaltools.gnu-tools-for-stm32.12.3.rel1.win32_1.0.200.202406191623/tools/bin/../lib/gcc/arm-none-eabi/12.3.1/thumb/v6-m/nofp\libgcc.a(_arm_cmpsf2.o)
                0x080003ec                __aeabi_cfrcmple
                0x080003f4                __aeabi_cfcmpeq
                0x080003f4                __aeabi_cfcmple
                0x08000404                __aeabi_fcmpeq
                0x08000410                __aeabi_fcmplt
                0x08000424                __aeabi_fcmple
                0x08000438                __aeabi_fcmpgt
                0x0800044c                __aeabi_fcmpge
 .text          0x08000460       0x30 C:/ST/STM32CubeIDE_1.16.0/STM32CubeIDE/plugins/com.st.stm32cube.ide.mcu.externaltools.gnu-tools-for-stm32.12.3.rel1.win32_1.0.200.202406191623/tools/bin/../lib/gcc/arm-none-eabi/12.3.1/thumb/v6-m/nofp\libgcc.a(_fixunssfsi.o)
                0x08000460                __fixunssfsi
                0x08000460                __aeabi_f2uiz
 .text          0x08000490      0x314 C:/ST/STM32CubeIDE_1.16.0/STM32CubeIDE/plugins/com.st.stm32cube.ide.mcu.externaltools.gnu-tools-for-stm32.12.3.rel1.win32_1.0.200.202406191623/tools/bin/../lib/gcc/arm-none-eabi/12.3.1/thumb/v6-m/nofp\libgcc.a(addsf3.o)
                0x08000490                __aeabi_fadd
 .text          0x080007a4      0x240 C:/ST/STM32CubeIDE_1.16.0/STM32CubeIDE/plugins/com.st.stm32cube.ide.mcu.externaltools.gnu-tools-for-stm32.12.3.rel1.win32_1.0.200.202406191623/tools/bin/../lib/gcc/arm-none-eabi/12.3.1/thumb/v6-m/nofp\libgcc.a(divsf3.o)
                0x080007a4                __aeabi_fdiv
 .text          0x080009e4       0x50 C:/ST/STM32CubeIDE_1.16.0/STM32CubeIDE/plugins/com.st.stm32cube.ide.mcu.externaltools.gnu-tools-for-stm32.12.3.rel1.win32_1.0.200.202406191623/tools/bin/../lib/gcc/arm-none-eabi/12.3.1/thumb/v6-m/nofp\libgcc.a(eqsf2.o)
                0x080009e4                __eqsf2
                0x080009e4                __nesf2
 .text          0x08000a34       0xa0 C:/ST/STM32CubeIDE_1.16.0/STM32CubeIDE/plugins/com.st.stm32cube.ide.mcu.externaltools.gnu-tools-for-stm32.12.3.rel1.win32_1.0.200.202406191623/tools/bin/../lib/gcc/arm-none-eabi/12.3.1/thumb/v6-m/nofp\libgcc.a(gesf2.o)
                0x08000a34                __gesf2
                0x08000a34                __gtsf2
 .text          0x08000ad4       0x9c C:/ST/STM32CubeIDE_1.16.0/STM32CubeIDE/plugins/com.st.stm32cube.ide.mcu.externaltools.gnu-tools-for-stm32.12.3.rel1.win32_1.0.200.202406191623/tools/bin/../lib/gcc/arm-none-eabi/12.3.1/thumb/v6-m/nofp\libgcc.a(lesf2.o)
                0x08000ad4                __ltsf2
                0x08000ad4                __lesf2
 .text          0x08000b70      0x27c C:/ST/STM32CubeIDE_1.16.0/STM32CubeIDE/plugins/com.st.stm32cube.ide.mcu.externaltools.gnu-tools-for-stm32.12.3.rel1.win32_1.0.200.202406191623/tools/bin/../lib/gcc/arm-none-eabi/12.3.1/thumb/v6-m/nofp\libgcc.a(mulsf3.o)
                0x08000b70                __aeabi_fmul
 .text          0x08000dec      0x348 C:/ST/STM32CubeIDE_1.16.0/STM32CubeIDE/plugins/com.st.stm32cube.ide.mcu.externaltools.gnu-tools-for-stm32.12.3.rel1.win32_1.0.200.202406191623/tools/bin/../lib/gcc/arm-none-eabi/12.3.1/thumb/v6-m/nofp\libgcc.a(subsf3.o)
                0x08000dec                __aeabi_fsub
 .text          0x08001134       0x40 C:/ST/STM32CubeIDE_1.16.0/STM32CubeIDE/plugins/com.st.stm32cube.ide.mcu.externaltools.gnu-tools-for-stm32.12.3.rel1.win32_1.0.200.202406191623/tools/bin/../lib/gcc/arm-none-eabi/12.3.1/thumb/v6-m/nofp\libgcc.a(fixsfsi.o)
                0x08001134                __aeabi_f2iz
 .text          0x08001174       0x98 C:/ST/STM32CubeIDE_1.16.0/STM32CubeIDE/plugins/com.st.stm32cube.ide.mcu.externaltools.gnu-tools-for-stm32.12.3.rel1.win32_1.0.200.202406191623/tools/bin/../lib/gcc/arm-none-eabi/12.3.1/thumb/v6-m/nofp\libgcc.a(floatsisf.o)
                0x08001174                __aeabi_i2f
 .text          0x0800120c       0x84 C:/ST/STM32CubeIDE_1.16.0/STM32CubeIDE/plugins/com.st.stm32cube.ide.mcu.externaltools.gnu-tools-for-stm32.12.3.rel1.win32_1.0.200.202406191623/tools/bin/../lib/gcc/arm-none-eabi/12.3.1/thumb/v6-m/nofp\libgcc.a(floatunsisf.o)
                0x0800120c                __aeabi_ui2f
 .text          0x08001290      0x634 C:/ST/STM32CubeIDE_1.16.0/STM32CubeIDE/plugins/com.st.stm32cube.ide.mcu.externaltools.gnu-tools-for-stm32.12.3.rel1.win32_1.0.200.202406191623/tools/bin/../lib/gcc/arm-none-eabi/12.3.1/thumb/v6-m/nofp\libgcc.a(divdf3.o)
                0x08001290                __aeabi_ddiv
 .text          0x080018c4       0x78 C:/ST/STM32CubeIDE_1.16.0/STM32CubeIDE/plugins/com.st.stm32cube.ide.mcu.externaltools.gnu-tools-for-stm32.12.3.rel1.win32_1.0.200.202406191623/tools/bin/../lib/gcc/arm-none-eabi/12.3.1/thumb/v6-m/nofp\libgcc.a(fixdfsi.o)
                0x080018c4                __aeabi_d2iz
 .text          0x0800193c       0x90 C:/ST/STM32CubeIDE_1.16.0/STM32CubeIDE/plugins/com.st.stm32cube.ide.mcu.externaltools.gnu-tools-for-stm32.12.3.rel1.win32_1.0.200.202406191623/tools/bin/../lib/gcc/arm-none-eabi/12.3.1/thumb/v6-m/nofp\libgcc.a(extendsfdf2.o)
                0x0800193c                __aeabi_f2d
 .text          0x080019cc       0x3c C:/ST/STM32CubeIDE_1.16.0/STM32CubeIDE/plugins/com.st.stm32cube.ide.mcu.externaltools.gnu-tools-for-stm32.12.3.rel1.win32_1.0.200.202406191623/tools/bin/../lib/gcc/arm-none-eabi/12.3.1/thumb/v6-m/nofp\libgcc.a(_clzsi2.o)
                0x080019cc                __clzsi2
 *(.text*)
 .text.MX_ADC1_Init
                0x08001a08       0xe0 ./Core/Src/adc.o
                0x08001a08                MX_ADC1_Init
 .text.HAL_ADC_MspInit
                0x08001ae8       0xd8 ./Core/Src/adc.o
                0x08001ae8                HAL_ADC_MspInit
 .text.MX_DMA_Init
                0x08001bc0       0x30 ./Core/Src/dma.o
                0x08001bc0                MX_DMA_Init
 .text.MX_GPIO_Init
                0x08001bf0       0xc0 ./Core/Src/gpio.o
                0x08001bf0                MX_GPIO_Init
 .text.InitalConfig
                0x08001cb0       0xa8 ./Core/Src/initialtask.o
                0x08001cb0                InitalConfig
 .text.MX_IWDG_Init
                0x08001d58       0x30 ./Core/Src/iwdg.o
                0x08001d58                MX_IWDG_Init
 .text.SystemClock_Config
                0x08001d88       0x80 ./Core/Src/main.o
                0x08001d88                SystemClock_Config
 .text.startup.main
                0x08001e08       0x50 ./Core/Src/main.o
                0x08001e08                main
 .text.Error_Handler
                0x08001e58        0x4 ./Core/Src/main.o
                0x08001e58                Error_Handler
 .text.HAL_MspInit
                0x08001e5c       0x30 ./Core/Src/stm32g0xx_hal_msp.o
                0x08001e5c                HAL_MspInit
 .text.NMI_Handler
                0x08001e8c        0x4 ./Core/Src/stm32g0xx_it.o
                0x08001e8c                NMI_Handler
 .text.HardFault_Handler
                0x08001e90        0x4 ./Core/Src/stm32g0xx_it.o
                0x08001e90                HardFault_Handler
 .text.SVC_Handler
                0x08001e94        0x4 ./Core/Src/stm32g0xx_it.o
                0x08001e94                SVC_Handler
 .text.PendSV_Handler
                0x08001e98        0x4 ./Core/Src/stm32g0xx_it.o
                0x08001e98                PendSV_Handler
 .text.SysTick_Handler
                0x08001e9c        0x8 ./Core/Src/stm32g0xx_it.o
                0x08001e9c                SysTick_Handler
 .text.EXTI2_3_IRQHandler
                0x08001ea4       0x10 ./Core/Src/stm32g0xx_it.o
                0x08001ea4                EXTI2_3_IRQHandler
 .text.DMA1_Channel1_IRQHandler
                0x08001eb4       0x10 ./Core/Src/stm32g0xx_it.o
                0x08001eb4                DMA1_Channel1_IRQHandler
 .text.ADC1_IRQHandler
                0x08001ec4       0x10 ./Core/Src/stm32g0xx_it.o
                0x08001ec4                ADC1_IRQHandler
 .text.TIM1_BRK_UP_TRG_COM_IRQHandler
                0x08001ed4       0x10 ./Core/Src/stm32g0xx_it.o
                0x08001ed4                TIM1_BRK_UP_TRG_COM_IRQHandler
 .text.TIM1_CC_IRQHandler
                0x08001ee4       0x10 ./Core/Src/stm32g0xx_it.o
                0x08001ee4                TIM1_CC_IRQHandler
 .text.TIM3_IRQHandler
                0x08001ef4       0x8c ./Core/Src/stm32g0xx_it.o
                0x08001ef4                TIM3_IRQHandler
 .text.TIM14_IRQHandler
                0x08001f80       0x3c ./Core/Src/stm32g0xx_it.o
                0x08001f80                TIM14_IRQHandler
 .text.TIM17_IRQHandler
                0x08001fbc       0x58 ./Core/Src/stm32g0xx_it.o
                0x08001fbc                TIM17_IRQHandler
 .text.USART1_IRQHandler
                0x08002014       0x10 ./Core/Src/stm32g0xx_it.o
                0x08002014                USART1_IRQHandler
 .text.motorenable
                0x08002024       0x50 ./Core/Src/stm32g0xx_it.o
                0x08002024                motorenable
 .text.motordisable
                0x08002074       0x50 ./Core/Src/stm32g0xx_it.o
                0x08002074                motordisable
 .text.HAL_GPIO_EXTI_Rising_Callback
                0x080020c4       0x20 ./Core/Src/stm32g0xx_it.o
                0x080020c4                HAL_GPIO_EXTI_Rising_Callback
 .text.HAL_ADC_ConvCpltCallback
                0x080020e4       0x24 ./Core/Src/stm32g0xx_it.o
                0x080020e4                HAL_ADC_ConvCpltCallback
 .text.acceptDataIfAddressMatch
                0x08002108       0x48 ./Core/Src/stm32g0xx_it.o
                0x08002108                acceptDataIfAddressMatch
 .text.HAL_UART_RxCpltCallback
                0x08002150       0x34 ./Core/Src/stm32g0xx_it.o
                0x08002150                HAL_UART_RxCpltCallback
 .text.SystemInit
                0x08002184        0x4 ./Core/Src/system_stm32g0xx.o
                0x08002184                SystemInit
 .text.MX_TIM3_Init
                0x08002188      0x188 ./Core/Src/tim.o
                0x08002188                MX_TIM3_Init
 .text.MX_TIM14_Init
                0x08002310       0x30 ./Core/Src/tim.o
                0x08002310                MX_TIM14_Init
 .text.MX_TIM17_Init
                0x08002340       0x38 ./Core/Src/tim.o
                0x08002340                MX_TIM17_Init
 .text.HAL_TIM_Base_MspInit
                0x08002378       0xb0 ./Core/Src/tim.o
                0x08002378                HAL_TIM_Base_MspInit
 .text.HAL_TIM_MspPostInit
                0x08002428       0x7c ./Core/Src/tim.o
                0x08002428                HAL_TIM_MspPostInit
 .text.MX_TIM1_Init
                0x080024a4      0x140 ./Core/Src/tim.o
                0x080024a4                MX_TIM1_Init
 .text.MX_USART1_UART_Init
                0x080025e4       0x90 ./Core/Src/usart.o
                0x080025e4                MX_USART1_UART_Init
 .text.HAL_UART_MspInit
                0x08002674       0x98 ./Core/Src/usart.o
                0x08002674                HAL_UART_MspInit
 .text.Reset_Handler
                0x0800270c       0x50 ./Core/Startup/startup_stm32g030c6tx.o
                0x0800270c                Reset_Handler
 .text.Default_Handler
                0x0800275c        0x2 ./Core/Startup/startup_stm32g030c6tx.o
                0x0800275c                I2C1_IRQHandler
                0x0800275c                RTC_TAMP_IRQHandler
                0x0800275c                SPI1_IRQHandler
                0x0800275c                DMA1_Ch4_5_DMAMUX1_OVR_IRQHandler
                0x0800275c                I2C2_IRQHandler
                0x0800275c                TIM16_IRQHandler
                0x0800275c                EXTI4_15_IRQHandler
                0x0800275c                RCC_IRQHandler
                0x0800275c                Default_Handler
                0x0800275c                EXTI0_1_IRQHandler
                0x0800275c                SPI2_IRQHandler
                0x0800275c                WWDG_IRQHandler
                0x0800275c                DMA1_Channel2_3_IRQHandler
                0x0800275c                USART2_IRQHandler
                0x0800275c                FLASH_IRQHandler
 *fill*         0x0800275e        0x2 
 .text.transmit
                0x08002760       0x48 ./DMC/Auxilaries/Display.o
                0x08002760                transmit
 .text.SWS_intHandler
                0x080027a8       0x14 ./DMC/Auxilaries/SWS.o
                0x080027a8                SWS_intHandler
 .text.SWS_calculateSpeed
                0x080027bc       0x20 ./DMC/Auxilaries/SWS.o
                0x080027bc                SWS_calculateSpeed
 .text.pedal_riseIntHandler
                0x080027dc       0x38 ./DMC/Auxilaries/pedalAssist.o
                0x080027dc                pedal_riseIntHandler
 .text.pedal_handle
                0x08002814       0x6c ./DMC/Auxilaries/pedalAssist.o
                0x08002814                pedal_handle
 .text.updateSpeedPIValues
                0x08002880       0x50 ./DMC/ControlLoop/controlLoop.o
                0x08002880                updateSpeedPIValues
 .text.speedPI  0x080028d0       0x5c ./DMC/ControlLoop/controlLoop.o
                0x080028d0                speedPI
 .text.currentPI
                0x0800292c       0x64 ./DMC/ControlLoop/controlLoop.o
                0x0800292c                currentPI
 .text.controlLoop_run
                0x08002990       0x2c ./DMC/ControlLoop/controlLoop.o
                0x08002990                controlLoop_run
 .text.controlLoop_reset
                0x080029bc       0x18 ./DMC/ControlLoop/controlLoop.o
                0x080029bc                controlLoop_reset
 .text.update_time
                0x080029d4        0xc ./DMC/Cruise_control/cruiseControl.o
                0x080029d4                update_time
 .text.cruise_stop
                0x080029e0       0x24 ./DMC/Cruise_control/cruiseControl.o
                0x080029e0                cruise_stop
 .text.cruise_toggle
                0x08002a04       0x4c ./DMC/Cruise_control/cruiseControl.o
                0x08002a04                cruise_toggle
 .text.cruise_handle
                0x08002a50       0x84 ./DMC/Cruise_control/cruiseControl.o
                0x08002a50                cruise_handle
 .text.handleDrivingInputSource
                0x08002ad4       0x7c ./DMC/DrivingHandler/drivinghandler.o
                0x08002ad4                handleDrivingInputSource
 .text.calculate_throttle
                0x08002b50       0x2c ./DMC/MeasurementHandler/measurement.o
                0x08002b50                calculate_throttle
 .text.calculate_voltage
                0x08002b7c       0x20 ./DMC/MeasurementHandler/measurement.o
                0x08002b7c                calculate_voltage
 .text.calculate_current
                0x08002b9c       0x30 ./DMC/MeasurementHandler/measurement.o
                0x08002b9c                calculate_current
 .text.measure_temperature
                0x08002bcc       0x30 ./DMC/MeasurementHandler/measurement.o
                0x08002bcc                measure_temperature
 .text.calculateMotorPeriod
                0x08002bfc       0x3c ./DMC/MeasurementHandler/measurement.o
                0x08002bfc                calculateMotorPeriod
 .text.filterMotorPeriod
                0x08002c38       0x1c ./DMC/MeasurementHandler/measurement.o
                0x08002c38                filterMotorPeriod
 .text.calculateMotorSpeed
                0x08002c54       0x4c ./DMC/MeasurementHandler/measurement.o
                0x08002c54                calculateMotorSpeed
 .text.filterMotorSpeed
                0x08002ca0       0x20 ./DMC/MeasurementHandler/measurement.o
                0x08002ca0                filterMotorSpeed
 .text.getHallAngle
                0x08002cc0       0x38 ./DMC/MeasurementHandler/measurement.o
                0x08002cc0                getHallAngle
 .text.check_hall_protection
                0x08002cf8        0xc ./DMC/ProtectionHandler/Protection.o
                0x08002cf8                check_hall_protection
 .text.check_throttle
                0x08002d04       0x10 ./DMC/ProtectionHandler/Protection.o
                0x08002d04                check_throttle
 .text.check_overvoltage
                0x08002d14       0x10 ./DMC/ProtectionHandler/Protection.o
                0x08002d14                check_overvoltage
 .text.check_undervoltage
                0x08002d24       0x10 ./DMC/ProtectionHandler/Protection.o
                0x08002d24                check_undervoltage
 .text.check_overCurrent
                0x08002d34       0x10 ./DMC/ProtectionHandler/Protection.o
                0x08002d34                check_overCurrent
 .text.check_overTemperature
                0x08002d44       0x10 ./DMC/ProtectionHandler/Protection.o
                0x08002d44                check_overTemperature
 .text.stateMachine_handle
                0x08002d54       0xec ./DMC/StateMachine/statemachine.o
                0x08002d54                stateMachine_handle
 .text.get_hall_Pos
                0x08002e40       0x34 ./DMC/Taskhandler/taskhandler.o
                0x08002e40                get_hall_Pos
 .text.handle_HallOverflow
                0x08002e74       0x50 ./DMC/Taskhandler/taskhandler.o
                0x08002e74                handle_HallOverflow
 .text.handle_Hallchange
                0x08002ec4       0x68 ./DMC/Taskhandler/taskhandler.o
                0x08002ec4                handle_Hallchange
 .text.update_ADC
                0x08002f2c       0x14 ./DMC/Taskhandler/taskhandler.o
                0x08002f2c                update_ADC
 .text.fast_loop
                0x08002f40       0x6c ./DMC/Taskhandler/taskhandler.o
                0x08002f40                fast_loop
 .text.update_brakevalue
                0x08002fac        0xc ./DMC/Taskhandler/taskhandler.o
                0x08002fac                update_brakevalue
 .text.update_present_time
                0x08002fb8        0xc ./DMC/Taskhandler/taskhandler.o
                0x08002fb8                update_present_time
 .text.slow_loop
                0x08002fc4       0x64 ./DMC/Taskhandler/taskhandler.o
                0x08002fc4                slow_loop
 .text.updatePWM
                0x08003028       0x7c ./DMC/commutation/SVM.o
                0x08003028                updatePWM
 .text.SVMRun   0x080030a4       0xb8 ./DMC/commutation/SVM.o
                0x080030a4                SVMRun
 .text.get_phaseA_value
                0x0800315c        0xc ./DMC/commutation/SVM.o
                0x0800315c                get_phaseA_value
 .text.get_phaseB_value
                0x08003168        0xc ./DMC/commutation/SVM.o
                0x08003168                get_phaseB_value
 .text.get_phaseC_value
                0x08003174        0xc ./DMC/commutation/SVM.o
                0x08003174                get_phaseC_value
 .text.motor_sineCommutation
                0x08003180       0x88 ./DMC/commutation/motor.o
                0x08003180                motor_sineCommutation
 .text.initialvalueassignment
                0x08003208      0x198 ./DMC/initialconfig.o
                0x08003208                initialvalueassignment
 .text.initialconfiguration
                0x080033a0       0x14 ./DMC/initialconfig.o
                0x080033a0                initialconfiguration
 .text.HAL_InitTick
                0x080033b4       0x4c ./Drivers/STM32G0xx_HAL_Driver/Src/stm32g0xx_hal.o
                0x080033b4                HAL_InitTick
 .text.HAL_Init
                0x08003400       0x28 ./Drivers/STM32G0xx_HAL_Driver/Src/stm32g0xx_hal.o
                0x08003400                HAL_Init
 .text.HAL_IncTick
                0x08003428       0x18 ./Drivers/STM32G0xx_HAL_Driver/Src/stm32g0xx_hal.o
                0x08003428                HAL_IncTick
 .text.HAL_GetTick
                0x08003440        0xc ./Drivers/STM32G0xx_HAL_Driver/Src/stm32g0xx_hal.o
                0x08003440                HAL_GetTick
 .text.HAL_ADC_Init
                0x0800344c      0x238 ./Drivers/STM32G0xx_HAL_Driver/Src/stm32g0xx_hal_adc.o
                0x0800344c                HAL_ADC_Init
 .text.HAL_ADC_ConvHalfCpltCallback
                0x08003684        0x4 ./Drivers/STM32G0xx_HAL_Driver/Src/stm32g0xx_hal_adc.o
                0x08003684                HAL_ADC_ConvHalfCpltCallback
 .text.ADC_DMAHalfConvCplt
                0x08003688        0xc ./Drivers/STM32G0xx_HAL_Driver/Src/stm32g0xx_hal_adc.o
 .text.HAL_ADC_LevelOutOfWindowCallback
                0x08003694        0x4 ./Drivers/STM32G0xx_HAL_Driver/Src/stm32g0xx_hal_adc.o
                0x08003694                HAL_ADC_LevelOutOfWindowCallback
 .text.HAL_ADC_ErrorCallback
                0x08003698        0x4 ./Drivers/STM32G0xx_HAL_Driver/Src/stm32g0xx_hal_adc.o
                0x08003698                HAL_ADC_ErrorCallback
 .text.ADC_DMAError
                0x0800369c       0x1c ./Drivers/STM32G0xx_HAL_Driver/Src/stm32g0xx_hal_adc.o
 .text.ADC_DMAConvCplt
                0x080036b8       0x80 ./Drivers/STM32G0xx_HAL_Driver/Src/stm32g0xx_hal_adc.o
 .text.HAL_ADC_IRQHandler
                0x08003738      0x164 ./Drivers/STM32G0xx_HAL_Driver/Src/stm32g0xx_hal_adc.o
                0x08003738                HAL_ADC_IRQHandler
 .text.HAL_ADC_ConfigChannel
                0x0800389c      0x284 ./Drivers/STM32G0xx_HAL_Driver/Src/stm32g0xx_hal_adc.o
                0x0800389c                HAL_ADC_ConfigChannel
 .text.ADC_Enable
                0x08003b20       0xcc ./Drivers/STM32G0xx_HAL_Driver/Src/stm32g0xx_hal_adc.o
                0x08003b20                ADC_Enable
 .text.HAL_ADC_Start_DMA
                0x08003bec       0xb4 ./Drivers/STM32G0xx_HAL_Driver/Src/stm32g0xx_hal_adc.o
                0x08003bec                HAL_ADC_Start_DMA
 .text.ADC_Disable
                0x08003ca0       0x88 ./Drivers/STM32G0xx_HAL_Driver/Src/stm32g0xx_hal_adc.o
                0x08003ca0                ADC_Disable
 .text.HAL_ADCEx_Calibration_Start
                0x08003d28      0x19c ./Drivers/STM32G0xx_HAL_Driver/Src/stm32g0xx_hal_adc_ex.o
                0x08003d28                HAL_ADCEx_Calibration_Start
 .text.HAL_ADCEx_LevelOutOfWindow2Callback
                0x08003ec4        0x4 ./Drivers/STM32G0xx_HAL_Driver/Src/stm32g0xx_hal_adc_ex.o
                0x08003ec4                HAL_ADCEx_LevelOutOfWindow2Callback
 .text.HAL_ADCEx_LevelOutOfWindow3Callback
                0x08003ec8        0x4 ./Drivers/STM32G0xx_HAL_Driver/Src/stm32g0xx_hal_adc_ex.o
                0x08003ec8                HAL_ADCEx_LevelOutOfWindow3Callback
 .text.HAL_ADCEx_EndOfSamplingCallback
                0x08003ecc        0x4 ./Drivers/STM32G0xx_HAL_Driver/Src/stm32g0xx_hal_adc_ex.o
                0x08003ecc                HAL_ADCEx_EndOfSamplingCallback
 .text.HAL_ADCEx_ChannelConfigReadyCallback
                0x08003ed0        0x4 ./Drivers/STM32G0xx_HAL_Driver/Src/stm32g0xx_hal_adc_ex.o
                0x08003ed0                HAL_ADCEx_ChannelConfigReadyCallback
 .text.HAL_NVIC_SetPriority
                0x08003ed4       0x54 ./Drivers/STM32G0xx_HAL_Driver/Src/stm32g0xx_hal_cortex.o
                0x08003ed4                HAL_NVIC_SetPriority
 .text.HAL_NVIC_EnableIRQ
                0x08003f28       0x18 ./Drivers/STM32G0xx_HAL_Driver/Src/stm32g0xx_hal_cortex.o
                0x08003f28                HAL_NVIC_EnableIRQ
 .text.HAL_SYSTICK_Config
                0x08003f40       0x34 ./Drivers/STM32G0xx_HAL_Driver/Src/stm32g0xx_hal_cortex.o
                0x08003f40                HAL_SYSTICK_Config
 .text.DMA_SetConfig
                0x08003f74       0x40 ./Drivers/STM32G0xx_HAL_Driver/Src/stm32g0xx_hal_dma.o
 .text.HAL_DMA_Init
                0x08003fb4       0xec ./Drivers/STM32G0xx_HAL_Driver/Src/stm32g0xx_hal_dma.o
                0x08003fb4                HAL_DMA_Init
 .text.HAL_DMA_Start_IT
                0x080040a0       0x90 ./Drivers/STM32G0xx_HAL_Driver/Src/stm32g0xx_hal_dma.o
                0x080040a0                HAL_DMA_Start_IT
 .text.HAL_DMA_Abort
                0x08004130       0x78 ./Drivers/STM32G0xx_HAL_Driver/Src/stm32g0xx_hal_dma.o
                0x08004130                HAL_DMA_Abort
 .text.HAL_DMA_Abort_IT
                0x080041a8       0x78 ./Drivers/STM32G0xx_HAL_Driver/Src/stm32g0xx_hal_dma.o
                0x080041a8                HAL_DMA_Abort_IT
 .text.HAL_DMA_IRQHandler
                0x08004220       0xb8 ./Drivers/STM32G0xx_HAL_Driver/Src/stm32g0xx_hal_dma.o
                0x08004220                HAL_DMA_IRQHandler
 .text.HAL_GPIO_Init
                0x080042d8      0x1e4 ./Drivers/STM32G0xx_HAL_Driver/Src/stm32g0xx_hal_gpio.o
                0x080042d8                HAL_GPIO_Init
 .text.HAL_GPIO_ReadPin
                0x080044bc        0xc ./Drivers/STM32G0xx_HAL_Driver/Src/stm32g0xx_hal_gpio.o
                0x080044bc                HAL_GPIO_ReadPin
 .text.HAL_GPIO_WritePin
                0x080044c8        0xc ./Drivers/STM32G0xx_HAL_Driver/Src/stm32g0xx_hal_gpio.o
                0x080044c8                HAL_GPIO_WritePin
 .text.HAL_GPIO_EXTI_Falling_Callback
                0x080044d4        0x4 ./Drivers/STM32G0xx_HAL_Driver/Src/stm32g0xx_hal_gpio.o
                0x080044d4                HAL_GPIO_EXTI_Falling_Callback
 .text.HAL_GPIO_EXTI_IRQHandler
                0x080044d8       0x34 ./Drivers/STM32G0xx_HAL_Driver/Src/stm32g0xx_hal_gpio.o
                0x080044d8                HAL_GPIO_EXTI_IRQHandler
 .text.HAL_IWDG_Init
                0x0800450c       0x68 ./Drivers/STM32G0xx_HAL_Driver/Src/stm32g0xx_hal_iwdg.o
                0x0800450c                HAL_IWDG_Init
 .text.HAL_IWDG_Refresh
                0x08004574       0x10 ./Drivers/STM32G0xx_HAL_Driver/Src/stm32g0xx_hal_iwdg.o
                0x08004574                HAL_IWDG_Refresh
 .text.HAL_PWREx_ControlVoltageScaling
                0x08004584       0x60 ./Drivers/STM32G0xx_HAL_Driver/Src/stm32g0xx_hal_pwr_ex.o
                0x08004584                HAL_PWREx_ControlVoltageScaling
 .text.HAL_RCC_OscConfig
                0x080045e4      0x4bc ./Drivers/STM32G0xx_HAL_Driver/Src/stm32g0xx_hal_rcc.o
                0x080045e4                HAL_RCC_OscConfig
 .text.HAL_RCC_GetSysClockFreq
                0x08004aa0       0x9c ./Drivers/STM32G0xx_HAL_Driver/Src/stm32g0xx_hal_rcc.o
                0x08004aa0                HAL_RCC_GetSysClockFreq
 .text.HAL_RCC_ClockConfig
                0x08004b3c      0x190 ./Drivers/STM32G0xx_HAL_Driver/Src/stm32g0xx_hal_rcc.o
                0x08004b3c                HAL_RCC_ClockConfig
 .text.HAL_RCC_GetPCLK1Freq
                0x08004ccc       0x28 ./Drivers/STM32G0xx_HAL_Driver/Src/stm32g0xx_hal_rcc.o
                0x08004ccc                HAL_RCC_GetPCLK1Freq
 .text.HAL_RCCEx_PeriphCLKConfig
                0x08004cf4      0x180 ./Drivers/STM32G0xx_HAL_Driver/Src/stm32g0xx_hal_rcc_ex.o
                0x08004cf4                HAL_RCCEx_PeriphCLKConfig
 .text.TIM_OC1_SetConfig
                0x08004e74       0x6c ./Drivers/STM32G0xx_HAL_Driver/Src/stm32g0xx_hal_tim.o
 .text.TIM_OC3_SetConfig
                0x08004ee0       0x84 ./Drivers/STM32G0xx_HAL_Driver/Src/stm32g0xx_hal_tim.o
 .text.TIM_OC4_SetConfig
                0x08004f64       0x68 ./Drivers/STM32G0xx_HAL_Driver/Src/stm32g0xx_hal_tim.o
 .text.TIM_OC5_SetConfig
                0x08004fcc       0x64 ./Drivers/STM32G0xx_HAL_Driver/Src/stm32g0xx_hal_tim.o
 .text.TIM_OC6_SetConfig
                0x08005030       0x68 ./Drivers/STM32G0xx_HAL_Driver/Src/stm32g0xx_hal_tim.o
 .text.HAL_TIM_Base_Start_IT
                0x08005098       0x5c ./Drivers/STM32G0xx_HAL_Driver/Src/stm32g0xx_hal_tim.o
                0x08005098                HAL_TIM_Base_Start_IT
 .text.HAL_TIM_OC_Start
                0x080050f4       0xc8 ./Drivers/STM32G0xx_HAL_Driver/Src/stm32g0xx_hal_tim.o
                0x080050f4                HAL_TIM_OC_Start
 .text.HAL_TIM_OC_Stop
                0x080051bc       0xbc ./Drivers/STM32G0xx_HAL_Driver/Src/stm32g0xx_hal_tim.o
                0x080051bc                HAL_TIM_OC_Stop
 .text.HAL_TIM_PWM_MspInit
                0x08005278        0x4 ./Drivers/STM32G0xx_HAL_Driver/Src/stm32g0xx_hal_tim.o
                0x08005278                HAL_TIM_PWM_MspInit
 .text.HAL_TIM_PWM_Start
                0x0800527c        0x8 ./Drivers/STM32G0xx_HAL_Driver/Src/stm32g0xx_hal_tim.o
                0x0800527c                HAL_TIM_PWM_Start
 .text.HAL_TIM_PWM_Stop
                0x08005284        0x8 ./Drivers/STM32G0xx_HAL_Driver/Src/stm32g0xx_hal_tim.o
                0x08005284                HAL_TIM_PWM_Stop
 .text.HAL_TIM_ConfigClockSource
                0x0800528c      0x170 ./Drivers/STM32G0xx_HAL_Driver/Src/stm32g0xx_hal_tim.o
                0x0800528c                HAL_TIM_ConfigClockSource
 .text.HAL_TIM_PeriodElapsedCallback
                0x080053fc        0x4 ./Drivers/STM32G0xx_HAL_Driver/Src/stm32g0xx_hal_tim.o
                0x080053fc                HAL_TIM_PeriodElapsedCallback
 .text.HAL_TIM_OC_DelayElapsedCallback
                0x08005400        0x4 ./Drivers/STM32G0xx_HAL_Driver/Src/stm32g0xx_hal_tim.o
                0x08005400                HAL_TIM_OC_DelayElapsedCallback
 .text.HAL_TIM_IC_CaptureCallback
                0x08005404        0x4 ./Drivers/STM32G0xx_HAL_Driver/Src/stm32g0xx_hal_tim.o
                0x08005404                HAL_TIM_IC_CaptureCallback
 .text.HAL_TIM_PWM_PulseFinishedCallback
                0x08005408        0x4 ./Drivers/STM32G0xx_HAL_Driver/Src/stm32g0xx_hal_tim.o
                0x08005408                HAL_TIM_PWM_PulseFinishedCallback
 .text.HAL_TIM_TriggerCallback
                0x0800540c        0x4 ./Drivers/STM32G0xx_HAL_Driver/Src/stm32g0xx_hal_tim.o
                0x0800540c                HAL_TIM_TriggerCallback
 .text.HAL_TIM_IRQHandler
                0x08005410      0x174 ./Drivers/STM32G0xx_HAL_Driver/Src/stm32g0xx_hal_tim.o
                0x08005410                HAL_TIM_IRQHandler
 .text.TIM_Base_SetConfig
                0x08005584       0xa0 ./Drivers/STM32G0xx_HAL_Driver/Src/stm32g0xx_hal_tim.o
                0x08005584                TIM_Base_SetConfig
 .text.HAL_TIM_Base_Init
                0x08005624       0x60 ./Drivers/STM32G0xx_HAL_Driver/Src/stm32g0xx_hal_tim.o
                0x08005624                HAL_TIM_Base_Init
 .text.HAL_TIM_PWM_Init
                0x08005684       0x60 ./Drivers/STM32G0xx_HAL_Driver/Src/stm32g0xx_hal_tim.o
                0x08005684                HAL_TIM_PWM_Init
 .text.TIM_OC2_SetConfig
                0x080056e4       0x78 ./Drivers/STM32G0xx_HAL_Driver/Src/stm32g0xx_hal_tim.o
                0x080056e4                TIM_OC2_SetConfig
 .text.HAL_TIM_PWM_ConfigChannel
                0x0800575c      0x128 ./Drivers/STM32G0xx_HAL_Driver/Src/stm32g0xx_hal_tim.o
                0x0800575c                HAL_TIM_PWM_ConfigChannel
 .text.HAL_TIMEx_OCN_Start
                0x08005884       0x90 ./Drivers/STM32G0xx_HAL_Driver/Src/stm32g0xx_hal_tim_ex.o
                0x08005884                HAL_TIMEx_OCN_Start
 .text.HAL_TIMEx_OCN_Stop
                0x08005914       0x84 ./Drivers/STM32G0xx_HAL_Driver/Src/stm32g0xx_hal_tim_ex.o
                0x08005914                HAL_TIMEx_OCN_Stop
 .text.HAL_TIMEx_PWMN_Start
                0x08005998        0x8 ./Drivers/STM32G0xx_HAL_Driver/Src/stm32g0xx_hal_tim_ex.o
                0x08005998                HAL_TIMEx_PWMN_Start
 .text.HAL_TIMEx_PWMN_Stop
                0x080059a0        0x8 ./Drivers/STM32G0xx_HAL_Driver/Src/stm32g0xx_hal_tim_ex.o
                0x080059a0                HAL_TIMEx_PWMN_Stop
 .text.HAL_TIMEx_MasterConfigSynchronization
                0x080059a8       0x68 ./Drivers/STM32G0xx_HAL_Driver/Src/stm32g0xx_hal_tim_ex.o
                0x080059a8                HAL_TIMEx_MasterConfigSynchronization
 .text.HAL_TIMEx_ConfigBreakDeadTime
                0x08005a10       0xc0 ./Drivers/STM32G0xx_HAL_Driver/Src/stm32g0xx_hal_tim_ex.o
                0x08005a10                HAL_TIMEx_ConfigBreakDeadTime
 .text.HAL_TIMEx_CommutCallback
                0x08005ad0        0x4 ./Drivers/STM32G0xx_HAL_Driver/Src/stm32g0xx_hal_tim_ex.o
                0x08005ad0                HAL_TIMEx_CommutCallback
 .text.HAL_TIMEx_BreakCallback
                0x08005ad4        0x4 ./Drivers/STM32G0xx_HAL_Driver/Src/stm32g0xx_hal_tim_ex.o
                0x08005ad4                HAL_TIMEx_BreakCallback
 .text.HAL_TIMEx_Break2Callback
                0x08005ad8        0x4 ./Drivers/STM32G0xx_HAL_Driver/Src/stm32g0xx_hal_tim_ex.o
                0x08005ad8                HAL_TIMEx_Break2Callback
 .text.UART_EndRxTransfer
                0x08005adc       0x64 ./Drivers/STM32G0xx_HAL_Driver/Src/stm32g0xx_hal_uart.o
 .text.UART_TxISR_16BIT
                0x08005b40       0x60 ./Drivers/STM32G0xx_HAL_Driver/Src/stm32g0xx_hal_uart.o
 .text.UART_TxISR_8BIT_FIFOEN
                0x08005ba0       0x78 ./Drivers/STM32G0xx_HAL_Driver/Src/stm32g0xx_hal_uart.o
 .text.UART_TxISR_16BIT_FIFOEN
                0x08005c18       0x7c ./Drivers/STM32G0xx_HAL_Driver/Src/stm32g0xx_hal_uart.o
 .text.UART_TxISR_8BIT
                0x08005c94       0x5c ./Drivers/STM32G0xx_HAL_Driver/Src/stm32g0xx_hal_uart.o
 .text.HAL_UART_Transmit_IT
                0x08005cf0       0xcc ./Drivers/STM32G0xx_HAL_Driver/Src/stm32g0xx_hal_uart.o
                0x08005cf0                HAL_UART_Transmit_IT
 .text.HAL_UART_TxCpltCallback
                0x08005dbc        0x4 ./Drivers/STM32G0xx_HAL_Driver/Src/stm32g0xx_hal_uart.o
                0x08005dbc                HAL_UART_TxCpltCallback
 .text.HAL_UART_ErrorCallback
                0x08005dc0        0x4 ./Drivers/STM32G0xx_HAL_Driver/Src/stm32g0xx_hal_uart.o
                0x08005dc0                HAL_UART_ErrorCallback
 .text.UART_DMAAbortOnError
                0x08005dc4       0x14 ./Drivers/STM32G0xx_HAL_Driver/Src/stm32g0xx_hal_uart.o
 .text.HAL_UARTEx_RxEventCallback
                0x08005dd8        0x4 ./Drivers/STM32G0xx_HAL_Driver/Src/stm32g0xx_hal_uart.o
                0x08005dd8                HAL_UARTEx_RxEventCallback
 .text.HAL_UART_IRQHandler
                0x08005ddc      0x374 ./Drivers/STM32G0xx_HAL_Driver/Src/stm32g0xx_hal_uart.o
                0x08005ddc                HAL_UART_IRQHandler
 .text.UART_RxISR_8BIT
                0x08006150       0xd0 ./Drivers/STM32G0xx_HAL_Driver/Src/stm32g0xx_hal_uart.o
 .text.UART_RxISR_16BIT
                0x08006220       0xcc ./Drivers/STM32G0xx_HAL_Driver/Src/stm32g0xx_hal_uart.o
 .text.UART_RxISR_8BIT_FIFOEN
                0x080062ec      0x1f8 ./Drivers/STM32G0xx_HAL_Driver/Src/stm32g0xx_hal_uart.o
 .text.UART_RxISR_16BIT_FIFOEN
                0x080064e4      0x1f0 ./Drivers/STM32G0xx_HAL_Driver/Src/stm32g0xx_hal_uart.o
 .text.UART_SetConfig
                0x080066d4      0x168 ./Drivers/STM32G0xx_HAL_Driver/Src/stm32g0xx_hal_uart.o
                0x080066d4                UART_SetConfig
 .text.UART_AdvFeatureConfig
                0x0800683c       0xd0 ./Drivers/STM32G0xx_HAL_Driver/Src/stm32g0xx_hal_uart.o
                0x0800683c                UART_AdvFeatureConfig
 .text.UART_WaitOnFlagUntilTimeout
                0x0800690c       0xa8 ./Drivers/STM32G0xx_HAL_Driver/Src/stm32g0xx_hal_uart.o
                0x0800690c                UART_WaitOnFlagUntilTimeout
 .text.UART_CheckIdleState
                0x080069b4       0xd0 ./Drivers/STM32G0xx_HAL_Driver/Src/stm32g0xx_hal_uart.o
                0x080069b4                UART_CheckIdleState
 .text.HAL_UART_Init
                0x08006a84       0x6c ./Drivers/STM32G0xx_HAL_Driver/Src/stm32g0xx_hal_uart.o
                0x08006a84                HAL_UART_Init
 .text.UART_Start_Receive_IT
                0x08006af0      0x15c ./Drivers/STM32G0xx_HAL_Driver/Src/stm32g0xx_hal_uart.o
                0x08006af0                UART_Start_Receive_IT
 .text.HAL_UART_Receive_IT
                0x08006c4c       0x60 ./Drivers/STM32G0xx_HAL_Driver/Src/stm32g0xx_hal_uart.o
                0x08006c4c                HAL_UART_Receive_IT
 .text.UARTEx_SetNbDataToProcess.part.0
                0x08006cac       0x3c ./Drivers/STM32G0xx_HAL_Driver/Src/stm32g0xx_hal_uart_ex.o
 .text.HAL_UARTEx_WakeupCallback
                0x08006ce8        0x4 ./Drivers/STM32G0xx_HAL_Driver/Src/stm32g0xx_hal_uart_ex.o
                0x08006ce8                HAL_UARTEx_WakeupCallback
 .text.HAL_UARTEx_RxFifoFullCallback
                0x08006cec        0x4 ./Drivers/STM32G0xx_HAL_Driver/Src/stm32g0xx_hal_uart_ex.o
                0x08006cec                HAL_UARTEx_RxFifoFullCallback
 .text.HAL_UARTEx_TxFifoEmptyCallback
                0x08006cf0        0x4 ./Drivers/STM32G0xx_HAL_Driver/Src/stm32g0xx_hal_uart_ex.o
                0x08006cf0                HAL_UARTEx_TxFifoEmptyCallback
 .text.HAL_UARTEx_DisableFifoMode
                0x08006cf4       0x38 ./Drivers/STM32G0xx_HAL_Driver/Src/stm32g0xx_hal_uart_ex.o
                0x08006cf4                HAL_UARTEx_DisableFifoMode
 .text.HAL_UARTEx_SetTxFifoThreshold
                0x08006d2c       0x54 ./Drivers/STM32G0xx_HAL_Driver/Src/stm32g0xx_hal_uart_ex.o
                0x08006d2c                HAL_UARTEx_SetTxFifoThreshold
 .text.HAL_UARTEx_SetRxFifoThreshold
                0x08006d80       0x58 ./Drivers/STM32G0xx_HAL_Driver/Src/stm32g0xx_hal_uart_ex.o
                0x08006d80                HAL_UARTEx_SetRxFifoThreshold
 .text.LL_GPIO_Init
                0x08006dd8      0x108 ./Drivers/STM32G0xx_HAL_Driver/Src/stm32g0xx_ll_gpio.o
                0x08006dd8                LL_GPIO_Init
 .text.LL_TIM_Init
                0x08006ee0       0x80 ./Drivers/STM32G0xx_HAL_Driver/Src/stm32g0xx_ll_tim.o
                0x08006ee0                LL_TIM_Init
 .text.LL_TIM_OC_Init
                0x08006f60      0x2d8 ./Drivers/STM32G0xx_HAL_Driver/Src/stm32g0xx_ll_tim.o
                0x08006f60                LL_TIM_OC_Init
 .text.memset   0x08007238       0x10 C:/ST/STM32CubeIDE_1.16.0/STM32CubeIDE/plugins/com.st.stm32cube.ide.mcu.externaltools.gnu-tools-for-stm32.12.3.rel1.win32_1.0.200.202406191623/tools/bin/../lib/gcc/arm-none-eabi/12.3.1/../../../../arm-none-eabi/lib/thumb/v6-m/nofp\libc_nano.a(libc_a-memset.o)
                0x08007238                memset
 .text.__libc_init_array
                0x08007248       0x48 C:/ST/STM32CubeIDE_1.16.0/STM32CubeIDE/plugins/com.st.stm32cube.ide.mcu.externaltools.gnu-tools-for-stm32.12.3.rel1.win32_1.0.200.202406191623/tools/bin/../lib/gcc/arm-none-eabi/12.3.1/../../../../arm-none-eabi/lib/thumb/v6-m/nofp\libc_nano.a(libc_a-init.o)
                0x08007248                __libc_init_array
 .text.memcpy   0x08007290       0x12 C:/ST/STM32CubeIDE_1.16.0/STM32CubeIDE/plugins/com.st.stm32cube.ide.mcu.externaltools.gnu-tools-for-stm32.12.3.rel1.win32_1.0.200.202406191623/tools/bin/../lib/gcc/arm-none-eabi/12.3.1/../../../../arm-none-eabi/lib/thumb/v6-m/nofp\libc_nano.a(libc_a-memcpy-stub.o)
                0x08007290                memcpy
 *(.glue_7)
 .glue_7        0x080072a2        0x0 linker stubs
 *(.glue_7t)
 .glue_7t       0x080072a2        0x0 linker stubs
 *(.eh_frame)
 *fill*         0x080072a2        0x2 
 .eh_frame      0x080072a4        0x0 C:/ST/STM32CubeIDE_1.16.0/STM32CubeIDE/plugins/com.st.stm32cube.ide.mcu.externaltools.gnu-tools-for-stm32.12.3.rel1.win32_1.0.200.202406191623/tools/bin/../lib/gcc/arm-none-eabi/12.3.1/thumb/v6-m/nofp/crtbegin.o
 *(.init)
 .init          0x080072a4        0x4 C:/ST/STM32CubeIDE_1.16.0/STM32CubeIDE/plugins/com.st.stm32cube.ide.mcu.externaltools.gnu-tools-for-stm32.12.3.rel1.win32_1.0.200.202406191623/tools/bin/../lib/gcc/arm-none-eabi/12.3.1/thumb/v6-m/nofp/crti.o
                0x080072a4                _init
 .init          0x080072a8        0x8 C:/ST/STM32CubeIDE_1.16.0/STM32CubeIDE/plugins/com.st.stm32cube.ide.mcu.externaltools.gnu-tools-for-stm32.12.3.rel1.win32_1.0.200.202406191623/tools/bin/../lib/gcc/arm-none-eabi/12.3.1/thumb/v6-m/nofp/crtn.o
 *(.fini)
 .fini          0x080072b0        0x4 C:/ST/STM32CubeIDE_1.16.0/STM32CubeIDE/plugins/com.st.stm32cube.ide.mcu.externaltools.gnu-tools-for-stm32.12.3.rel1.win32_1.0.200.202406191623/tools/bin/../lib/gcc/arm-none-eabi/12.3.1/thumb/v6-m/nofp/crti.o
                0x080072b0                _fini
 .fini          0x080072b4        0x8 C:/ST/STM32CubeIDE_1.16.0/STM32CubeIDE/plugins/com.st.stm32cube.ide.mcu.externaltools.gnu-tools-for-stm32.12.3.rel1.win32_1.0.200.202406191623/tools/bin/../lib/gcc/arm-none-eabi/12.3.1/thumb/v6-m/nofp/crtn.o
                0x080072bc                        . = ALIGN (0x4)
                0x080072bc                        _etext = .

.vfp11_veneer   0x080072bc        0x0
 .vfp11_veneer  0x080072bc        0x0 linker stubs

.v4_bx          0x080072bc        0x0
 .v4_bx         0x080072bc        0x0 linker stubs

.iplt           0x080072bc        0x0
 .iplt          0x080072bc        0x0 C:/ST/STM32CubeIDE_1.16.0/STM32CubeIDE/plugins/com.st.stm32cube.ide.mcu.externaltools.gnu-tools-for-stm32.12.3.rel1.win32_1.0.200.202406191623/tools/bin/../lib/gcc/arm-none-eabi/12.3.1/thumb/v6-m/nofp/crtbegin.o

.rodata         0x080072bc      0x220
                0x080072bc                        . = ALIGN (0x4)
 *(.rodata)
 .rodata        0x080072bc       0x7c C:/ST/STM32CubeIDE_1.16.0/STM32CubeIDE/plugins/com.st.stm32cube.ide.mcu.externaltools.gnu-tools-for-stm32.12.3.rel1.win32_1.0.200.202406191623/tools/bin/../lib/gcc/arm-none-eabi/12.3.1/thumb/v6-m/nofp\libgcc.a(divsf3.o)
 .rodata        0x08007338       0x40 C:/ST/STM32CubeIDE_1.16.0/STM32CubeIDE/plugins/com.st.stm32cube.ide.mcu.externaltools.gnu-tools-for-stm32.12.3.rel1.win32_1.0.200.202406191623/tools/bin/../lib/gcc/arm-none-eabi/12.3.1/thumb/v6-m/nofp\libgcc.a(divdf3.o)
 *(.rodata*)
 .rodata.APBPrescTable
                0x08007378       0x20 ./Core/Src/system_stm32g0xx.o
                0x08007378                APBPrescTable
 .rodata.AHBPrescTable
                0x08007398       0x40 ./Core/Src/system_stm32g0xx.o
                0x08007398                AHBPrescTable
 .rodata.ForwardPhaseValues
                0x080073d8       0x20 ./DMC/MeasurementHandler/measurement.o
                0x080073d8                ForwardPhaseValues
 .rodata.ReversePhaseValues
                0x080073f8       0x20 ./DMC/MeasurementHandler/measurement.o
                0x080073f8                ReversePhaseValues
 .rodata.HAL_TIM_OC_Start
                0x08007418       0x44 ./Drivers/STM32G0xx_HAL_Driver/Src/stm32g0xx_hal_tim.o
 .rodata.HAL_TIM_PWM_ConfigChannel
                0x0800745c       0x54 ./Drivers/STM32G0xx_HAL_Driver/Src/stm32g0xx_hal_tim.o
 .rodata.CSWTCH.66
                0x080074b0        0x3 ./Drivers/STM32G0xx_HAL_Driver/Src/stm32g0xx_hal_uart.o
 *fill*         0x080074b3        0x1 
 .rodata.UARTPrescTable
                0x080074b4       0x18 ./Drivers/STM32G0xx_HAL_Driver/Src/stm32g0xx_hal_uart.o
                0x080074b4                UARTPrescTable
 .rodata.denominator.0
                0x080074cc        0x8 ./Drivers/STM32G0xx_HAL_Driver/Src/stm32g0xx_hal_uart_ex.o
 .rodata.numerator.1
                0x080074d4        0x8 ./Drivers/STM32G0xx_HAL_Driver/Src/stm32g0xx_hal_uart_ex.o
                0x080074dc                        . = ALIGN (0x4)

.ARM.extab      0x080074dc        0x0
                0x080074dc                        . = ALIGN (0x4)
 *(.ARM.extab* .gnu.linkonce.armextab.*)
                0x080074dc                        . = ALIGN (0x4)

.ARM            0x080074dc        0x0
                0x080074dc                        . = ALIGN (0x4)
                0x080074dc                        __exidx_start = .
 *(.ARM.exidx*)
                0x080074dc                        __exidx_end = .
                0x080074dc                        . = ALIGN (0x4)

.preinit_array  0x080074dc        0x0
                0x080074dc                        . = ALIGN (0x4)
                0x080074dc                        PROVIDE (__preinit_array_start = .)
 *(.preinit_array*)
                0x080074dc                        PROVIDE (__preinit_array_end = .)
                0x080074dc                        . = ALIGN (0x4)

.init_array     0x080074dc        0x4
                0x080074dc                        . = ALIGN (0x4)
                0x080074dc                        PROVIDE (__init_array_start = .)
 *(SORT_BY_NAME(.init_array.*))
 *(.init_array*)
 .init_array    0x080074dc        0x4 C:/ST/STM32CubeIDE_1.16.0/STM32CubeIDE/plugins/com.st.stm32cube.ide.mcu.externaltools.gnu-tools-for-stm32.12.3.rel1.win32_1.0.200.202406191623/tools/bin/../lib/gcc/arm-none-eabi/12.3.1/thumb/v6-m/nofp/crtbegin.o
                0x080074e0                        PROVIDE (__init_array_end = .)
                0x080074e0                        . = ALIGN (0x4)

.fini_array     0x080074e0        0x4
                0x080074e0                        . = ALIGN (0x4)
                [!provide]                        PROVIDE (__fini_array_start = .)
 *(SORT_BY_NAME(.fini_array.*))
 *(.fini_array*)
 .fini_array    0x080074e0        0x4 C:/ST/STM32CubeIDE_1.16.0/STM32CubeIDE/plugins/com.st.stm32cube.ide.mcu.externaltools.gnu-tools-for-stm32.12.3.rel1.win32_1.0.200.202406191623/tools/bin/../lib/gcc/arm-none-eabi/12.3.1/thumb/v6-m/nofp/crtbegin.o
                [!provide]                        PROVIDE (__fini_array_end = .)
                0x080074e4                        . = ALIGN (0x4)
                0x080074e4                        _sidata = LOADADDR (.data)

.rel.dyn        0x080074e4        0x0
 .rel.iplt      0x080074e4        0x0 C:/ST/STM32CubeIDE_1.16.0/STM32CubeIDE/plugins/com.st.stm32cube.ide.mcu.externaltools.gnu-tools-for-stm32.12.3.rel1.win32_1.0.200.202406191623/tools/bin/../lib/gcc/arm-none-eabi/12.3.1/thumb/v6-m/nofp/crtbegin.o

.data           0x20000000      0x2cc load address 0x080074e4
                0x20000000                        . = ALIGN (0x4)
                0x20000000                        _sdata = .
 *(.data)
 *(.data*)
 .data.tx_data.0
                0x20000000        0xe ./Core/Src/stm32g0xx_it.o
 *fill*         0x2000000e        0x2 
 .data.SystemCoreClock
                0x20000010        0x4 ./Core/Src/system_stm32g0xx.o
                0x20000010                SystemCoreClock
 .data.sinetable
                0x20000014      0x2b0 ./DMC/commutation/SVM.o
                0x20000014                sinetable
 .data.uwTickFreq
                0x200002c4        0x1 ./Drivers/STM32G0xx_HAL_Driver/Src/stm32g0xx_hal.o
                0x200002c4                uwTickFreq
 *fill*         0x200002c5        0x3 
 .data.uwTickPrio
                0x200002c8        0x4 ./Drivers/STM32G0xx_HAL_Driver/Src/stm32g0xx_hal.o
                0x200002c8                uwTickPrio
 *(.RamFunc)
 *(.RamFunc*)
                0x200002cc                        . = ALIGN (0x4)
                0x200002cc                        _edata = .

.igot.plt       0x200002cc        0x0 load address 0x080077b0
 .igot.plt      0x200002cc        0x0 C:/ST/STM32CubeIDE_1.16.0/STM32CubeIDE/plugins/com.st.stm32cube.ide.mcu.externaltools.gnu-tools-for-stm32.12.3.rel1.win32_1.0.200.202406191623/tools/bin/../lib/gcc/arm-none-eabi/12.3.1/thumb/v6-m/nofp/crtbegin.o
                0x200002cc                        . = ALIGN (0x4)

.bss            0x200002d0      0x4b4 load address 0x080077b0
                0x200002d0                        _sbss = .
                0x200002d0                        __bss_start__ = _sbss
 *(.bss)
 .bss           0x200002d0       0x1c C:/ST/STM32CubeIDE_1.16.0/STM32CubeIDE/plugins/com.st.stm32cube.ide.mcu.externaltools.gnu-tools-for-stm32.12.3.rel1.win32_1.0.200.202406191623/tools/bin/../lib/gcc/arm-none-eabi/12.3.1/thumb/v6-m/nofp/crtbegin.o
 *(.bss*)
 .bss.hdma_adc1
                0x200002ec       0x5c ./Core/Src/adc.o
                0x200002ec                hdma_adc1
 .bss.hadc1     0x20000348       0x64 ./Core/Src/adc.o
                0x20000348                hadc1
 .bss.hiwdg     0x200003ac       0x10 ./Core/Src/iwdg.o
                0x200003ac                hiwdg
 .bss.SlowLoopcounter
                0x200003bc        0x4 ./Core/Src/stm32g0xx_it.o
                0x200003bc                SlowLoopcounter
 .bss.Communication
                0x200003c0       0x2a ./Core/Src/stm32g0xx_it.o
                0x200003c0                Communication
 *fill*         0x200003ea        0x2 
 .bss.HostVar   0x200003ec       0x10 ./Core/Src/stm32g0xx_it.o
                0x200003ec                HostVar
 .bss.htim17    0x200003fc       0x4c ./Core/Src/tim.o
                0x200003fc                htim17
 .bss.htim14    0x20000448       0x4c ./Core/Src/tim.o
                0x20000448                htim14
 .bss.htim1     0x20000494       0x4c ./Core/Src/tim.o
                0x20000494                htim1
 .bss.huart1    0x200004e0       0x94 ./Core/Src/usart.o
                0x200004e0                huart1
 .bss.Display   0x20000574       0x10 ./DMC/Auxilaries/Display.o
                0x20000574                Display
 .bss.PedalAssist
                0x20000584       0x2c ./DMC/Auxilaries/pedalAssist.o
                0x20000584                PedalAssist
 .bss.ControlVals
                0x200005b0       0x40 ./DMC/ControlLoop/controlLoop.o
                0x200005b0                ControlVals
 .bss.CruiseMode
                0x200005f0       0x24 ./DMC/Cruise_control/cruiseControl.o
                0x200005f0                CruiseMode
 .bss.Protection
                0x20000614        0x2 ./DMC/Taskhandler/taskhandler.o
                0x20000614                Protection
 *fill*         0x20000616        0x2 
 .bss.Measured  0x20000618       0x64 ./DMC/Taskhandler/taskhandler.o
                0x20000618                Measured
 .bss.MotorRun  0x2000067c       0x30 ./DMC/commutation/motor.o
                0x2000067c                MotorRun
 .bss.FixedValue
                0x200006ac       0xd4 ./DMC/initialconfig.o
                0x200006ac                FixedValue
 .bss.uwTick    0x20000780        0x4 ./Drivers/STM32G0xx_HAL_Driver/Src/stm32g0xx_hal.o
                0x20000780                uwTick
 *(COMMON)
                0x20000784                        . = ALIGN (0x4)
                0x20000784                        _ebss = .
                0x20000784                        __bss_end__ = _ebss

._user_heap_stack
                0x20000784      0x604 load address 0x080077b0
                0x20000788                        . = ALIGN (0x8)
 *fill*         0x20000784        0x4 
                [!provide]                        PROVIDE (end = .)
                0x20000788                        PROVIDE (_end = .)
                0x20000988                        . = (. + _Min_Heap_Size)
 *fill*         0x20000788      0x200 
                0x20000d88                        . = (. + _Min_Stack_Size)
 *fill*         0x20000988      0x400 
                0x20000d88                        . = ALIGN (0x8)

/DISCARD/
 libc.a(*)
 libm.a(*)
 libgcc.a(*)

.ARM.attributes
                0x00000000       0x28
 *(.ARM.attributes)
 .ARM.attributes
                0x00000000       0x1e C:/ST/STM32CubeIDE_1.16.0/STM32CubeIDE/plugins/com.st.stm32cube.ide.mcu.externaltools.gnu-tools-for-stm32.12.3.rel1.win32_1.0.200.202406191623/tools/bin/../lib/gcc/arm-none-eabi/12.3.1/thumb/v6-m/nofp/crti.o
 .ARM.attributes
                0x0000001e       0x2c C:/ST/STM32CubeIDE_1.16.0/STM32CubeIDE/plugins/com.st.stm32cube.ide.mcu.externaltools.gnu-tools-for-stm32.12.3.rel1.win32_1.0.200.202406191623/tools/bin/../lib/gcc/arm-none-eabi/12.3.1/thumb/v6-m/nofp/crtbegin.o
 .ARM.attributes
                0x0000004a       0x2c ./Core/Src/adc.o
 .ARM.attributes
                0x00000076       0x2c ./Core/Src/dma.o
 .ARM.attributes
                0x000000a2       0x2c ./Core/Src/gpio.o
 .ARM.attributes
                0x000000ce       0x2c ./Core/Src/initialtask.o
 .ARM.attributes
                0x000000fa       0x2c ./Core/Src/iwdg.o
 .ARM.attributes
                0x00000126       0x2c ./Core/Src/main.o
 .ARM.attributes
                0x00000152       0x2c ./Core/Src/stm32g0xx_hal_msp.o
 .ARM.attributes
                0x0000017e       0x2c ./Core/Src/stm32g0xx_it.o
 .ARM.attributes
                0x000001aa       0x2c ./Core/Src/system_stm32g0xx.o
 .ARM.attributes
                0x000001d6       0x2c ./Core/Src/tim.o
 .ARM.attributes
                0x00000202       0x2c ./Core/Src/usart.o
 .ARM.attributes
                0x0000022e       0x22 ./Core/Startup/startup_stm32g030c6tx.o
 .ARM.attributes
                0x00000250       0x2c ./DMC/Auxilaries/Display.o
 .ARM.attributes
                0x0000027c       0x2c ./DMC/Auxilaries/SWS.o
 .ARM.attributes
                0x000002a8       0x2c ./DMC/Auxilaries/pedalAssist.o
 .ARM.attributes
                0x000002d4       0x2c ./DMC/ControlLoop/controlLoop.o
 .ARM.attributes
                0x00000300       0x2c ./DMC/Cruise_control/cruiseControl.o
 .ARM.attributes
                0x0000032c       0x2c ./DMC/DrivingHandler/drivinghandler.o
 .ARM.attributes
                0x00000358       0x2c ./DMC/MeasurementHandler/measurement.o
 .ARM.attributes
                0x00000384       0x2c ./DMC/ProtectionHandler/Protection.o
 .ARM.attributes
                0x000003b0       0x2c ./DMC/StateMachine/statemachine.o
 .ARM.attributes
                0x000003dc       0x2c ./DMC/Taskhandler/taskhandler.o
 .ARM.attributes
                0x00000408       0x2c ./DMC/commutation/SVM.o
 .ARM.attributes
                0x00000434       0x2c ./DMC/commutation/motor.o
 .ARM.attributes
                0x00000460       0x2c ./DMC/initialconfig.o
 .ARM.attributes
                0x0000048c       0x2c ./Drivers/STM32G0xx_HAL_Driver/Src/stm32g0xx_hal.o
 .ARM.attributes
                0x000004b8       0x2c ./Drivers/STM32G0xx_HAL_Driver/Src/stm32g0xx_hal_adc.o
 .ARM.attributes
                0x000004e4       0x2c ./Drivers/STM32G0xx_HAL_Driver/Src/stm32g0xx_hal_adc_ex.o
 .ARM.attributes
                0x00000510       0x2c ./Drivers/STM32G0xx_HAL_Driver/Src/stm32g0xx_hal_cortex.o
 .ARM.attributes
                0x0000053c       0x2c ./Drivers/STM32G0xx_HAL_Driver/Src/stm32g0xx_hal_dma.o
 .ARM.attributes
                0x00000568       0x2c ./Drivers/STM32G0xx_HAL_Driver/Src/stm32g0xx_hal_gpio.o
 .ARM.attributes
                0x00000594       0x2c ./Drivers/STM32G0xx_HAL_Driver/Src/stm32g0xx_hal_iwdg.o
 .ARM.attributes
                0x000005c0       0x2c ./Drivers/STM32G0xx_HAL_Driver/Src/stm32g0xx_hal_pwr_ex.o
 .ARM.attributes
                0x000005ec       0x2c ./Drivers/STM32G0xx_HAL_Driver/Src/stm32g0xx_hal_rcc.o
 .ARM.attributes
                0x00000618       0x2c ./Drivers/STM32G0xx_HAL_Driver/Src/stm32g0xx_hal_rcc_ex.o
 .ARM.attributes
                0x00000644       0x2c ./Drivers/STM32G0xx_HAL_Driver/Src/stm32g0xx_hal_tim.o
 .ARM.attributes
                0x00000670       0x2c ./Drivers/STM32G0xx_HAL_Driver/Src/stm32g0xx_hal_tim_ex.o
 .ARM.attributes
                0x0000069c       0x2c ./Drivers/STM32G0xx_HAL_Driver/Src/stm32g0xx_hal_uart.o
 .ARM.attributes
                0x000006c8       0x2c ./Drivers/STM32G0xx_HAL_Driver/Src/stm32g0xx_hal_uart_ex.o
 .ARM.attributes
                0x000006f4       0x2c ./Drivers/STM32G0xx_HAL_Driver/Src/stm32g0xx_ll_gpio.o
 .ARM.attributes
                0x00000720       0x2c ./Drivers/STM32G0xx_HAL_Driver/Src/stm32g0xx_ll_tim.o
 .ARM.attributes
                0x0000074c       0x2c C:/ST/STM32CubeIDE_1.16.0/STM32CubeIDE/plugins/com.st.stm32cube.ide.mcu.externaltools.gnu-tools-for-stm32.12.3.rel1.win32_1.0.200.202406191623/tools/bin/../lib/gcc/arm-none-eabi/12.3.1/../../../../arm-none-eabi/lib/thumb/v6-m/nofp\libc_nano.a(libc_a-memset.o)
 .ARM.attributes
                0x00000778       0x2c C:/ST/STM32CubeIDE_1.16.0/STM32CubeIDE/plugins/com.st.stm32cube.ide.mcu.externaltools.gnu-tools-for-stm32.12.3.rel1.win32_1.0.200.202406191623/tools/bin/../lib/gcc/arm-none-eabi/12.3.1/../../../../arm-none-eabi/lib/thumb/v6-m/nofp\libc_nano.a(libc_a-init.o)
 .ARM.attributes
                0x000007a4       0x2c C:/ST/STM32CubeIDE_1.16.0/STM32CubeIDE/plugins/com.st.stm32cube.ide.mcu.externaltools.gnu-tools-for-stm32.12.3.rel1.win32_1.0.200.202406191623/tools/bin/../lib/gcc/arm-none-eabi/12.3.1/../../../../arm-none-eabi/lib/thumb/v6-m/nofp\libc_nano.a(libc_a-memcpy-stub.o)
 .ARM.attributes
                0x000007d0       0x1e C:/ST/STM32CubeIDE_1.16.0/STM32CubeIDE/plugins/com.st.stm32cube.ide.mcu.externaltools.gnu-tools-for-stm32.12.3.rel1.win32_1.0.200.202406191623/tools/bin/../lib/gcc/arm-none-eabi/12.3.1/thumb/v6-m/nofp\libgcc.a(_udivsi3.o)
 .ARM.attributes
                0x000007ee       0x1e C:/ST/STM32CubeIDE_1.16.0/STM32CubeIDE/plugins/com.st.stm32cube.ide.mcu.externaltools.gnu-tools-for-stm32.12.3.rel1.win32_1.0.200.202406191623/tools/bin/../lib/gcc/arm-none-eabi/12.3.1/thumb/v6-m/nofp\libgcc.a(_divsi3.o)
 .ARM.attributes
                0x0000080c       0x1e C:/ST/STM32CubeIDE_1.16.0/STM32CubeIDE/plugins/com.st.stm32cube.ide.mcu.externaltools.gnu-tools-for-stm32.12.3.rel1.win32_1.0.200.202406191623/tools/bin/../lib/gcc/arm-none-eabi/12.3.1/thumb/v6-m/nofp\libgcc.a(_dvmd_tls.o)
 .ARM.attributes
                0x0000082a       0x1e C:/ST/STM32CubeIDE_1.16.0/STM32CubeIDE/plugins/com.st.stm32cube.ide.mcu.externaltools.gnu-tools-for-stm32.12.3.rel1.win32_1.0.200.202406191623/tools/bin/../lib/gcc/arm-none-eabi/12.3.1/thumb/v6-m/nofp\libgcc.a(_arm_cmpsf2.o)
 .ARM.attributes
                0x00000848       0x2c C:/ST/STM32CubeIDE_1.16.0/STM32CubeIDE/plugins/com.st.stm32cube.ide.mcu.externaltools.gnu-tools-for-stm32.12.3.rel1.win32_1.0.200.202406191623/tools/bin/../lib/gcc/arm-none-eabi/12.3.1/thumb/v6-m/nofp\libgcc.a(_fixunssfsi.o)
 .ARM.attributes
                0x00000874       0x2c C:/ST/STM32CubeIDE_1.16.0/STM32CubeIDE/plugins/com.st.stm32cube.ide.mcu.externaltools.gnu-tools-for-stm32.12.3.rel1.win32_1.0.200.202406191623/tools/bin/../lib/gcc/arm-none-eabi/12.3.1/thumb/v6-m/nofp\libgcc.a(addsf3.o)
 .ARM.attributes
                0x000008a0       0x2c C:/ST/STM32CubeIDE_1.16.0/STM32CubeIDE/plugins/com.st.stm32cube.ide.mcu.externaltools.gnu-tools-for-stm32.12.3.rel1.win32_1.0.200.202406191623/tools/bin/../lib/gcc/arm-none-eabi/12.3.1/thumb/v6-m/nofp\libgcc.a(divsf3.o)
 .ARM.attributes
                0x000008cc       0x2c C:/ST/STM32CubeIDE_1.16.0/STM32CubeIDE/plugins/com.st.stm32cube.ide.mcu.externaltools.gnu-tools-for-stm32.12.3.rel1.win32_1.0.200.202406191623/tools/bin/../lib/gcc/arm-none-eabi/12.3.1/thumb/v6-m/nofp\libgcc.a(eqsf2.o)
 .ARM.attributes
                0x000008f8       0x2c C:/ST/STM32CubeIDE_1.16.0/STM32CubeIDE/plugins/com.st.stm32cube.ide.mcu.externaltools.gnu-tools-for-stm32.12.3.rel1.win32_1.0.200.202406191623/tools/bin/../lib/gcc/arm-none-eabi/12.3.1/thumb/v6-m/nofp\libgcc.a(gesf2.o)
 .ARM.attributes
                0x00000924       0x2c C:/ST/STM32CubeIDE_1.16.0/STM32CubeIDE/plugins/com.st.stm32cube.ide.mcu.externaltools.gnu-tools-for-stm32.12.3.rel1.win32_1.0.200.202406191623/tools/bin/../lib/gcc/arm-none-eabi/12.3.1/thumb/v6-m/nofp\libgcc.a(lesf2.o)
 .ARM.attributes
                0x00000950       0x2c C:/ST/STM32CubeIDE_1.16.0/STM32CubeIDE/plugins/com.st.stm32cube.ide.mcu.externaltools.gnu-tools-for-stm32.12.3.rel1.win32_1.0.200.202406191623/tools/bin/../lib/gcc/arm-none-eabi/12.3.1/thumb/v6-m/nofp\libgcc.a(mulsf3.o)
 .ARM.attributes
                0x0000097c       0x2c C:/ST/STM32CubeIDE_1.16.0/STM32CubeIDE/plugins/com.st.stm32cube.ide.mcu.externaltools.gnu-tools-for-stm32.12.3.rel1.win32_1.0.200.202406191623/tools/bin/../lib/gcc/arm-none-eabi/12.3.1/thumb/v6-m/nofp\libgcc.a(subsf3.o)
 .ARM.attributes
                0x000009a8       0x2c C:/ST/STM32CubeIDE_1.16.0/STM32CubeIDE/plugins/com.st.stm32cube.ide.mcu.externaltools.gnu-tools-for-stm32.12.3.rel1.win32_1.0.200.202406191623/tools/bin/../lib/gcc/arm-none-eabi/12.3.1/thumb/v6-m/nofp\libgcc.a(fixsfsi.o)
 .ARM.attributes
                0x000009d4       0x2c C:/ST/STM32CubeIDE_1.16.0/STM32CubeIDE/plugins/com.st.stm32cube.ide.mcu.externaltools.gnu-tools-for-stm32.12.3.rel1.win32_1.0.200.202406191623/tools/bin/../lib/gcc/arm-none-eabi/12.3.1/thumb/v6-m/nofp\libgcc.a(floatsisf.o)
 .ARM.attributes
                0x00000a00       0x2c C:/ST/STM32CubeIDE_1.16.0/STM32CubeIDE/plugins/com.st.stm32cube.ide.mcu.externaltools.gnu-tools-for-stm32.12.3.rel1.win32_1.0.200.202406191623/tools/bin/../lib/gcc/arm-none-eabi/12.3.1/thumb/v6-m/nofp\libgcc.a(floatunsisf.o)
 .ARM.attributes
                0x00000a2c       0x2c C:/ST/STM32CubeIDE_1.16.0/STM32CubeIDE/plugins/com.st.stm32cube.ide.mcu.externaltools.gnu-tools-for-stm32.12.3.rel1.win32_1.0.200.202406191623/tools/bin/../lib/gcc/arm-none-eabi/12.3.1/thumb/v6-m/nofp\libgcc.a(divdf3.o)
 .ARM.attributes
                0x00000a58       0x2c C:/ST/STM32CubeIDE_1.16.0/STM32CubeIDE/plugins/com.st.stm32cube.ide.mcu.externaltools.gnu-tools-for-stm32.12.3.rel1.win32_1.0.200.202406191623/tools/bin/../lib/gcc/arm-none-eabi/12.3.1/thumb/v6-m/nofp\libgcc.a(fixdfsi.o)
 .ARM.attributes
                0x00000a84       0x2c C:/ST/STM32CubeIDE_1.16.0/STM32CubeIDE/plugins/com.st.stm32cube.ide.mcu.externaltools.gnu-tools-for-stm32.12.3.rel1.win32_1.0.200.202406191623/tools/bin/../lib/gcc/arm-none-eabi/12.3.1/thumb/v6-m/nofp\libgcc.a(extendsfdf2.o)
 .ARM.attributes
                0x00000ab0       0x1e C:/ST/STM32CubeIDE_1.16.0/STM32CubeIDE/plugins/com.st.stm32cube.ide.mcu.externaltools.gnu-tools-for-stm32.12.3.rel1.win32_1.0.200.202406191623/tools/bin/../lib/gcc/arm-none-eabi/12.3.1/thumb/v6-m/nofp\libgcc.a(_clzsi2.o)
 .ARM.attributes
                0x00000ace       0x1e C:/ST/STM32CubeIDE_1.16.0/STM32CubeIDE/plugins/com.st.stm32cube.ide.mcu.externaltools.gnu-tools-for-stm32.12.3.rel1.win32_1.0.200.202406191623/tools/bin/../lib/gcc/arm-none-eabi/12.3.1/thumb/v6-m/nofp/crtn.o
OUTPUT(DMC_G0.elf elf32-littlearm)
LOAD linker stubs
LOAD C:/ST/STM32CubeIDE_1.16.0/STM32CubeIDE/plugins/com.st.stm32cube.ide.mcu.externaltools.gnu-tools-for-stm32.12.3.rel1.win32_1.0.200.202406191623/tools/bin/../lib/gcc/arm-none-eabi/12.3.1/../../../../arm-none-eabi/lib/thumb/v6-m/nofp\libc.a
LOAD C:/ST/STM32CubeIDE_1.16.0/STM32CubeIDE/plugins/com.st.stm32cube.ide.mcu.externaltools.gnu-tools-for-stm32.12.3.rel1.win32_1.0.200.202406191623/tools/bin/../lib/gcc/arm-none-eabi/12.3.1/../../../../arm-none-eabi/lib/thumb/v6-m/nofp\libm.a
LOAD C:/ST/STM32CubeIDE_1.16.0/STM32CubeIDE/plugins/com.st.stm32cube.ide.mcu.externaltools.gnu-tools-for-stm32.12.3.rel1.win32_1.0.200.202406191623/tools/bin/../lib/gcc/arm-none-eabi/12.3.1/thumb/v6-m/nofp\libgcc.a

.debug_info     0x00000000    0x25e03
 .debug_info    0x00000000      0xecf ./Core/Src/adc.o
 .debug_info    0x00000ecf      0x3de ./Core/Src/dma.o
 .debug_info    0x000012ad      0x534 ./Core/Src/gpio.o
 .debug_info    0x000017e1     0x15c2 ./Core/Src/initialtask.o
 .debug_info    0x00002da3      0x2b5 ./Core/Src/iwdg.o
 .debug_info    0x00003058      0x768 ./Core/Src/main.o
 .debug_info    0x000037c0      0x2d6 ./Core/Src/stm32g0xx_hal_msp.o
 .debug_info    0x00003a96     0x208e ./Core/Src/stm32g0xx_it.o
 .debug_info    0x00005b24      0x34e ./Core/Src/system_stm32g0xx.o
 .debug_info    0x00005e72     0x1e94 ./Core/Src/tim.o
 .debug_info    0x00007d06      0xef4 ./Core/Src/usart.o
 .debug_info    0x00008bfa       0x30 ./Core/Startup/startup_stm32g030c6tx.o
 .debug_info    0x00008c2a      0x4eb ./DMC/Auxilaries/Display.o
 .debug_info    0x00009115      0x2e7 ./DMC/Auxilaries/SWS.o
 .debug_info    0x000093fc      0x71f ./DMC/Auxilaries/pedalAssist.o
 .debug_info    0x00009b1b      0x738 ./DMC/ControlLoop/controlLoop.o
 .debug_info    0x0000a253      0x80d ./DMC/Cruise_control/cruiseControl.o
 .debug_info    0x0000aa60      0x973 ./DMC/DrivingHandler/drivinghandler.o
 .debug_info    0x0000b3d3      0xafc ./DMC/MeasurementHandler/measurement.o
 .debug_info    0x0000becf      0x4dc ./DMC/ProtectionHandler/Protection.o
 .debug_info    0x0000c3ab      0x9e8 ./DMC/StateMachine/statemachine.o
 .debug_info    0x0000cd93      0xb91 ./DMC/Taskhandler/taskhandler.o
 .debug_info    0x0000d924      0x53f ./DMC/commutation/SVM.o
 .debug_info    0x0000de63      0x899 ./DMC/commutation/motor.o
 .debug_info    0x0000e6fc      0xa36 ./DMC/initialconfig.o
 .debug_info    0x0000f132      0x9e6 ./Drivers/STM32G0xx_HAL_Driver/Src/stm32g0xx_hal.o
 .debug_info    0x0000fb18     0x21f9 ./Drivers/STM32G0xx_HAL_Driver/Src/stm32g0xx_hal_adc.o
 .debug_info    0x00011d11      0xd00 ./Drivers/STM32G0xx_HAL_Driver/Src/stm32g0xx_hal_adc_ex.o
 .debug_info    0x00012a11      0xa22 ./Drivers/STM32G0xx_HAL_Driver/Src/stm32g0xx_hal_cortex.o
 .debug_info    0x00013433      0xa60 ./Drivers/STM32G0xx_HAL_Driver/Src/stm32g0xx_hal_dma.o
 .debug_info    0x00013e93      0x5ef ./Drivers/STM32G0xx_HAL_Driver/Src/stm32g0xx_hal_gpio.o
 .debug_info    0x00014482      0x25c ./Drivers/STM32G0xx_HAL_Driver/Src/stm32g0xx_hal_iwdg.o
 .debug_info    0x000146de      0x4f6 ./Drivers/STM32G0xx_HAL_Driver/Src/stm32g0xx_hal_pwr_ex.o
 .debug_info    0x00014bd4      0xd7d ./Drivers/STM32G0xx_HAL_Driver/Src/stm32g0xx_hal_rcc.o
 .debug_info    0x00015951      0x81b ./Drivers/STM32G0xx_HAL_Driver/Src/stm32g0xx_hal_rcc_ex.o
 .debug_info    0x0001616c     0x48c4 ./Drivers/STM32G0xx_HAL_Driver/Src/stm32g0xx_hal_tim.o
 .debug_info    0x0001aa30     0x1f2a ./Drivers/STM32G0xx_HAL_Driver/Src/stm32g0xx_hal_tim_ex.o
 .debug_info    0x0001c95a     0x63cf ./Drivers/STM32G0xx_HAL_Driver/Src/stm32g0xx_hal_uart.o
 .debug_info    0x00022d29     0x12fb ./Drivers/STM32G0xx_HAL_Driver/Src/stm32g0xx_hal_uart_ex.o
 .debug_info    0x00024024      0x7b4 ./Drivers/STM32G0xx_HAL_Driver/Src/stm32g0xx_ll_gpio.o
 .debug_info    0x000247d8     0x162b ./Drivers/STM32G0xx_HAL_Driver/Src/stm32g0xx_ll_tim.o

.debug_abbrev   0x00000000     0x5d6c
 .debug_abbrev  0x00000000      0x24d ./Core/Src/adc.o
 .debug_abbrev  0x0000024d      0x144 ./Core/Src/dma.o
 .debug_abbrev  0x00000391      0x190 ./Core/Src/gpio.o
 .debug_abbrev  0x00000521      0x291 ./Core/Src/initialtask.o
 .debug_abbrev  0x000007b2      0x181 ./Core/Src/iwdg.o
 .debug_abbrev  0x00000933      0x276 ./Core/Src/main.o
 .debug_abbrev  0x00000ba9       0xed ./Core/Src/stm32g0xx_hal_msp.o
 .debug_abbrev  0x00000c96      0x505 ./Core/Src/stm32g0xx_it.o
 .debug_abbrev  0x0000119b      0x148 ./Core/Src/system_stm32g0xx.o
 .debug_abbrev  0x000012e3      0x359 ./Core/Src/tim.o
 .debug_abbrev  0x0000163c      0x256 ./Core/Src/usart.o
 .debug_abbrev  0x00001892       0x24 ./Core/Startup/startup_stm32g030c6tx.o
 .debug_abbrev  0x000018b6      0x18b ./DMC/Auxilaries/Display.o
 .debug_abbrev  0x00001a41       0xdc ./DMC/Auxilaries/SWS.o
 .debug_abbrev  0x00001b1d      0x17a ./DMC/Auxilaries/pedalAssist.o
 .debug_abbrev  0x00001c97      0x142 ./DMC/ControlLoop/controlLoop.o
 .debug_abbrev  0x00001dd9      0x28b ./DMC/Cruise_control/cruiseControl.o
 .debug_abbrev  0x00002064      0x152 ./DMC/DrivingHandler/drivinghandler.o
 .debug_abbrev  0x000021b6      0x21d ./DMC/MeasurementHandler/measurement.o
 .debug_abbrev  0x000023d3       0xf5 ./DMC/ProtectionHandler/Protection.o
 .debug_abbrev  0x000024c8      0x232 ./DMC/StateMachine/statemachine.o
 .debug_abbrev  0x000026fa      0x279 ./DMC/Taskhandler/taskhandler.o
 .debug_abbrev  0x00002973      0x23c ./DMC/commutation/SVM.o
 .debug_abbrev  0x00002baf      0x147 ./DMC/commutation/motor.o
 .debug_abbrev  0x00002cf6      0x182 ./DMC/initialconfig.o
 .debug_abbrev  0x00002e78      0x33f ./Drivers/STM32G0xx_HAL_Driver/Src/stm32g0xx_hal.o
 .debug_abbrev  0x000031b7      0x323 ./Drivers/STM32G0xx_HAL_Driver/Src/stm32g0xx_hal_adc.o
 .debug_abbrev  0x000034da      0x30d ./Drivers/STM32G0xx_HAL_Driver/Src/stm32g0xx_hal_adc_ex.o
 .debug_abbrev  0x000037e7      0x2dc ./Drivers/STM32G0xx_HAL_Driver/Src/stm32g0xx_hal_cortex.o
 .debug_abbrev  0x00003ac3      0x299 ./Drivers/STM32G0xx_HAL_Driver/Src/stm32g0xx_hal_dma.o
 .debug_abbrev  0x00003d5c      0x26c ./Drivers/STM32G0xx_HAL_Driver/Src/stm32g0xx_hal_gpio.o
 .debug_abbrev  0x00003fc8      0x189 ./Drivers/STM32G0xx_HAL_Driver/Src/stm32g0xx_hal_iwdg.o
 .debug_abbrev  0x00004151      0x1fc ./Drivers/STM32G0xx_HAL_Driver/Src/stm32g0xx_hal_pwr_ex.o
 .debug_abbrev  0x0000434d      0x36b ./Drivers/STM32G0xx_HAL_Driver/Src/stm32g0xx_hal_rcc.o
 .debug_abbrev  0x000046b8      0x296 ./Drivers/STM32G0xx_HAL_Driver/Src/stm32g0xx_hal_rcc_ex.o
 .debug_abbrev  0x0000494e      0x3be ./Drivers/STM32G0xx_HAL_Driver/Src/stm32g0xx_hal_tim.o
 .debug_abbrev  0x00004d0c      0x3b5 ./Drivers/STM32G0xx_HAL_Driver/Src/stm32g0xx_hal_tim_ex.o
 .debug_abbrev  0x000050c1      0x45e ./Drivers/STM32G0xx_HAL_Driver/Src/stm32g0xx_hal_uart.o
 .debug_abbrev  0x0000551f      0x370 ./Drivers/STM32G0xx_HAL_Driver/Src/stm32g0xx_hal_uart_ex.o
 .debug_abbrev  0x0000588f      0x224 ./Drivers/STM32G0xx_HAL_Driver/Src/stm32g0xx_ll_gpio.o
 .debug_abbrev  0x00005ab3      0x2b9 ./Drivers/STM32G0xx_HAL_Driver/Src/stm32g0xx_ll_tim.o

.debug_loclists
                0x00000000     0xc9ea
 .debug_loclists
                0x00000000       0x5e ./Core/Src/adc.o
 .debug_loclists
                0x0000005e       0xf7 ./Core/Src/initialtask.o
 .debug_loclists
                0x00000155      0x170 ./Core/Src/stm32g0xx_it.o
 .debug_loclists
                0x000002c5       0xa7 ./Core/Src/system_stm32g0xx.o
 .debug_loclists
                0x0000036c      0x2cc ./Core/Src/tim.o
 .debug_loclists
                0x00000638       0x5a ./Core/Src/usart.o
 .debug_loclists
                0x00000692       0x88 ./DMC/Auxilaries/Display.o
 .debug_loclists
                0x0000071a       0x8b ./DMC/Auxilaries/pedalAssist.o
 .debug_loclists
                0x000007a5       0xc7 ./DMC/ControlLoop/controlLoop.o
 .debug_loclists
                0x0000086c       0x88 ./DMC/Cruise_control/cruiseControl.o
 .debug_loclists
                0x000008f4       0xad ./DMC/DrivingHandler/drivinghandler.o
 .debug_loclists
                0x000009a1      0x1ff ./DMC/MeasurementHandler/measurement.o
 .debug_loclists
                0x00000ba0       0x9c ./DMC/ProtectionHandler/Protection.o
 .debug_loclists
                0x00000c3c       0x70 ./DMC/Taskhandler/taskhandler.o
 .debug_loclists
                0x00000cac      0x21f ./DMC/commutation/SVM.o
 .debug_loclists
                0x00000ecb       0x42 ./DMC/commutation/motor.o
 .debug_loclists
                0x00000f0d      0x128 ./Drivers/STM32G0xx_HAL_Driver/Src/stm32g0xx_hal.o
 .debug_loclists
                0x00001035      0xf24 ./Drivers/STM32G0xx_HAL_Driver/Src/stm32g0xx_hal_adc.o
 .debug_loclists
                0x00001f59      0x2a3 ./Drivers/STM32G0xx_HAL_Driver/Src/stm32g0xx_hal_adc_ex.o
 .debug_loclists
                0x000021fc      0x1ef ./Drivers/STM32G0xx_HAL_Driver/Src/stm32g0xx_hal_cortex.o
 .debug_loclists
                0x000023eb      0x62d ./Drivers/STM32G0xx_HAL_Driver/Src/stm32g0xx_hal_dma.o
 .debug_loclists
                0x00002a18      0x372 ./Drivers/STM32G0xx_HAL_Driver/Src/stm32g0xx_hal_gpio.o
 .debug_loclists
                0x00002d8a       0x6a ./Drivers/STM32G0xx_HAL_Driver/Src/stm32g0xx_hal_iwdg.o
 .debug_loclists
                0x00002df4      0x19b ./Drivers/STM32G0xx_HAL_Driver/Src/stm32g0xx_hal_pwr_ex.o
 .debug_loclists
                0x00002f8f      0x4e1 ./Drivers/STM32G0xx_HAL_Driver/Src/stm32g0xx_hal_rcc.o
 .debug_loclists
                0x00003470      0x3a8 ./Drivers/STM32G0xx_HAL_Driver/Src/stm32g0xx_hal_rcc_ex.o
 .debug_loclists
                0x00003818     0x3c6b ./Drivers/STM32G0xx_HAL_Driver/Src/stm32g0xx_hal_tim.o
 .debug_loclists
                0x00007483     0x138a ./Drivers/STM32G0xx_HAL_Driver/Src/stm32g0xx_hal_tim_ex.o
 .debug_loclists
                0x0000880d     0x2a13 ./Drivers/STM32G0xx_HAL_Driver/Src/stm32g0xx_hal_uart.o
 .debug_loclists
                0x0000b220      0x7ef ./Drivers/STM32G0xx_HAL_Driver/Src/stm32g0xx_hal_uart_ex.o
 .debug_loclists
                0x0000ba0f      0x25f ./Drivers/STM32G0xx_HAL_Driver/Src/stm32g0xx_ll_gpio.o
 .debug_loclists
                0x0000bc6e      0xd7c ./Drivers/STM32G0xx_HAL_Driver/Src/stm32g0xx_ll_tim.o

.debug_aranges  0x00000000     0x13e8
 .debug_aranges
                0x00000000       0x30 ./Core/Src/adc.o
 .debug_aranges
                0x00000030       0x20 ./Core/Src/dma.o
 .debug_aranges
                0x00000050       0x20 ./Core/Src/gpio.o
 .debug_aranges
                0x00000070       0x20 ./Core/Src/initialtask.o
 .debug_aranges
                0x00000090       0x20 ./Core/Src/iwdg.o
 .debug_aranges
                0x000000b0       0x30 ./Core/Src/main.o
 .debug_aranges
                0x000000e0       0x20 ./Core/Src/stm32g0xx_hal_msp.o
 .debug_aranges
                0x00000100       0xc8 ./Core/Src/stm32g0xx_it.o
 .debug_aranges
                0x000001c8       0x28 ./Core/Src/system_stm32g0xx.o
 .debug_aranges
                0x000001f0       0x50 ./Core/Src/tim.o
 .debug_aranges
                0x00000240       0x30 ./Core/Src/usart.o
 .debug_aranges
                0x00000270       0x28 ./Core/Startup/startup_stm32g030c6tx.o
 .debug_aranges
                0x00000298       0x28 ./DMC/Auxilaries/Display.o
 .debug_aranges
                0x000002c0       0x28 ./DMC/Auxilaries/SWS.o
 .debug_aranges
                0x000002e8       0x30 ./DMC/Auxilaries/pedalAssist.o
 .debug_aranges
                0x00000318       0x40 ./DMC/ControlLoop/controlLoop.o
 .debug_aranges
                0x00000358       0x60 ./DMC/Cruise_control/cruiseControl.o
 .debug_aranges
                0x000003b8       0x20 ./DMC/DrivingHandler/drivinghandler.o
 .debug_aranges
                0x000003d8       0x70 ./DMC/MeasurementHandler/measurement.o
 .debug_aranges
                0x00000448       0x48 ./DMC/ProtectionHandler/Protection.o
 .debug_aranges
                0x00000490       0x38 ./DMC/StateMachine/statemachine.o
 .debug_aranges
                0x000004c8       0x58 ./DMC/Taskhandler/taskhandler.o
 .debug_aranges
                0x00000520       0x48 ./DMC/commutation/SVM.o
 .debug_aranges
                0x00000568       0x28 ./DMC/commutation/motor.o
 .debug_aranges
                0x00000590       0x28 ./DMC/initialconfig.o
 .debug_aranges
                0x000005b8      0x100 ./Drivers/STM32G0xx_HAL_Driver/Src/stm32g0xx_hal.o
 .debug_aranges
                0x000006b8       0xf8 ./Drivers/STM32G0xx_HAL_Driver/Src/stm32g0xx_hal_adc.o
 .debug_aranges
                0x000007b0       0x58 ./Drivers/STM32G0xx_HAL_Driver/Src/stm32g0xx_hal_adc_ex.o
 .debug_aranges
                0x00000808       0xa0 ./Drivers/STM32G0xx_HAL_Driver/Src/stm32g0xx_hal_cortex.o
 .debug_aranges
                0x000008a8       0x80 ./Drivers/STM32G0xx_HAL_Driver/Src/stm32g0xx_hal_dma.o
 .debug_aranges
                0x00000928       0x60 ./Drivers/STM32G0xx_HAL_Driver/Src/stm32g0xx_hal_gpio.o
 .debug_aranges
                0x00000988       0x28 ./Drivers/STM32G0xx_HAL_Driver/Src/stm32g0xx_hal_iwdg.o
 .debug_aranges
                0x000009b0       0x98 ./Drivers/STM32G0xx_HAL_Driver/Src/stm32g0xx_hal_pwr_ex.o
 .debug_aranges
                0x00000a48       0x98 ./Drivers/STM32G0xx_HAL_Driver/Src/stm32g0xx_hal_rcc.o
 .debug_aranges
                0x00000ae0       0x40 ./Drivers/STM32G0xx_HAL_Driver/Src/stm32g0xx_hal_rcc_ex.o
 .debug_aranges
                0x00000b20      0x3b0 ./Drivers/STM32G0xx_HAL_Driver/Src/stm32g0xx_hal_tim.o
 .debug_aranges
                0x00000ed0      0x190 ./Drivers/STM32G0xx_HAL_Driver/Src/stm32g0xx_hal_tim_ex.o
 .debug_aranges
                0x00001060      0x238 ./Drivers/STM32G0xx_HAL_Driver/Src/stm32g0xx_hal_uart.o
 .debug_aranges
                0x00001298       0xa0 ./Drivers/STM32G0xx_HAL_Driver/Src/stm32g0xx_hal_uart_ex.o
 .debug_aranges
                0x00001338       0x30 ./Drivers/STM32G0xx_HAL_Driver/Src/stm32g0xx_ll_gpio.o
 .debug_aranges
                0x00001368       0x80 ./Drivers/STM32G0xx_HAL_Driver/Src/stm32g0xx_ll_tim.o

.debug_rnglists
                0x00000000     0x1924
 .debug_rnglists
                0x00000000       0x48 ./Core/Src/adc.o
 .debug_rnglists
                0x00000048       0x28 ./Core/Src/dma.o
 .debug_rnglists
                0x00000070       0x4a ./Core/Src/gpio.o
 .debug_rnglists
                0x000000ba       0x3b ./Core/Src/initialtask.o
 .debug_rnglists
                0x000000f5       0x13 ./Core/Src/iwdg.o
 .debug_rnglists
                0x00000108       0x1f ./Core/Src/main.o
 .debug_rnglists
                0x00000127       0x2e ./Core/Src/stm32g0xx_hal_msp.o
 .debug_rnglists
                0x00000155       0xb6 ./Core/Src/stm32g0xx_it.o
 .debug_rnglists
                0x0000020b       0x1a ./Core/Src/system_stm32g0xx.o
 .debug_rnglists
                0x00000225      0x11e ./Core/Src/tim.o
 .debug_rnglists
                0x00000343       0x39 ./Core/Src/usart.o
 .debug_rnglists
                0x0000037c       0x19 ./Core/Startup/startup_stm32g030c6tx.o
 .debug_rnglists
                0x00000395       0x19 ./DMC/Auxilaries/Display.o
 .debug_rnglists
                0x000003ae       0x19 ./DMC/Auxilaries/SWS.o
 .debug_rnglists
                0x000003c7       0x1f ./DMC/Auxilaries/pedalAssist.o
 .debug_rnglists
                0x000003e6       0x2b ./DMC/ControlLoop/controlLoop.o
 .debug_rnglists
                0x00000411       0xc3 ./DMC/Cruise_control/cruiseControl.o
 .debug_rnglists
                0x000004d4       0x22 ./DMC/DrivingHandler/drivinghandler.o
 .debug_rnglists
                0x000004f6       0x5e ./DMC/MeasurementHandler/measurement.o
 .debug_rnglists
                0x00000554       0x31 ./DMC/ProtectionHandler/Protection.o
 .debug_rnglists
                0x00000585       0x32 ./DMC/StateMachine/statemachine.o
 .debug_rnglists
                0x000005b7       0x61 ./DMC/Taskhandler/taskhandler.o
 .debug_rnglists
                0x00000618       0x51 ./DMC/commutation/SVM.o
 .debug_rnglists
                0x00000669       0x32 ./DMC/commutation/motor.o
 .debug_rnglists
                0x0000069b       0x1a ./DMC/initialconfig.o
 .debug_rnglists
                0x000006b5       0xbb ./Drivers/STM32G0xx_HAL_Driver/Src/stm32g0xx_hal.o
 .debug_rnglists
                0x00000770      0x22e ./Drivers/STM32G0xx_HAL_Driver/Src/stm32g0xx_hal_adc.o
 .debug_rnglists
                0x0000099e       0xb9 ./Drivers/STM32G0xx_HAL_Driver/Src/stm32g0xx_hal_adc_ex.o
 .debug_rnglists
                0x00000a57       0x9d ./Drivers/STM32G0xx_HAL_Driver/Src/stm32g0xx_hal_cortex.o
 .debug_rnglists
                0x00000af4       0x84 ./Drivers/STM32G0xx_HAL_Driver/Src/stm32g0xx_hal_dma.o
 .debug_rnglists
                0x00000b78       0x45 ./Drivers/STM32G0xx_HAL_Driver/Src/stm32g0xx_hal_gpio.o
 .debug_rnglists
                0x00000bbd       0x19 ./Drivers/STM32G0xx_HAL_Driver/Src/stm32g0xx_hal_iwdg.o
 .debug_rnglists
                0x00000bd6       0x6d ./Drivers/STM32G0xx_HAL_Driver/Src/stm32g0xx_hal_pwr_ex.o
 .debug_rnglists
                0x00000c43       0xb4 ./Drivers/STM32G0xx_HAL_Driver/Src/stm32g0xx_hal_rcc.o
 .debug_rnglists
                0x00000cf7       0x71 ./Drivers/STM32G0xx_HAL_Driver/Src/stm32g0xx_hal_rcc_ex.o
 .debug_rnglists
                0x00000d68      0x590 ./Drivers/STM32G0xx_HAL_Driver/Src/stm32g0xx_hal_tim.o
 .debug_rnglists
                0x000012f8      0x18c ./Drivers/STM32G0xx_HAL_Driver/Src/stm32g0xx_hal_tim_ex.o
 .debug_rnglists
                0x00001484      0x2bb ./Drivers/STM32G0xx_HAL_Driver/Src/stm32g0xx_hal_uart.o
 .debug_rnglists
                0x0000173f       0xb8 ./Drivers/STM32G0xx_HAL_Driver/Src/stm32g0xx_hal_uart_ex.o
 .debug_rnglists
                0x000017f7       0x50 ./Drivers/STM32G0xx_HAL_Driver/Src/stm32g0xx_ll_gpio.o
 .debug_rnglists
                0x00001847       0xdd ./Drivers/STM32G0xx_HAL_Driver/Src/stm32g0xx_ll_tim.o

.debug_macro    0x00000000    0x1b760
 .debug_macro   0x00000000      0x27a ./Core/Src/adc.o
 .debug_macro   0x0000027a      0xa90 ./Core/Src/adc.o
 .debug_macro   0x00000d0a      0x129 ./Core/Src/adc.o
 .debug_macro   0x00000e33       0x2e ./Core/Src/adc.o
 .debug_macro   0x00000e61       0x28 ./Core/Src/adc.o
 .debug_macro   0x00000e89       0x22 ./Core/Src/adc.o
 .debug_macro   0x00000eab       0x8e ./Core/Src/adc.o
 .debug_macro   0x00000f39       0x51 ./Core/Src/adc.o
 .debug_macro   0x00000f8a      0x103 ./Core/Src/adc.o
 .debug_macro   0x0000108d       0x6a ./Core/Src/adc.o
 .debug_macro   0x000010f7      0x1df ./Core/Src/adc.o
 .debug_macro   0x000012d6       0x1c ./Core/Src/adc.o
 .debug_macro   0x000012f2       0x22 ./Core/Src/adc.o
 .debug_macro   0x00001314       0xd1 ./Core/Src/adc.o
 .debug_macro   0x000013e5      0x4da ./Core/Src/adc.o
 .debug_macro   0x000018bf      0x11f ./Core/Src/adc.o
 .debug_macro   0x000019de     0xa0e8 ./Core/Src/adc.o
 .debug_macro   0x0000bac6       0x66 ./Core/Src/adc.o
 .debug_macro   0x0000bb2c     0x350e ./Core/Src/adc.o
 .debug_macro   0x0000f03a      0x189 ./Core/Src/adc.o
 .debug_macro   0x0000f1c3       0x5c ./Core/Src/adc.o
 .debug_macro   0x0000f21f      0x470 ./Core/Src/adc.o
 .debug_macro   0x0000f68f      0xe1a ./Core/Src/adc.o
 .debug_macro   0x000104a9      0x106 ./Core/Src/adc.o
 .debug_macro   0x000105af      0x1cf ./Core/Src/adc.o
 .debug_macro   0x0001077e       0xff ./Core/Src/adc.o
 .debug_macro   0x0001087d      0x33c ./Core/Src/adc.o
 .debug_macro   0x00010bb9      0x209 ./Core/Src/adc.o
 .debug_macro   0x00010dc2      0x2c7 ./Core/Src/adc.o
 .debug_macro   0x00011089      0x198 ./Core/Src/adc.o
 .debug_macro   0x00011221       0x43 ./Core/Src/adc.o
 .debug_macro   0x00011264      0x1f1 ./Core/Src/adc.o
 .debug_macro   0x00011455      0x8a1 ./Core/Src/adc.o
 .debug_macro   0x00011cf6      0x5ad ./Core/Src/adc.o
 .debug_macro   0x000122a3       0x2e ./Core/Src/adc.o
 .debug_macro   0x000122d1      0x1d6 ./Core/Src/adc.o
 .debug_macro   0x000124a7      0x2a3 ./Core/Src/adc.o
 .debug_macro   0x0001274a       0x28 ./Core/Src/adc.o
 .debug_macro   0x00012772       0xcf ./Core/Src/adc.o
 .debug_macro   0x00012841       0x85 ./Core/Src/adc.o
 .debug_macro   0x000128c6       0xff ./Core/Src/adc.o
 .debug_macro   0x000129c5      0x10d ./Core/Src/adc.o
 .debug_macro   0x00012ad2      0xac2 ./Core/Src/adc.o
 .debug_macro   0x00013594       0xfa ./Core/Src/adc.o
 .debug_macro   0x0001368e      0x693 ./Core/Src/adc.o
 .debug_macro   0x00013d21       0xa6 ./Core/Src/adc.o
 .debug_macro   0x00013dc7      0x412 ./Core/Src/adc.o
 .debug_macro   0x000141d9      0x8f3 ./Core/Src/adc.o
 .debug_macro   0x00014acc       0xd3 ./Core/Src/adc.o
 .debug_macro   0x00014b9f      0x174 ./Core/Src/adc.o
 .debug_macro   0x00014d13      0x12c ./Core/Src/adc.o
 .debug_macro   0x00014e3f       0x5a ./Core/Src/adc.o
 .debug_macro   0x00014e99      0x159 ./Core/Src/adc.o
 .debug_macro   0x00014ff2      0x131 ./Core/Src/adc.o
 .debug_macro   0x00015123      0x177 ./Core/Src/adc.o
 .debug_macro   0x0001529a       0xb8 ./Core/Src/adc.o
 .debug_macro   0x00015352      0x27a ./Core/Src/dma.o
 .debug_macro   0x000155cc      0x27a ./Core/Src/gpio.o
 .debug_macro   0x00015846      0x2c6 ./Core/Src/initialtask.o
 .debug_macro   0x00015b0c       0x58 ./Core/Src/initialtask.o
 .debug_macro   0x00015b64       0x10 ./Core/Src/initialtask.o
 .debug_macro   0x00015b74      0x27a ./Core/Src/iwdg.o
 .debug_macro   0x00015dee      0x2ba ./Core/Src/main.o
 .debug_macro   0x000160a8      0x270 ./Core/Src/stm32g0xx_hal_msp.o
 .debug_macro   0x00016318      0x3ea ./Core/Src/stm32g0xx_it.o
 .debug_macro   0x00016702       0x61 ./Core/Src/stm32g0xx_it.o
 .debug_macro   0x00016763       0x24 ./Core/Src/stm32g0xx_it.o
 .debug_macro   0x00016787       0x43 ./Core/Src/stm32g0xx_it.o
 .debug_macro   0x000167ca       0x34 ./Core/Src/stm32g0xx_it.o
 .debug_macro   0x000167fe       0x16 ./Core/Src/stm32g0xx_it.o
 .debug_macro   0x00016814       0x43 ./Core/Src/stm32g0xx_it.o
 .debug_macro   0x00016857       0x34 ./Core/Src/stm32g0xx_it.o
 .debug_macro   0x0001688b       0x10 ./Core/Src/stm32g0xx_it.o
 .debug_macro   0x0001689b       0x58 ./Core/Src/stm32g0xx_it.o
 .debug_macro   0x000168f3       0x8e ./Core/Src/stm32g0xx_it.o
 .debug_macro   0x00016981       0x1c ./Core/Src/stm32g0xx_it.o
 .debug_macro   0x0001699d      0x177 ./Core/Src/stm32g0xx_it.o
 .debug_macro   0x00016b14      0x369 ./Core/Src/stm32g0xx_it.o
 .debug_macro   0x00016e7d       0x10 ./Core/Src/stm32g0xx_it.o
 .debug_macro   0x00016e8d       0x35 ./Core/Src/stm32g0xx_it.o
 .debug_macro   0x00016ec2       0x20 ./Core/Src/stm32g0xx_it.o
 .debug_macro   0x00016ee2      0x211 ./Core/Src/system_stm32g0xx.o
 .debug_macro   0x000170f3      0x27a ./Core/Src/tim.o
 .debug_macro   0x0001736d      0x27a ./Core/Src/usart.o
 .debug_macro   0x000175e7      0x153 ./DMC/Auxilaries/Display.o
 .debug_macro   0x0001773a       0x81 ./DMC/Auxilaries/SWS.o
 .debug_macro   0x000177bb       0x8f ./DMC/Auxilaries/pedalAssist.o
 .debug_macro   0x0001784a       0x85 ./DMC/ControlLoop/controlLoop.o
 .debug_macro   0x000178cf       0x81 ./DMC/Cruise_control/cruiseControl.o
 .debug_macro   0x00017950      0x184 ./DMC/DrivingHandler/drivinghandler.o
 .debug_macro   0x00017ad4       0x16 ./DMC/DrivingHandler/drivinghandler.o
 .debug_macro   0x00017aea       0x9e ./DMC/DrivingHandler/drivinghandler.o
 .debug_macro   0x00017b88      0x10b ./DMC/DrivingHandler/drivinghandler.o
 .debug_macro   0x00017c93       0x16 ./DMC/DrivingHandler/drivinghandler.o
 .debug_macro   0x00017ca9      0x39e ./DMC/MeasurementHandler/measurement.o
 .debug_macro   0x00018047      0x19b ./DMC/MeasurementHandler/measurement.o
 .debug_macro   0x000181e2       0x56 ./DMC/MeasurementHandler/measurement.o
 .debug_macro   0x00018238      0x18d ./DMC/ProtectionHandler/Protection.o
 .debug_macro   0x000183c5       0x99 ./DMC/StateMachine/statemachine.o
 .debug_macro   0x0001845e      0x1af ./DMC/Taskhandler/taskhandler.o
 .debug_macro   0x0001860d      0x2da ./DMC/commutation/SVM.o
 .debug_macro   0x000188e7       0xc0 ./DMC/commutation/motor.o
 .debug_macro   0x000189a7       0x84 ./DMC/initialconfig.o
 .debug_macro   0x00018a2b      0x22f ./Drivers/STM32G0xx_HAL_Driver/Src/stm32g0xx_hal.o