../Core/Src/stm32g0xx_it.c:94:6:NMI_Handler	0	static
../Core/Src/stm32g0xx_it.c:109:6:HardFault_Handler	0	static
../Core/Src/stm32g0xx_it.c:124:6:SVC_Handler	0	static
../Core/Src/stm32g0xx_it.c:137:6:PendSV_Handler	0	static
../Core/Src/stm32g0xx_it.c:150:6:SysTick_Handler	8	static
../Core/Src/stm32g0xx_it.c:171:6:EXTI2_3_IRQHandler	8	static
../Core/Src/stm32g0xx_it.c:186:6:DMA1_Channel1_IRQHandler	8	static
../Core/Src/stm32g0xx_it.c:200:6:ADC1_IRQHandler	8	static
../Core/Src/stm32g0xx_it.c:214:6:TIM1_BRK_UP_TRG_COM_IRQHandler	8	static
../Core/Src/stm32g0xx_it.c:228:6:TIM1_CC_IRQHandler	8	static
../Core/Src/stm32g0xx_it.c:242:6:TIM3_IRQHandler	8	static
../Core/Src/stm32g0xx_it.c:293:6:TIM14_IRQHandler	8	static
../Core/Src/stm32g0xx_it.c:321:6:TIM17_IRQHandler	8	static
../Core/Src/stm32g0xx_it.c:351:6:USART1_IRQHandler	8	static
../Core/Src/stm32g0xx_it.c:363:6:motorenable	8	static
../Core/Src/stm32g0xx_it.c:378:6:motordisable	8	static
../Core/Src/stm32g0xx_it.c:394:6:HAL_GPIO_EXTI_Rising_Callback	8	static
../Core/Src/stm32g0xx_it.c:404:6:HAL_ADC_ConvCpltCallback	8	static
../Core/Src/stm32g0xx_it.c:421:6:acceptDataIfAddressMatch	8	static
../Core/Src/stm32g0xx_it.c:431:6:HAL_UART_RxCpltCallback	8	static
../Core/Src/stm32g0xx_it.c:440:6:display_handleReception	16	static
../Core/Src/stm32g0xx_it.c:450:6:display_parse	0	static
