../Core/Src/stm32g0xx_it.c:97:6:motorenable	8	static
../Core/Src/stm32g0xx_it.c:106:6:motordisable	8	static
../Core/Src/stm32g0xx_it.c:115:6:HAL_TIM_IC_CaptureCallback	24	static
../Core/Src/stm32g0xx_it.c:138:6:HAL_GPIO_EXTI_Rising_Callback	8	static
../Core/Src/stm32g0xx_it.c:147:6:handleHallOverflow	8	static
../Core/Src/stm32g0xx_it.c:161:6:HAL_ADC_ConvCpltCallback	8	static
../Core/Src/stm32g0xx_it.c:178:6:acceptDataIfAddressMatch	16	static
../Core/Src/stm32g0xx_it.c:188:6:HAL_UART_RxCpltCallback	8	static
../Core/Src/stm32g0xx_it.c:197:6:display_handleReception	16	static
../Core/Src/stm32g0xx_it.c:207:6:display_parse	8	static
../Core/Src/stm32g0xx_it.c:214:6:NMI_Handler	0	static
../Core/Src/stm32g0xx_it.c:229:6:HardFault_Handler	0	static
../Core/Src/stm32g0xx_it.c:244:6:SVC_Handler	0	static
../Core/Src/stm32g0xx_it.c:257:6:PendSV_Handler	0	static
../Core/Src/stm32g0xx_it.c:270:6:SysTick_Handler	8	static
../Core/Src/stm32g0xx_it.c:291:6:EXTI2_3_IRQHandler	8	static
../Core/Src/stm32g0xx_it.c:306:6:DMA1_Channel1_IRQHandler	8	static
../Core/Src/stm32g0xx_it.c:320:6:ADC1_IRQHandler	8	static
../Core/Src/stm32g0xx_it.c:334:6:TIM1_BRK_UP_TRG_COM_IRQHandler	8	static
../Core/Src/stm32g0xx_it.c:348:6:TIM1_CC_IRQHandler	8	static
../Core/Src/stm32g0xx_it.c:362:6:TIM3_IRQHandler	16	static
../Core/Src/stm32g0xx_it.c:380:6:TIM14_IRQHandler	8	static
../Core/Src/stm32g0xx_it.c:420:6:TIM17_IRQHandler	8	static
../Core/Src/stm32g0xx_it.c:460:6:USART1_IRQHandler	8	static
