../Core/Src/stm32g0xx_it.c:95:6:NMI_Handler	0	static
../Core/Src/stm32g0xx_it.c:110:6:HardFault_Handler	0	static
../Core/Src/stm32g0xx_it.c:125:6:SVC_Handler	0	static
../Core/Src/stm32g0xx_it.c:138:6:PendSV_Handler	0	static
../Core/Src/stm32g0xx_it.c:151:6:SysTick_Handler	8	static
../Core/Src/stm32g0xx_it.c:172:6:EXTI2_3_IRQHandler	8	static
../Core/Src/stm32g0xx_it.c:187:6:DMA1_Channel1_IRQHandler	8	static
../Core/Src/stm32g0xx_it.c:201:6:ADC1_IRQHandler	8	static
../Core/Src/stm32g0xx_it.c:215:6:TIM1_BRK_UP_TRG_COM_IRQHandler	8	static
../Core/Src/stm32g0xx_it.c:229:6:TIM1_CC_IRQHandler	8	static
../Core/Src/stm32g0xx_it.c:243:6:TIM3_IRQHandler	16	static
../Core/Src/stm32g0xx_it.c:293:6:TIM14_IRQHandler	8	static
../Core/Src/stm32g0xx_it.c:321:6:TIM17_IRQHandler	16	static
../Core/Src/stm32g0xx_it.c:361:6:USART1_IRQHandler	8	static
../Core/Src/stm32g0xx_it.c:373:6:motorenable	8	static
../Core/Src/stm32g0xx_it.c:388:6:motordisable	8	static
../Core/Src/stm32g0xx_it.c:404:6:HAL_GPIO_EXTI_Rising_Callback	8	static
../Core/Src/stm32g0xx_it.c:414:6:HAL_ADC_ConvCpltCallback	8	static
../Core/Src/stm32g0xx_it.c:431:6:acceptDataIfAddressMatch	16	static
../Core/Src/stm32g0xx_it.c:441:6:HAL_UART_RxCpltCallback	8	static
../Core/Src/stm32g0xx_it.c:450:6:display_handleReception	16	static
../Core/Src/stm32g0xx_it.c:460:6:display_parse	8	static
