../DMC/Cruise_control/cruiseControl.c:12:6:update_time	0	static
../DMC/Cruise_control/cruiseControl.c:16:6:setBaseThrottleValue	0	static
../DMC/Cruise_control/cruiseControl.c:21:6:checkThrottlePosition	8	static
../DMC/Cruise_control/cruiseControl.c:35:6:cruise_start	0	static
../DMC/Cruise_control/cruiseControl.c:44:6:cruise_stop	0	static
../DMC/Cruise_control/cruiseControl.c:49:6:cruise_toggle	12	static
../DMC/Cruise_control/cruiseControl.c:59:6:setAutoCruiseIfThrottleStable	12	static
../DMC/Cruise_control/cruiseControl.c:67:6:checkManualCruise	20	static
../DMC/Cruise_control/cruiseControl.c:74:6:cruise_handle	8	static
