../DMC/Taskhandler/taskhandler.c:19:6:get_hall_Pos	8	static
../DMC/Taskhandler/taskhandler.c:27:6:handle_HallOverflow	16	static
../DMC/Taskhandler/taskhandler.c:36:6:handle_Hallchange	24	static
../DMC/Taskhandler/taskhandler.c:54:6:update_ADC	8	static
../DMC/Taskhandler/taskhandler.c:60:6:fast_loop	16	static
../DMC/Taskhandler/taskhandler.c:77:6:update_brakevalue	0	static
../DMC/Taskhandler/taskhandler.c:81:6:update_present_time	0	static
../DMC/Taskhandler/taskhandler.c:86:6:slow_loop	16	static
